<html>
<body>
<pre>
<h1>µVision Build Log</h1>
<h2>Tool Versions:</h2>
IDE-Version: µVision V5.39.0.0
Copyright (C) 2023 ARM Ltd and ARM Germany GmbH. All rights reserved.
License Information: Melanie Polo, umng, LIC=X96CK-ZFSKX-HLTCL-00RXQ-TG590-ZR7NR
 
Tool Versions:
Toolchain:       MDK-ARM Plus  Version: 5.39.0.0
Toolchain Path:  C:\Keil_v5\ARM\ARMCLANG\Bin
C Compiler:      ArmClang.exe V6.21
Assembler:       Armasm.exe V6.21
Linker/Locator:  ArmLink.exe V6.21
Library Manager: ArmAr.exe V6.21
Hex Converter:   FromElf.exe V6.21
CPU DLL:         SARMCM3.DLL V5.39.0.0
Dialog DLL:      DCM.DLL V1.17.5.0
Target DLL:      UL2CM3.DLL V1.164.9.0
Dialog DLL:      TCM.DLL V1.56.4.0
 
<h2>Project:</h2>
C:\Users\melan\Documents\DECIMO SEMESTRE MECATRONICA\Sistemas embebidos\EJEM_2EDI_1_08_2024\EJEM_2EDI_1_08_2024\MAQUETA_STM32\RelojDespertador.uvprojx
Project File Date:  08/20/2024

<h2>Output:</h2>
*** Using Compiler 'V6.21', folder: 'C:\Keil_v5\ARM\ARMCLANG\Bin'
Rebuild target 'Target 1'
compiling Bus.cpp...
compiling Dis7Seg.cpp...
compiling Captura.cpp...
compiling Dma.cpp...
compiling Contador.cpp...
compiling Flash.cpp...
compiling Dac.cpp...
compiling Delay.cpp...
compiling Encoder.cpp...
compiling Adc.cpp...
compiling GLcd.cpp...
compiling I2cBus.cpp...
compiling GLcd12864.cpp...
compiling ILIGLcd.cpp...
compiling I2c.cpp...
compiling Port.cpp...
compiling Pwm.cpp...
compiling I2cSoft.cpp...
compiling Nokia5110.cpp...
compiling Sh1106.cpp...
compiling Ssd1306.cpp...
compiling Lcd.cpp...
compiling SpiBus.cpp...
compiling Reloj.cpp...
compiling Bit.cpp...
compiling Spi.cpp...
compiling SpiSoft.cpp...
compiling Stm32f.cpp...
compiling Complejo.cpp...
compiling Teclado.cpp...
compiling Rtc.cpp...
compiling Usart.cpp...
compiling Pin.cpp...
compiling Timer.cpp...
compiling Mpu6050.cpp...
compiling Main.cpp...
compiling Lm75.cpp...
compiling Hcsr04.cpp...
compiling PCF8574.cpp...
compiling Bmp180.cpp...
compiling Qmc5883.cpp...
compiling Hmc5883.cpp...
compiling Lsm9ds1.cpp...
compiling Esp8266.cpp...
compiling RTX_Conf_CM.c...
compiling system_stm32f7xx.c...
assembling startup_stm32f746xx.s...
linking...
Program Size: Code=40800 RO-data=2632 RW-data=180 ZI-data=33164  
FromELF: creating hex file...
".\Objects\RelojDespertador.axf" - 0 Error(s), 0 Warning(s).

<h2>Software Packages used:</h2>

Package Vendor: ARM
                http://www.keil.com/pack/ARM.CMSIS.5.9.0.pack
                ARM::CMSIS@5.9.0
                CMSIS (Common Microcontroller Software Interface Standard)
   * Component: RTOS Version: 1.0.0
   * Component: CORE Version: 5.6.0
   * Component: Keil RTX Version: 4.82.0

Package Vendor: Keil
                https://www.keil.com/pack/Keil.STM32F7xx_DFP.2.16.0.pack
                Keil::STM32F7xx_DFP@2.16.0
                STMicroelectronics STM32F7 Series Device Support, Drivers and Examples
   * Component: Startup Version: 1.2.5

<h2>Collection of Component include folders:</h2>
  ./RTE/_Target_1
  C:/Users/melan/AppData/Local/Arm/Packs/ARM/CMSIS/5.9.0/CMSIS/Core/Include
  C:/Users/melan/AppData/Local/Arm/Packs/ARM/CMSIS/5.9.0/CMSIS/RTOS/RTX/INC
  C:/Users/melan/AppData/Local/Arm/Packs/Keil/STM32F7xx_DFP/2.16.0/Drivers/CMSIS/Device/ST/STM32F7xx/Include

<h2>Collection of Component Files used:</h2>

   * Component: ::CMSIS:RTOS(API)@1.0.0

   * Component: ARM::CMSIS:CORE@5.6.0

   * Component: ARM::CMSIS:RTOS:Keil RTX@4.82.0
      Source file:   CMSIS/RTOS/RTX/UserCodeTemplates/Mutex.c
      Source file:   CMSIS/RTOS/RTX/UserCodeTemplates/Semaphore.c
      Source file:   CMSIS/RTOS/RTX/UserCodeTemplates/MsgQueue.c
      Source file:   CMSIS/RTOS/RTX/UserCodeTemplates/Thread.c
      Source file:   CMSIS/RTOS/RTX/UserCodeTemplates/Timer.c
      Source file:   CMSIS/RTOS/RTX/UserCodeTemplates/MemPool.c
      Source file:   CMSIS/RTOS/RTX/SRC/ARM/SVC_Table.s
      Source file:   CMSIS/RTOS/RTX/UserCodeTemplates/MailQueue.c
      Include file:  CMSIS/RTOS/RTX/UserCodeTemplates/osObjects.h
      Include file:  CMSIS/RTOS/RTX/INC/cmsis_os.h
      Source file:   CMSIS/RTOS/RTX/Templates/RTX_Conf_CM.c
      Source file:   CMSIS/RTOS/RTX/UserCodeTemplates/main.c
      Library file:  CMSIS/RTOS/RTX/LIB/ARM/RTX_CM4.lib

   * Component: Keil::Device:Startup@1.2.5
      Include file:  Drivers/CMSIS/Device/ST/STM32F7xx/Include/stm32f7xx.h
      Source file:   MDK/Device/Source/ARM/STM32F74x_75x_OTP.s
      Source file:   MDK/Device/Source/ARM/STM32F74x_75x_OPT.s
      Source file:   Drivers/CMSIS/Device/ST/STM32F7xx/Source/Templates/arm/startup_stm32f746xx.s
      Source file:   Drivers/CMSIS/Device/ST/STM32F7xx/Source/Templates/system_stm32f7xx.c
Build Time Elapsed:  00:00:10
</pre>
</body>
</html>
