<html>
<body>
<pre>
<h1>µVision Build Log</h1>
<h2>Tool Versions:</h2>
IDE-Version: µVision V5.39.0.0
Copyright (C) 2023 ARM Ltd and ARM Germany GmbH. All rights reserved.
License Information: Melanie Polo, umng, LIC=X96CK-ZFSKX-HLTCL-00RXQ-TG590-ZR7NR
 
Tool Versions:
Toolchain:       MDK-ARM Plus  Version: 5.39.0.0
Toolchain Path:  C:\Keil_v5\ARM\ARMCLANG\Bin
C Compiler:      ArmClang.exe V6.21
Assembler:       Armasm.exe V6.21
Linker/Locator:  ArmLink.exe V6.21
Library Manager: ArmAr.exe V6.21
Hex Converter:   FromElf.exe V6.21
CPU DLL:         SARMCM3.DLL V5.39.0.0
Dialog DLL:      DCM.DLL V1.17.5.0
Target DLL:      UL2CM3.DLL V1.164.9.0
Dialog DLL:      TCM.DLL V1.56.4.0
 
<h2>Project:</h2>
C:\Users\melan\Documents\DECIMO SEMESTRE MECATRONICA\Sistemas embebidos\EJEM_2EDI_1_08_2024\EJEM_2EDI_1_08_2024\MAQUETA_STM32\RelojDespertador - copia.uvprojx
Project File Date:  08/17/2024

<h2>Output:</h2>
*** Using Compiler 'V6.21', folder: 'C:\Keil_v5\ARM\ARMCLANG\Bin'
Build target 'Target 1'
compiling Dis7Seg.cpp...
compiling Bus.cpp...
compiling Adc.cpp...
compiling Dac.cpp...
compiling Delay.cpp...
compiling Flash.cpp...
compiling Contador.cpp...
compiling Dma.cpp...
compiling Encoder.cpp...
compiling Captura.cpp...
compiling GLcd.cpp...
compiling I2cBus.cpp...
compiling GLcd12864.cpp...
compiling ILIGLcd.cpp...
compiling Nokia5110.cpp...
compiling I2c.cpp...
compiling Port.cpp...
compiling Lcd.cpp...
compiling I2cSoft.cpp...
compiling Ssd1306.cpp...
compiling Sh1106.cpp...
compiling Pwm.cpp...
compiling SpiBus.cpp...
compiling Reloj.cpp...
compiling Bit.cpp...
compiling Spi.cpp...
compiling Stm32f.cpp...
compiling SpiSoft.cpp...
compiling Teclado.cpp...
compiling Usart.cpp...
compiling Pin.cpp...
compiling Rtc.cpp...
compiling Complejo.cpp...
compiling Timer.cpp...
compiling Lm75.cpp...
compiling Mpu6050.cpp...
compiling Main.cpp...
compiling PCF8574.cpp...
compiling RTX_Conf_CM.c...
compiling system_stm32f4xx.c...
compiling Hcsr04.cpp...
compiling Bmp180.cpp...
compiling Hmc5883.cpp...
compiling Qmc5883.cpp...
compiling Esp8266.cpp...
compiling Lsm9ds1.cpp...
linking...
Program Size: Code=39948 RO-data=2580 RW-data=172 ZI-data=18988  
FromELF: creating hex file...
".\Objects\RelojDespertadorf.axf" - 0 Error(s), 0 Warning(s).

<h2>Software Packages used:</h2>

Package Vendor: ARM
                http://www.keil.com/pack/ARM.CMSIS.5.9.0.pack
                ARM::CMSIS@5.9.0
                CMSIS (Common Microcontroller Software Interface Standard)
   * Component: RTOS Version: 1.0.0
   * Component: CORE Version: 5.6.0
   * Component: Keil RTX Version: 4.82.0

Package Vendor: Keil
                https://www.keil.com/pack/Keil.STM32F4xx_DFP.2.17.1.pack
                Keil::STM32F4xx_DFP@2.17.1
                STMicroelectronics STM32F4 Series Device Support, Drivers and Examples
   * Component: Startup Version: 2.6.3

<h2>Collection of Component include folders:</h2>
  ./RTE/_Target_1
  C:/Users/melan/AppData/Local/Arm/Packs/ARM/CMSIS/5.9.0/CMSIS/Core/Include
  C:/Users/melan/AppData/Local/Arm/Packs/ARM/CMSIS/5.9.0/CMSIS/RTOS/RTX/INC
  C:/Users/melan/AppData/Local/Arm/Packs/Keil/STM32F4xx_DFP/2.17.1/Drivers/CMSIS/Device/ST/STM32F4xx/Include

<h2>Collection of Component Files used:</h2>

   * Component: ::CMSIS:RTOS(API)@1.0.0

   * Component: ARM::CMSIS:CORE@5.6.0

   * Component: ARM::CMSIS:RTOS:Keil RTX@4.82.0
      Source file:   CMSIS/RTOS/RTX/UserCodeTemplates/MemPool.c
      Source file:   CMSIS/RTOS/RTX/UserCodeTemplates/MsgQueue.c
      Source file:   CMSIS/RTOS/RTX/UserCodeTemplates/Mutex.c
      Source file:   CMSIS/RTOS/RTX/UserCodeTemplates/Semaphore.c
      Source file:   CMSIS/RTOS/RTX/UserCodeTemplates/Thread.c
      Source file:   CMSIS/RTOS/RTX/UserCodeTemplates/Timer.c
      Source file:   CMSIS/RTOS/RTX/SRC/ARM/SVC_Table.s
      Include file:  CMSIS/RTOS/RTX/INC/cmsis_os.h
      Source file:   CMSIS/RTOS/RTX/Templates/RTX_Conf_CM.c
      Include file:  CMSIS/RTOS/RTX/UserCodeTemplates/osObjects.h
      Source file:   CMSIS/RTOS/RTX/UserCodeTemplates/main.c
      Source file:   CMSIS/RTOS/RTX/UserCodeTemplates/MailQueue.c
      Library file:  CMSIS/RTOS/RTX/LIB/ARM/RTX_CM4.lib

   * Component: Keil::Device:Startup@2.6.3
      Source file:   MDK/Device/Source/ARM/STM32F401xx_OPT.s
      Source file:   Drivers/CMSIS/Device/ST/STM32F4xx/Source/Templates/arm/startup_stm32f401xe.s
      Include file:  Drivers/CMSIS/Device/ST/STM32F4xx/Include/stm32f4xx.h
      Source file:   MDK/Device/Source/ARM/STM32F4xx_OTP.s
      Source file:   Drivers/CMSIS/Device/ST/STM32F4xx/Source/Templates/system_stm32f4xx.c
Build Time Elapsed:  00:00:05
</pre>
</body>
</html>
