<html>
<body>
<pre>
<h1>µVision Build Log</h1>
<h2>Tool Versions:</h2>
IDE-Version: µVision V5.39.0.0
Copyright (C) 2023 ARM Ltd and ARM Germany GmbH. All rights reserved.
License Information: David Espejo, Espejo & Asociados, LIC=585FJ-UDRI2-309NC-7EBL5-8GH9A-M57DK
 
Tool Versions:
Toolchain:       MDK-ARM Plus  Version: 5.39.0.0
Toolchain Path:  C:\Keil_v5\ARM\ARMCLANG\Bin
C Compiler:      ArmClang.exe V6.21
Assembler:       Armasm.exe V6.21
Linker/Locator:  ArmLink.exe V6.21
Library Manager: ArmAr.exe V6.21
Hex Converter:   FromElf.exe V6.21
CPU DLL:         SARMCM3.DLL V5.39.0.0
Dialog DLL:      DCM.DLL V1.17.5.0
Target DLL:      STLink\ST-LINKIII-KEIL_SWO.dll V3.2.0.0
Dialog DLL:      TCM.DLL V1.56.4.0
 
<h2>Project:</h2>
C:\Users\espej\OneDrive - unimilitar.edu.co\Documentos\Universidad\10_semestre\Embebidos_RTOS\Tareas\Alarma\RelojDespertador.uvprojx
Project File Date:  08/26/2024

<h2>Output:</h2>
*** Using Compiler 'V6.21', folder: 'C:\Keil_v5\ARM\ARMCLANG\Bin'
Build target 'Target 1'
compiling Main.cpp...
linking...
Program Size: Code=40228 RO-data=2580 RW-data=676 ZI-data=33692  
FromELF: creating hex file...
".\Objects\RelojDespertadorr.axf" - 0 Error(s), 0 Warning(s).

<h2>Software Packages used:</h2>

Package Vendor: ARM
                https://www.keil.com/pack/ARM.CMSIS.6.1.0.pack
                ARM::CMSIS@6.1.0
                CMSIS (Common Microcontroller Software Interface Standard)
   * Component: CORE Version: 6.1.0

Package Vendor: ARM
                http://www.keil.com/pack/ARM.CMSIS.5.9.0.pack
                ARM::CMSIS@5.9.0
                CMSIS (Common Microcontroller Software Interface Standard)
   * Component: RTOS Version: 1.0.0
   * Component: Keil RTX Version: 4.82.0

Package Vendor: Keil
                https://www.keil.com/pack/Keil.STM32F4xx_DFP.2.17.1.pack
                Keil::STM32F4xx_DFP@2.17.1
                STMicroelectronics STM32F4 Series Device Support, Drivers and Examples
   * Component: Startup Version: 2.6.3

<h2>Collection of Component include folders:</h2>
  ./RTE/_Target_1
  C:/Users/espej/AppData/Local/Arm/Packs/ARM/CMSIS/5.9.0/CMSIS/RTOS/RTX/INC
  C:/Users/espej/AppData/Local/Arm/Packs/ARM/CMSIS/6.1.0/CMSIS/Core/Include
  C:/Users/espej/AppData/Local/Arm/Packs/Keil/STM32F4xx_DFP/2.17.1/Drivers/CMSIS/Device/ST/STM32F4xx/Include

<h2>Collection of Component Files used:</h2>

   * Component: ::CMSIS:RTOS(API)@1.0.0

   * Component: ARM::CMSIS:CORE@6.1.0

   * Component: ARM::CMSIS:RTOS:Keil RTX@4.82.0
      Include file:  CMSIS/RTOS/RTX/INC/cmsis_os.h
      Include file:  CMSIS/RTOS/RTX/UserCodeTemplates/osObjects.h
      Source file:   CMSIS/RTOS/RTX/UserCodeTemplates/MailQueue.c
      Library file:  CMSIS/RTOS/RTX/LIB/ARM/RTX_CM4.lib
      Source file:   CMSIS/RTOS/RTX/Templates/RTX_Conf_CM.c
      Source file:   CMSIS/RTOS/RTX/UserCodeTemplates/MsgQueue.c
      Source file:   CMSIS/RTOS/RTX/UserCodeTemplates/Thread.c
      Source file:   CMSIS/RTOS/RTX/UserCodeTemplates/Timer.c
      Source file:   CMSIS/RTOS/RTX/UserCodeTemplates/Mutex.c
      Source file:   CMSIS/RTOS/RTX/SRC/ARM/SVC_Table.s
      Source file:   CMSIS/RTOS/RTX/UserCodeTemplates/MemPool.c
      Source file:   CMSIS/RTOS/RTX/UserCodeTemplates/main.c
      Source file:   CMSIS/RTOS/RTX/UserCodeTemplates/Semaphore.c

   * Component: Keil::Device:Startup@2.6.3
      Source file:   MDK/Device/Source/ARM/STM32F4xx_OTP.s
      Include file:  Drivers/CMSIS/Device/ST/STM32F4xx/Include/stm32f4xx.h
      Source file:   Drivers/CMSIS/Device/ST/STM32F4xx/Source/Templates/arm/startup_stm32f401xe.s
      Source file:   MDK/Device/Source/ARM/STM32F401xx_OPT.s
      Source file:   Drivers/CMSIS/Device/ST/STM32F4xx/Source/Templates/system_stm32f4xx.c
Build Time Elapsed:  00:00:02
</pre>
</body>
</html>
