Component: Arm Compiler for Embedded 6.21 Tool: armlink [5ec1fa00]

==============================================================================

Section Cross References

    adc.o(.text._ZN3AdcC2Ev) refers to adc.o(.text._ZN3PinC2Ev) for Pin::Pin__sub_object()
    adc.o(.ARM.exidx.text._ZN3AdcC2Ev) refers to adc.o(.text._ZN3AdcC2Ev) for [Anonymous Symbol]
    adc.o(.text._ZN3Adc6SetAdcEh) refers to pin.o(.text._Z5PCLK2v) for PCLK2()
    adc.o(.text._ZN3Adc6SetAdcEh) refers to dflt_clz.o(x$fpl$dfltu) for __aeabi_ui2d
    adc.o(.text._ZN3Adc6SetAdcEh) refers to ddiv.o(x$fpl$ddiv) for __aeabi_ddiv
    adc.o(.text._ZN3Adc6SetAdcEh) refers to dcmp.o(x$fpl$fcmp) for __aeabi_dcmple
    adc.o(.text._ZN3Adc6SetAdcEh) refers to dmul.o(x$fpl$dmul) for __aeabi_dmul
    adc.o(.ARM.exidx.text._ZN3Adc6SetAdcEh) refers to adc.o(.text._ZN3Adc6SetAdcEh) for [Anonymous Symbol]
    adc.o(.ARM.exidx.text._ZN3Adc12RegularGroupEiiiiiiiiiiiiiiii) refers to adc.o(.text._ZN3Adc12RegularGroupEiiiiiiiiiiiiiiii) for [Anonymous Symbol]
    adc.o(.ARM.exidx.text._ZN3Adc13InjectedGroupEiiii) refers to adc.o(.text._ZN3Adc13InjectedGroupEiiii) for [Anonymous Symbol]
    adc.o(.text._ZN3Adc10AnalogoPinEiiiiiiiiiiiiiiii) refers to pin.o(.text._ZN3Pin7AnalogoEh) for Pin::Analogo(unsigned char)
    adc.o(.ARM.exidx.text._ZN3Adc10AnalogoPinEiiiiiiiiiiiiiiii) refers to adc.o(.text._ZN3Adc10AnalogoPinEiiiiiiiiiiiiiiii) for [Anonymous Symbol]
    adc.o(.ARM.exidx.text._ZN3Adc15GetRegularCanalEh) refers to adc.o(.text._ZN3Adc15GetRegularCanalEh) for [Anonymous Symbol]
    adc.o(.ARM.exidx.text._ZN3Adc14GetRegularDataEv) refers to adc.o(.text._ZN3Adc14GetRegularDataEv) for [Anonymous Symbol]
    adc.o(.text._ZN3Adc14GetRegularDataERt) refers to adc.o(.text._ZN3Adc14GetRegularDataEv) for Adc::GetRegularData()
    adc.o(.ARM.exidx.text._ZN3Adc14GetRegularDataERt) refers to adc.o(.text._ZN3Adc14GetRegularDataERt) for [Anonymous Symbol]
    adc.o(.ARM.exidx.text._ZN3Adc15GetInjectedDataERtS0_S0_S0_) refers to adc.o(.text._ZN3Adc15GetInjectedDataERtS0_S0_S0_) for [Anonymous Symbol]
    adc.o(.ARM.exidx.text._ZN3Adc15GetInjectedDataERtS0_S0_) refers to adc.o(.text._ZN3Adc15GetInjectedDataERtS0_S0_) for [Anonymous Symbol]
    adc.o(.ARM.exidx.text._ZN3Adc15GetInjectedDataERtS0_) refers to adc.o(.text._ZN3Adc15GetInjectedDataERtS0_) for [Anonymous Symbol]
    adc.o(.ARM.exidx.text._ZN3Adc15GetInjectedDataERt) refers to adc.o(.text._ZN3Adc15GetInjectedDataERt) for [Anonymous Symbol]
    adc.o(.ARM.exidx.text._ZN3Adc15GetInjectedDataEv) refers to adc.o(.text._ZN3Adc15GetInjectedDataEv) for [Anonymous Symbol]
    adc.o(.ARM.exidx.text._ZN3Adc19GetRegularApuntadorEv) refers to adc.o(.text._ZN3Adc19GetRegularApuntadorEv) for [Anonymous Symbol]
    adc.o(.ARM.exidx.text._ZN3Adc20GetInjectedApuntadorEi) refers to adc.o(.text._ZN3Adc20GetInjectedApuntadorEi) for [Anonymous Symbol]
    adc.o(.ARM.exidx.text._ZN3Adc3DmaEb) refers to adc.o(.text._ZN3Adc3DmaEb) for [Anonymous Symbol]
    adc.o(.text._Z10GetAnalogoh) refers to adc.o(.text._ZN3AdcC2Ev) for Adc::Adc()
    adc.o(.text._Z10GetAnalogoh) refers to adc.o(.text._ZN3Adc6SetAdcEh) for Adc::SetAdc(unsigned char)
    adc.o(.text._Z10GetAnalogoh) refers to adc.o(.text._ZN3Adc10AnalogoPinEiiiiiiiiiiiiiiii) for Adc::AnalogoPin(int, int, int, int, int, int, int, int, int, int, int, int, int, int, int, int)
    adc.o(.text._Z10GetAnalogoh) refers to adc.o(.text._ZN3Adc12RegularGroupEiiiiiiiiiiiiiiii) for Adc::RegularGroup(int, int, int, int, int, int, int, int, int, int, int, int, int, int, int, int)
    adc.o(.text._Z10GetAnalogoh) refers to adc.o(.text._ZN3Adc14GetRegularDataEv) for Adc::GetRegularData()
    adc.o(.ARM.exidx.text._Z10GetAnalogoh) refers to adc.o(.text._Z10GetAnalogoh) for [Anonymous Symbol]
    bus.o(.text._ZN3BusC2Ev) refers to bus.o(.rodata._ZTV3Bus) for vtable for Bus
    bus.o(.ARM.exidx.text._ZN3BusC2Ev) refers to bus.o(.text._ZN3BusC2Ev) for [Anonymous Symbol]
    bus.o(.text._ZN3BusD2Ev) refers to bus.o(.rodata._ZTV3Bus) for vtable for Bus
    bus.o(.text._ZN3BusD2Ev) refers to new.cpp.o(.text._ZdlPv) for operator delete(void*)
    bus.o(.ARM.exidx.text._ZN3BusD2Ev) refers to bus.o(.text._ZN3BusD2Ev) for [Anonymous Symbol]
    bus.o(.ARM.exidx.text._ZN3Bus7GetBitsEv) refers to bus.o(.text._ZN3Bus7GetBitsEv) for [Anonymous Symbol]
    bus.o(.text._ZN3Bus7SetBitsEh) refers to new.cpp.o(.text._Znaj) for operator new[](unsigned int)
    bus.o(.ARM.exidx.text._ZN3Bus7SetBitsEh) refers to bus.o(.text._ZN3Bus7SetBitsEh) for [Anonymous Symbol]
    bus.o(.ARM.exidx.text._ZN3Bus6SetBusEt) refers to bus.o(.text._ZN3Bus6SetBusEt) for [Anonymous Symbol]
    bus.o(.ARM.exidx.text._ZN3Bus6GetBusEv) refers to bus.o(.text._ZN3Bus6GetBusEv) for [Anonymous Symbol]
    bus.o(.ARM.exidx.text._ZN3Bus6GetBitEh) refers to bus.o(.text._ZN3Bus6GetBitEh) for [Anonymous Symbol]
    bus.o(.ARM.exidx.text._ZN3Bus6SetBitEhb) refers to bus.o(.text._ZN3Bus6SetBitEhb) for [Anonymous Symbol]
[...]
    .L.str.7                                 0x08004668   Data          15  main.o(.rodata.str1.1)
    .init_array                              0x080046a8   Section        0  init_aeabi.o(.init_array)
    .data                                    0x20000004   Section        8  rt_cmsis.o(.data)
    .data                                    0x2000000c   Section        8  rt_task.o(.data)
    os_lock                                  0x20000014   Data           1  rt_system.o(.data)
    .data                                    0x20000014   Section        8  rt_system.o(.data)
    os_psh_flag                              0x20000015   Data           1  rt_system.o(.data)
    pend_flags                               0x20000016   Data           1  rt_system.o(.data)
    .data                                    0x2000001c   Section        4  rt_time.o(.data)
    .data                                    0x20000020   Section        8  rt_robin.o(.data)
    .data                                    0x20000028   Section        1  hal_cm.o(.data)
    .bss                                     0x20000030   Section       52  rt_task.o(.bss)
    .bss                                     0x20000064   Section       48  rt_list.o(.bss)
    .bss                                     0x20000094   Section       96  libspace.o(.bss)
    V_PI                                     0x20000228   Data           8  complejo.o(.bss._ZL4V_PI)
    [Anonymous Symbol]                       0x20000228   Section        0  complejo.o(.bss._ZL4V_PI)
    _PI_                                     0x20000230   Data           8  hmc5883.o(.bss._ZL4_PI_)
    [Anonymous Symbol]                       0x20000230   Section        0  hmc5883.o(.bss._ZL4_PI_)
    _PI_                                     0x20000238   Data           8  qmc5883.o(.bss._ZL4_PI_)
    [Anonymous Symbol]                       0x20000238   Section        0  qmc5883.o(.bss._ZL4_PI_)
    Heap_Mem                                 0x20000af8   Data         512  startup_stm32f401xe.o(HEAP)
    HEAP                                     0x20000af8   Section      512  startup_stm32f401xe.o(HEAP)
    Stack_Mem                                0x20000cf8   Data        1024  startup_stm32f401xe.o(STACK)
    STACK                                    0x20000cf8   Section     1024  startup_stm32f401xe.o(STACK)
    __initial_sp                             0x200010f8   Data           0  startup_stm32f401xe.o(STACK)

    Global Symbols

    Symbol Name                              Value     Ov Type        Size  Object(Section)

    BuildAttributes$$THM_ISAv4$E$P$D$K$B$S$7EM$VFPi3$EXTD16$VFPS$VFMA$PE$A:L22UL41UL21$X:L11$S22US41US21$IEEE1$IW$~IW$USESV6$~STKCKD$USESV7$~SHL$OTIME$ROPI$IEEEX$EBA8$UX$STANDARDLIB$REQ8$PRES8$EABIv2 0x00000000   Number         0  anon$$obj.o ABSOLUTE
    _printf_flags                            0x00000000   Number         0  printf_stubs.o ABSOLUTE
    _printf_return_value                     0x00000000   Number         0  printf_stubs.o ABSOLUTE
    _printf_sizespec                         0x00000000   Number         0  printf_stubs.o ABSOLUTE
    _printf_widthprec                        0x00000000   Number         0  printf_stubs.o ABSOLUTE
    __ARM_exceptions_init                     - Undefined Weak Reference
    __alloca_initialize                       - Undefined Weak Reference
    __arm_preinit_                            - Undefined Weak Reference
    __arm_relocate_pie_                       - Undefined Weak Reference
    __cxa_finalize                            - Undefined Weak Reference
    __sigvec_lookup                           - Undefined Weak Reference
    __user_heap_extent                        - Undefined Weak Reference
    _atexit_init                              - Undefined Weak Reference
    _call_atexit_fns                          - Undefined Weak Reference
    _clock_init                               - Undefined Weak Reference
    _fp_trap_init                             - Undefined Weak Reference
    _fp_trap_shutdown                         - Undefined Weak Reference
    _get_lc_collate                           - Undefined Weak Reference
    _get_lc_monetary                          - Undefined Weak Reference
    _get_lc_time                              - Undefined Weak Reference
    _getenv_init                              - Undefined Weak Reference
    _handle_redirection                       - Undefined Weak Reference
    _initio                                   - Undefined Weak Reference
    _mutex_free                               - Undefined Weak Reference
    _printf_mbtowc                            - Undefined Weak Reference
    _printf_wc                                - Undefined Weak Reference
    _rand_init                                - Undefined Weak Reference
    _signal_finish                            - Undefined Weak Reference
    _signal_init                              - Undefined Weak Reference
    _terminateio                              - Undefined Weak Reference
    __Vectors_Size                           0x00000194   Number         0  startup_stm32f401xe.o ABSOLUTE
    __RL_RTX_VER                             0x00000482   Number         0  rt_system.o ABSOLUTE
    __Vectors                                0x08000000   Data           4  startup_stm32f401xe.o(RESET)
    __Vectors_End                            0x08000194   Data           0  startup_stm32f401xe.o(RESET)
    __main                                   0x08000195   Thumb Code     8  __main.o(!!!main)
    __scatterload                            0x0800019d   Thumb Code     0  __scatter.o(!!!scatter)
    __scatterload_rt2                        0x0800019d   Thumb Code    84  __scatter.o(!!!scatter)
    __scatterload_rt2_thumb_only             0x0800019d   Thumb Code     0  __scatter.o(!!!scatter)
    __scatterload_loop                       0x080001a7   Thumb Code     0  __scatter.o(!!!scatter)
    __scatterload_copy                       0x080001f9   Thumb Code    26  __scatter_copy.o(!!handler_copy)
    __scatterload_null                       0x08000215   Thumb Code     2  __scatter.o(!!handler_null)
    __scatterload_zeroinit                   0x08000219   Thumb Code    28  __scatter_zi.o(!!handler_zi)
    __rt_lib_init                            0x08000235   Thumb Code     0  libinit.o(.ARM.Collect$$libinit$$00000000)
    __rt_lib_init_fp_1                       0x08000237   Thumb Code     0  libinit2.o(.ARM.Collect$$libinit$$00000001)
    __rt_lib_init_alloca_1                   0x0800023b   Thumb Code     0  libinit2.o(.ARM.Collect$$libinit$$00000030)
    __rt_lib_init_argv_1                     0x0800023b   Thumb Code     0  libinit2.o(.ARM.Collect$$libinit$$0000002E)
    __rt_lib_init_atexit_1                   0x0800023b   Thumb Code     0  libinit2.o(.ARM.Collect$$libinit$$0000001D)
    __rt_lib_init_clock_1                    0x0800023b   Thumb Code     0  libinit2.o(.ARM.Collect$$libinit$$00000023)
    __rt_lib_init_cpp_2                      0x0800023b   Thumb Code     0  libinit2.o(.ARM.Collect$$libinit$$00000033)
    __rt_lib_init_exceptions_1               0x0800023b   Thumb Code     0  libinit2.o(.ARM.Collect$$libinit$$00000032)
    __rt_lib_init_fp_trap_1                  0x0800023b   Thumb Code     0  libinit2.o(.ARM.Collect$$libinit$$00000021)
    __rt_lib_init_getenv_1                   0x0800023b   Thumb Code     0  libinit2.o(.ARM.Collect$$libinit$$00000025)
    __rt_lib_init_heap_1                     0x0800023b   Thumb Code     0  libinit2.o(.ARM.Collect$$libinit$$0000000C)
    __rt_lib_init_lc_collate_1               0x0800023b   Thumb Code     0  libinit2.o(.ARM.Collect$$libinit$$00000013)
    __rt_lib_init_lc_ctype_1                 0x0800023b   Thumb Code     0  libinit2.o(.ARM.Collect$$libinit$$00000015)
    __rt_lib_init_lc_monetary_1              0x0800023b   Thumb Code     0  libinit2.o(.ARM.Collect$$libinit$$00000017)
    __rt_lib_init_lc_numeric_1               0x0800023b   Thumb Code     0  libinit2.o(.ARM.Collect$$libinit$$00000019)
    __rt_lib_init_lc_time_1                  0x0800023b   Thumb Code     0  libinit2.o(.ARM.Collect$$libinit$$0000001B)
    __rt_lib_init_preinit_1                  0x0800023b   Thumb Code     0  libinit2.o(.ARM.Collect$$libinit$$00000006)
    __rt_lib_init_rand_1                     0x0800023b   Thumb Code     0  libinit2.o(.ARM.Collect$$libinit$$00000010)
    __rt_lib_init_relocate_pie_1             0x0800023b   Thumb Code     0  libinit2.o(.ARM.Collect$$libinit$$00000004)
    __rt_lib_init_signal_1                   0x0800023b   Thumb Code     0  libinit2.o(.ARM.Collect$$libinit$$0000001F)
    __rt_lib_init_stdio_1                    0x0800023b   Thumb Code     0  libinit2.o(.ARM.Collect$$libinit$$00000027)
    __rt_lib_init_user_alloc_1               0x0800023b   Thumb Code     0  libinit2.o(.ARM.Collect$$libinit$$0000000E)
    __rt_lib_init_cpp_1                      0x0800023f   Thumb Code     0  libinit2.o(.ARM.Collect$$libinit$$00000034)
    __rt_lib_init_return                     0x0800023f   Thumb Code     0  libinit2.o(.ARM.Collect$$libinit$$00000035)
    __rt_lib_shutdown                        0x08000241   Thumb Code     0  libshutdown.o(.ARM.Collect$$libshutdown$$00000000)
    __rt_lib_shutdown_cpp_1                  0x08000243   Thumb Code     0  libshutdown2.o(.ARM.Collect$$libshutdown$$00000002)
    __rt_lib_shutdown_fp_trap_1              0x08000243   Thumb Code     0  libshutdown2.o(.ARM.Collect$$libshutdown$$00000007)
    __rt_lib_shutdown_heap_1                 0x08000243   Thumb Code     0  libshutdown2.o(.ARM.Collect$$libshutdown$$0000000F)
    __rt_lib_shutdown_return                 0x08000243   Thumb Code     0  libshutdown2.o(.ARM.Collect$$libshutdown$$00000010)
    __rt_lib_shutdown_signal_1               0x08000243   Thumb Code     0  libshutdown2.o(.ARM.Collect$$libshutdown$$0000000A)
    __rt_lib_shutdown_stdio_1                0x08000243   Thumb Code     0  libshutdown2.o(.ARM.Collect$$libshutdown$$00000004)
    __rt_lib_shutdown_user_alloc_1           0x08000243   Thumb Code     0  libshutdown2.o(.ARM.Collect$$libshutdown$$0000000C)
    __rt_entry                               0x08000245   Thumb Code     0  __rtentry.o(.ARM.Collect$$rtentry$$00000000)
    __rt_entry_presh_1                       0x08000245   Thumb Code     0  __rtentry2.o(.ARM.Collect$$rtentry$$00000002)
    __rt_entry_sh                            0x08000245   Thumb Code     0  __rtentry4.o(.ARM.Collect$$rtentry$$00000004)
    __rt_entry_li                            0x0800024b   Thumb Code     0  __rtentry2.o(.ARM.Collect$$rtentry$$0000000A)
    __rt_entry_postsh_1                      0x0800024b   Thumb Code     0  __rtentry2.o(.ARM.Collect$$rtentry$$00000009)
    __rt_entry_postli_1                      0x0800024f   Thumb Code     0  __rtentry2.o(.ARM.Collect$$rtentry$$0000000B)
    __rt_entry_main                          0x08000257   Thumb Code     0  __rtentry2.o(.ARM.Collect$$rtentry$$0000000D)
    __rt_exit                                0x0800025f   Thumb Code     0  rtexit.o(.ARM.Collect$$rtexit$$00000000)
    __rt_exit_ls                             0x08000261   Thumb Code     0  rtexit2.o(.ARM.Collect$$rtexit$$00000003)
    __rt_exit_prels_1                        0x08000261   Thumb Code     0  rtexit2.o(.ARM.Collect$$rtexit$$00000002)
    __rt_exit_exit                           0x08000265   Thumb Code     0  rtexit2.o(.ARM.Collect$$rtexit$$00000004)
    rt_set_PSP                               0x0800026d   Thumb Code     6  hal_cm4.o(.emb_text)
    rt_get_PSP                               0x08000273   Thumb Code     6  hal_cm4.o(.emb_text)
    os_set_env                               0x08000279   Thumb Code    24  hal_cm4.o(.emb_text)
    _alloc_box                               0x08000295   Thumb Code    28  hal_cm4.o(.emb_text)
    _free_box                                0x080002b5   Thumb Code    28  hal_cm4.o(.emb_text)
    SVC_Handler                              0x080002d5   Thumb Code   168  hal_cm4.o(.emb_text)
    PendSV_Handler                           0x0800038d   Thumb Code    96  hal_cm4.o(.emb_text)
    SysTick_Handler                          0x080003f1   Thumb Code     8  hal_cm4.o(.emb_text)
    OS_Tick_Handler                          0x080003f9   Thumb Code    12  hal_cm4.o(.emb_text)
    Reset_Handler                            0x08000405   Thumb Code     8  startup_stm32f401xe.o(.text)
    NMI_Handler                              0x0800040d   Thumb Code     2  startup_stm32f401xe.o(.text)
    HardFault_Handler                        0x0800040f   Thumb Code     2  startup_stm32f401xe.o(.text)
    MemManage_Handler                        0x08000411   Thumb Code     2  startup_stm32f401xe.o(.text)
    BusFault_Handler                         0x08000413   Thumb Code     2  startup_stm32f401xe.o(.text)
    UsageFault_Handler                       0x08000415   Thumb Code     2  startup_stm32f401xe.o(.text)
    DebugMon_Handler                         0x08000419   Thumb Code     2  startup_stm32f401xe.o(.text)
    ADC_IRQHandler                           0x0800041f   Thumb Code     0  startup_stm32f401xe.o(.text)
    DMA1_Stream0_IRQHandler                  0x0800041f   Thumb Code     0  startup_stm32f401xe.o(.text)
    DMA1_Stream1_IRQHandler                  0x0800041f   Thumb Code     0  startup_stm32f401xe.o(.text)
    DMA1_Stream2_IRQHandler                  0x0800041f   Thumb Code     0  startup_stm32f401xe.o(.text)
    DMA1_Stream3_IRQHandler                  0x0800041f   Thumb Code     0  startup_stm32f401xe.o(.text)
    DMA1_Stream4_IRQHandler                  0x0800041f   Thumb Code     0  startup_stm32f401xe.o(.text)
    DMA1_Stream5_IRQHandler                  0x0800041f   Thumb Code     0  startup_stm32f401xe.o(.text)
    DMA1_Stream6_IRQHandler                  0x0800041f   Thumb Code     0  startup_stm32f401xe.o(.text)
    DMA1_Stream7_IRQHandler                  0x0800041f   Thumb Code     0  startup_stm32f401xe.o(.text)
    DMA2_Stream0_IRQHandler                  0x0800041f   Thumb Code     0  startup_stm32f401xe.o(.text)
    DMA2_Stream1_IRQHandler                  0x0800041f   Thumb Code     0  startup_stm32f401xe.o(.text)
    DMA2_Stream2_IRQHandler                  0x0800041f   Thumb Code     0  startup_stm32f401xe.o(.text)
    DMA2_Stream3_IRQHandler                  0x0800041f   Thumb Code     0  startup_stm32f401xe.o(.text)
    DMA2_Stream4_IRQHandler                  0x0800041f   Thumb Code     0  startup_stm32f401xe.o(.text)
    DMA2_Stream5_IRQHandler                  0x0800041f   Thumb Code     0  startup_stm32f401xe.o(.text)
    DMA2_Stream6_IRQHandler                  0x0800041f   Thumb Code     0  startup_stm32f401xe.o(.text)
    DMA2_Stream7_IRQHandler                  0x0800041f   Thumb Code     0  startup_stm32f401xe.o(.text)
    FLASH_IRQHandler                         0x0800041f   Thumb Code     0  startup_stm32f401xe.o(.text)
    FPU_IRQHandler                           0x0800041f   Thumb Code     0  startup_stm32f401xe.o(.text)
    I2C1_ER_IRQHandler                       0x0800041f   Thumb Code     0  startup_stm32f401xe.o(.text)
    I2C2_ER_IRQHandler                       0x0800041f   Thumb Code     0  startup_stm32f401xe.o(.text)
    I2C3_ER_IRQHandler                       0x0800041f   Thumb Code     0  startup_stm32f401xe.o(.text)
    OTG_FS_IRQHandler                        0x0800041f   Thumb Code     0  startup_stm32f401xe.o(.text)
    OTG_FS_WKUP_IRQHandler                   0x0800041f   Thumb Code     0  startup_stm32f401xe.o(.text)
    PVD_IRQHandler                           0x0800041f   Thumb Code     0  startup_stm32f401xe.o(.text)
    RCC_IRQHandler                           0x0800041f   Thumb Code     0  startup_stm32f401xe.o(.text)
    RTC_WKUP_IRQHandler                      0x0800041f   Thumb Code     0  startup_stm32f401xe.o(.text)
    SDIO_IRQHandler                          0x0800041f   Thumb Code     0  startup_stm32f401xe.o(.text)
    SPI1_IRQHandler                          0x0800041f   Thumb Code     0  startup_stm32f401xe.o(.text)
    SPI2_IRQHandler                          0x0800041f   Thumb Code     0  startup_stm32f401xe.o(.text)
    SPI3_IRQHandler                          0x0800041f   Thumb Code     0  startup_stm32f401xe.o(.text)
    SPI4_IRQHandler                          0x0800041f   Thumb Code     0  startup_stm32f401xe.o(.text)
    TAMP_STAMP_IRQHandler                    0x0800041f   Thumb Code     0  startup_stm32f401xe.o(.text)
    TIM1_CC_IRQHandler                       0x0800041f   Thumb Code     0  startup_stm32f401xe.o(.text)
    WWDG_IRQHandler                          0x0800041f   Thumb Code     0  startup_stm32f401xe.o(.text)
    __user_initial_stackheap                 0x08000421   Thumb Code     0  startup_stm32f401xe.o(.text)
    __user_libspace                          0x08000445   Thumb Code     8  libspace.o(.text)
    __user_perproc_libspace                  0x08000445   Thumb Code     0  libspace.o(.text)
    __use_two_region_memory                  0x0800044d   Thumb Code     2  heapauxi.o(.text)
    __rt_heap_escrow                         0x0800044f   Thumb Code     2  heapauxi.o(.text)
    __rt_heap_expand                         0x08000451   Thumb Code     2  heapauxi.o(.text)
    __cpp_initialize__aeabi_                 0x08000455   Thumb Code    36  init_aeabi.o(.text)
    __user_setup_stackheap                   0x08000481   Thumb Code    74  sys_stackheap_outer.o(.text)
    exit                                     0x080004cb   Thumb Code    18  exit.o(.text)
    _sys_exit                                0x080004dd   Thumb Code     8  sys_exit.o(.text)
    __I$use$semihosting                      0x080004e9   Thumb Code     0  use_no_semi.o(.text)
    __use_no_semihosting_swi                 0x080004e9   Thumb Code     2  use_no_semi.o(.text)
    __semihosting_library_function           0x080004eb   Thumb Code     0  indicate_semi.o(.text)
    EXTI0_IRQHandler                         0x080004ed   Thumb Code    48  pin.o(.text.EXTI0_IRQHandler)
    EXTI15_10_IRQHandler                     0x0800051d   Thumb Code   388  pin.o(.text.EXTI15_10_IRQHandler)
    EXTI1_IRQHandler                         0x080006a1   Thumb Code    48  pin.o(.text.EXTI1_IRQHandler)
    EXTI2_IRQHandler                         0x080006d1   Thumb Code    48  pin.o(.text.EXTI2_IRQHandler)
    EXTI3_IRQHandler                         0x08000701   Thumb Code    48  pin.o(.text.EXTI3_IRQHandler)
    EXTI4_IRQHandler                         0x08000731   Thumb Code    48  pin.o(.text.EXTI4_IRQHandler)
    EXTI9_5_IRQHandler                       0x08000761   Thumb Code   324  pin.o(.text.EXTI9_5_IRQHandler)
    I2C1_EV_IRQHandler                       0x080008a5   Thumb Code   226  i2c.o(.text.I2C1_EV_IRQHandler)
    I2C2_EV_IRQHandler                       0x08000989   Thumb Code   226  i2c.o(.text.I2C2_EV_IRQHandler)
    I2C3_EV_IRQHandler                       0x08000a6d   Thumb Code   226  i2c.o(.text.I2C3_EV_IRQHandler)
    RTC_Alarm_IRQHandler                     0x08000b51   Thumb Code   168  rtc.o(.text.RTC_Alarm_IRQHandler)
    SystemCoreClockUpdate                    0x08000bf9   Thumb Code   302  system_stm32f4xx.o(.text.SystemCoreClockUpdate)
    SystemInit                               0x08000d29   Thumb Code    18  system_stm32f4xx.o(.text.SystemInit)
    TIM1_BRK_TIM9_IRQHandler                 0x08000d3d   Thumb Code    48  timer.o(.text.TIM1_BRK_TIM9_IRQHandler)
    TIM1_TRG_COM_TIM11_IRQHandler            0x08000d6d   Thumb Code    48  timer.o(.text.TIM1_TRG_COM_TIM11_IRQHandler)
    TIM1_UP_TIM10_IRQHandler                 0x08000d9d   Thumb Code    48  timer.o(.text.TIM1_UP_TIM10_IRQHandler)
    TIM2_IRQHandler                          0x08000dcd   Thumb Code    46  timer.o(.text.TIM2_IRQHandler)
    TIM3_IRQHandler                          0x08000dfd   Thumb Code    48  timer.o(.text.TIM3_IRQHandler)
    TIM4_IRQHandler                          0x08000e2d   Thumb Code    48  timer.o(.text.TIM4_IRQHandler)
    TIM5_IRQHandler                          0x08000e5d   Thumb Code    48  timer.o(.text.TIM5_IRQHandler)
    USART1_IRQHandler                        0x08000e8d   Thumb Code    94  usart.o(.text.USART1_IRQHandler)
    USART2_IRQHandler                        0x08000eed   Thumb Code    94  usart.o(.text.USART2_IRQHandler)
    USART6_IRQHandler                        0x08000f4d   Thumb Code    94  usart.o(.text.USART6_IRQHandler)
    writeString(char const*)                 0x08000fd9   Thumb Code    34  main.o(.text._Z11writeStringPKc)
    IniciarDelay()                           0x08000ffd   Thumb Code    40  delay.o(.text._Z12IniciarDelayv)
    lcdWriteData(unsigned char)              0x08001025   Thumb Code    28  main.o(.text._Z12lcdWriteDatah)
    HCLK()                                   0x08001041   Thumb Code    18  pin.o(.text._Z4HCLKv)
    PCLK1()                                  0x08001059   Thumb Code   224  pin.o(.text._Z5PCLK1v)
    PCLK2()                                  0x08001159   Thumb Code   224  pin.o(.text._Z5PCLK2v)
    Delay_us(unsigned int)                   0x08001259   Thumb Code   128  delay.o(.text._Z8Delay_usj)
    writeChar(char)                          0x080012e1   Thumb Code    96  main.o(.text._Z9writeCharc)
    Bit::GetBit()                            0x08001341   Thumb Code    16  bit.o(.text._ZN3Bit6GetBitEv)
    Bit::SetBit(bool)                        0x08001351   Thumb Code    24  bit.o(.text._ZN3Bit6SetBitEb)
    Bit::Bit()                               0x08001369   Thumb Code    26  bit.o(.text._ZN3BitC2Ev)
    Bit::Bit__sub_object()                   0x08001369   Thumb Code    26  bit.o(.text._ZN3BitC2Ev)
    Pin::DigitalOut(int)                     0x08001385   Thumb Code    28  pin.o(.text._ZN3Pin10DigitalOutEi)
    Pin::DigitalOut()                        0x080013a1   Thumb Code    56  pin.o(.text._ZN3Pin10DigitalOutEv)
    Pin::FuncionAlternativa(int, unsigned char) 0x080013d9   Thumb Code   156  pin.o(.text._ZN3Pin18FuncionAlternativaEih)
    Pin::Gpio(int)                           0x08001475   Thumb Code   330  pin.o(.text._ZN3Pin4GpioEi)
    Pin::GetBit()                            0x080015c1   Thumb Code    32  pin.o(.text._ZN3Pin6GetBitEv)
    Pin::SetBit(bool)                        0x080015e1   Thumb Code    62  pin.o(.text._ZN3Pin6SetBitEb)
    Pin::Pin__sub_object()                   0x08001621   Thumb Code    32  adc.o(.text._ZN3PinC2Ev)
    Pin::operator=(bool)                     0x08001641   Thumb Code    40  pin.o(.text._ZN3PinaSEb)
    Pin::operator>>(int)                     0x08001669   Thumb Code    20  pin.o(.text._ZN3PinrsEi)
    Spi::Lsb()                               0x0800167d   Thumb Code    20  spi.o(.text._ZN3Spi3LsbEv)
    Spi::Msb()                               0x08001691   Thumb Code    22  spi.o(.text._ZN3Spi3MsbEv)
    Spi::Modo(unsigned char)                 0x080016a9   Thumb Code    42  spi.o(.text._ZN3Spi4ModoEh)
    Spi::Iniciar(unsigned char, unsigned char, unsigned char, unsigned int) 0x080016d9   Thumb Code  1392  spi.o(.text._ZN3Spi7IniciarEhhhj)
    Spi::Iniciar(unsigned int)               0x08001c89   Thumb Code    34  spi.o(.text._ZN3Spi7IniciarEj)
    Spi::Iniciar()                           0x08001cad   Thumb Code    26  spi.o(.text._ZN3Spi7IniciarEv)
    Spi::TxRxDato(unsigned char)             0x08001cc9   Thumb Code    68  spi.o(.text._ZN3Spi8TxRxDatoEh)
    Spi::Spi()                               0x08001d0d   Thumb Code    62  spi.o(.text._ZN3SpiC2Ev)
    Spi::Spi__sub_object()                   0x08001d0d   Thumb Code    62  spi.o(.text._ZN3SpiC2Ev)
    Spi::operator=(unsigned char)            0x08001d4d   Thumb Code    30  spi.o(.text._ZN3SpiaSEh)
    Spi::operator unsigned char()            0x08001d6d   Thumb Code    20  spi.o(.text._ZN3SpicvhEv)
    SpiBus::Lsb()                            0x08001d81   Thumb Code     8  spibus.o(.text._ZN6SpiBus3LsbEv)
    SpiBus::Msb()                            0x08001d89   Thumb Code     8  spibus.o(.text._ZN6SpiBus3MsbEv)
    SpiBus::Modo(unsigned char)              0x08001d91   Thumb Code    12  spibus.o(.text._ZN6SpiBus4ModoEh)
    SpiBus::Iniciar(unsigned char, unsigned char, unsigned char, unsigned int) 0x08001d9d   Thumb Code    24  spibus.o(.text._ZN6SpiBus7IniciarEhhhj)
    SpiBus::Iniciar(unsigned char, unsigned char, unsigned char, unsigned int, bool, bool) 0x08001db5   Thumb Code    42  spibus.o(.text._ZN6SpiBus7IniciarEhhhjbb)
    SpiBus::Iniciar(unsigned int)            0x08001de1   Thumb Code    10  spibus.o(.text._ZN6SpiBus7IniciarEj)
    SpiBus::Iniciar()                        0x08001ded   Thumb Code     8  spibus.o(.text._ZN6SpiBus7IniciarEv)
    SpiBus::TxRxDato(unsigned char)          0x08001df5   Thumb Code    10  spibus.o(.text._ZN6SpiBus8TxRxDatoEh)
    SpiBus::SpiBus()                         0x08001e01   Thumb Code    22  spibus.o(.text._ZN6SpiBusC2Ev)
    SpiBus::SpiBus__sub_object()             0x08001e01   Thumb Code    22  spibus.o(.text._ZN6SpiBusC2Ev)
    SpiBus::operator=(unsigned char)         0x08001e19   Thumb Code    10  spibus.o(.text._ZN6SpiBusaSEh)
    SpiBus::operator unsigned char()         0x08001e25   Thumb Code     6  spibus.o(.text._ZN6SpiBuscvhEv)
    _mutex_acquire                           0x08001f31   Thumb Code    70  rtx_conf_cm.o(.text._mutex_acquire)
    _mutex_release                           0x08001f79   Thumb Code    54  rtx_conf_cm.o(.text._mutex_release)
    _platform_post_lib_init                  0x08001fb1   Thumb Code    26  rtx_conf_cm.o(.text._platform_post_lib_init)
    main                                     0x08001fcd   Thumb Code   294  main.o(.text.main)
    os_error                                 0x080020f5   Thumb Code    40  rtx_conf_cm.o(.text.os_error)
    os_idle_demon                            0x0800211d   Thumb Code     4  rtx_conf_cm.o(.text.os_idle_demon)
    SVC_Count                                0x08002120   Data           4  svc_table.o(SVC_TABLE)
    SVC_Table                                0x08002124   Data           0  svc_table.o(SVC_TABLE)
    __ARM_fpclassify                         0x08002125   Thumb Code    48  fpclassify.o(i.__ARM_fpclassify)
    __hardfp_atan                            0x08002159   Thumb Code   622  atan.o(i.__hardfp_atan)
    __kernel_poly                            0x08002431   Thumb Code   248  poly.o(i.__kernel_poly)
    __mathlib_dbl_infnan                     0x08002529   Thumb Code    20  dunder.o(i.__mathlib_dbl_infnan)
    __mathlib_dbl_underflow                  0x08002541   Thumb Code    24  dunder.o(i.__mathlib_dbl_underflow)
    _init_box                                0x08002561   Thumb Code    70  rt_membox.o(i._init_box)
    dbg_init                                 0x080025a9   Thumb Code    34  hal_cm.o(i.dbg_init)
    dbg_task_notify                          0x080025d9   Thumb Code    32  hal_cm.o(i.dbg_task_notify)
    dbg_task_switch                          0x080025f9   Thumb Code    16  hal_cm.o(i.dbg_task_switch)
    fabs                                     0x08002609   Thumb Code    24  fabs.o(i.fabs)
    isrMessageGet                            0x08002621   Thumb Code    42  rt_cmsis.o(i.isrMessageGet)
    isrMessagePut                            0x0800264b   Thumb Code    44  rt_cmsis.o(i.isrMessagePut)
    isr_mbx_receive                          0x08002679   Thumb Code    86  rt_mailbox.o(i.isr_mbx_receive)
    isr_mbx_send                             0x080026cf   Thumb Code    14  rt_mailbox.o(i.isr_mbx_send)
    osKernelInitialize                       0x080026dd   Thumb Code    30  rt_cmsis.o(i.osKernelInitialize)
    osKernelStart                            0x08002701   Thumb Code    98  rt_cmsis.o(i.osKernelStart)
    osMessageGet                             0x0800276d   Thumb Code    18  rt_cmsis.o(i.osMessageGet)
    osThreadCreate                           0x08002785   Thumb Code    36  rt_cmsis.o(i.osThreadCreate)
    osThreadExit                             0x080027b1   Thumb Code    14  rt_cmsis.o(i.osThreadExit)
    osTimerCall                              0x080027c9   Thumb Code     8  rt_cmsis.o(i.osTimerCall)
    osTimerThread                            0x080027d5   Thumb Code    38  rt_cmsis.o(i.osTimerThread)
    os_tick_init                             0x08002801   Thumb Code    32  rt_system.o(i.os_tick_init)
    os_tick_irqack                           0x08002829   Thumb Code     2  rt_system.o(i.os_tick_irqack)
    rt_alloc_box                             0x0800282b   Thumb Code    26  rt_membox.o(i.rt_alloc_box)
    rt_alloc_mem                             0x08002845   Thumb Code    62  rt_memory.o(i.rt_alloc_mem)
    rt_block                                 0x08002885   Thumb Code    48  rt_task.o(i.rt_block)
    rt_chk_robin                             0x080028bd   Thumb Code    60  rt_robin.o(i.rt_chk_robin)
    rt_dec_dly                               0x08002905   Thumb Code   102  rt_list.o(i.rt_dec_dly)
    rt_dispatch                              0x08002975   Thumb Code    60  rt_task.o(i.rt_dispatch)
    rt_evt_psh                               0x080029b9   Thumb Code    76  rt_event.o(i.rt_evt_psh)
    rt_free_box                              0x08002a09   Thumb Code    44  rt_membox.o(i.rt_free_box)
    rt_free_mem                              0x08002a35   Thumb Code    40  rt_memory.o(i.rt_free_mem)
    rt_get_first                             0x08002a5d   Thumb Code    40  rt_list.o(i.rt_get_first)
    rt_init_mem                              0x08002ad5   Thumb Code    26  rt_memory.o(i.rt_init_mem)
    rt_init_robin                            0x08002af1   Thumb Code    14  rt_robin.o(i.rt_init_robin)
    rt_init_stack                            0x08002b09   Thumb Code   118  hal_cm.o(i.rt_init_stack)
    rt_mbx_check                             0x08002b89   Thumb Code     8  rt_mailbox.o(i.rt_mbx_check)
    rt_mbx_init                              0x08002b91   Thumb Code    26  rt_mailbox.o(i.rt_mbx_init)
    rt_mbx_psh                               0x08002bad   Thumb Code   236  rt_mailbox.o(i.rt_mbx_psh)
    rt_mbx_wait                              0x08002c9d   Thumb Code   174  rt_mailbox.o(i.rt_mbx_wait)
    rt_mut_release                           0x08002d95   Thumb Code   208  rt_mutex.o(i.rt_mut_release)
    rt_mut_wait                              0x08002e6d   Thumb Code   114  rt_mutex.o(i.rt_mut_wait)
    rt_pop_req                               0x08002ee5   Thumb Code   112  rt_system.o(i.rt_pop_req)
    rt_psh_req                               0x08002f61   Thumb Code    22  rt_system.o(i.rt_psh_req)
    rt_psq_enq                               0x08002f81   Thumb Code    88  rt_list.o(i.rt_psq_enq)
    rt_put_dly                               0x08002fdd   Thumb Code    68  rt_list.o(i.rt_put_dly)
    rt_put_prio                              0x08003025   Thumb Code    54  rt_list.o(i.rt_put_prio)
    rt_put_rdy_first                         0x0800305d   Thumb Code    14  rt_list.o(i.rt_put_rdy_first)
    rt_resort_prio                           0x08003071   Thumb Code    46  rt_list.o(i.rt_resort_prio)
    rt_ret_val                               0x080030b5   Thumb Code    12  hal_cm.o(i.rt_ret_val)
    rt_ret_val2                              0x080030c1   Thumb Code    16  hal_cm.o(i.rt_ret_val2)
    rt_rmv_dly                               0x080030d1   Thumb Code    40  rt_list.o(i.rt_rmv_dly)
    rt_rmv_list                              0x080030f9   Thumb Code    44  rt_list.o(i.rt_rmv_list)
    rt_sem_psh                               0x08003129   Thumb Code    48  rt_semaphore.o(i.rt_sem_psh)
    rt_stk_check                             0x0800315d   Thumb Code    28  rt_system.o(i.rt_stk_check)
    rt_switch_req                            0x08003181   Thumb Code    30  rt_task.o(i.rt_switch_req)
    rt_sys_init                              0x080031a9   Thumb Code   138  rt_task.o(i.rt_sys_init)
    rt_sys_start                             0x08003275   Thumb Code   110  rt_task.o(i.rt_sys_start)
    rt_systick                               0x080032ed   Thumb Code    50  rt_system.o(i.rt_systick)
    rt_tsk_create                            0x08003375   Thumb Code   118  rt_task.o(i.rt_tsk_create)
    rt_tsk_delete                            0x080033fd   Thumb Code   352  rt_task.o(i.rt_tsk_delete)
    rt_tsk_prio                              0x08003579   Thumb Code   108  rt_task.o(i.rt_tsk_prio)
    rt_tsk_self                              0x080035f5   Thumb Code    12  rt_task.o(i.rt_tsk_self)
    svcKernelInitialize                      0x08003605   Thumb Code    80  rt_cmsis.o(i.svcKernelInitialize)
    svcKernelStart                           0x08003675   Thumb Code    62  rt_cmsis.o(i.svcKernelStart)
    svcMessageCreate                         0x080036bd   Thumb Code    36  rt_cmsis.o(i.svcMessageCreate)
    svcMessageGet                            0x080036e1   Thumb Code    58  rt_cmsis.o(i.svcMessageGet)
    svcThreadCreate                          0x0800371d   Thumb Code    96  rt_cmsis.o(i.svcThreadCreate)
    svcThreadGetId                           0x08003789   Thumb Code    22  rt_cmsis.o(i.svcThreadGetId)
    svcThreadTerminate                       0x080037a5   Thumb Code    50  rt_cmsis.o(i.svcThreadTerminate)
    svcTimerCall                             0x080037dd   Thumb Code    24  rt_cmsis.o(i.svcTimerCall)
    sysTimerTick                             0x080037f5   Thumb Code    84  rt_cmsis.o(i.sysTimerTick)
    __aeabi_dneg                             0x08003851   Thumb Code     0  basic.o(x$fpl$basic)
    _dneg                                    0x08003851   Thumb Code     6  basic.o(x$fpl$basic)
    __aeabi_fneg                             0x08003857   Thumb Code     0  basic.o(x$fpl$basic)
    _fneg                                    0x08003857   Thumb Code     6  basic.o(x$fpl$basic)
    _dabs                                    0x0800385d   Thumb Code     6  basic.o(x$fpl$basic)
    _fabs                                    0x08003863   Thumb Code     6  basic.o(x$fpl$basic)
    __aeabi_dadd                             0x08003869   Thumb Code     0  daddsub_clz.o(x$fpl$dadd)
    _dadd                                    0x08003869   Thumb Code   332  daddsub_clz.o(x$fpl$dadd)
    __fpl_dcmp_Inf                           0x080039b9   Thumb Code    24  dcmpi.o(x$fpl$dcmpinf)
    __aeabi_ddiv                             0x080039d1   Thumb Code     0  ddiv.o(x$fpl$ddiv)
    _ddiv                                    0x080039d1   Thumb Code   556  ddiv.o(x$fpl$ddiv)
    __aeabi_cdcmpeq                          0x08003c85   Thumb Code     0  deqf.o(x$fpl$deqf)
    _dcmpeq                                  0x08003c85   Thumb Code   120  deqf.o(x$fpl$deqf)
    __aeabi_d2uiz                            0x08003cfd   Thumb Code     0  dfixu.o(x$fpl$dfixu)
    _dfixu                                   0x08003cfd   Thumb Code    90  dfixu.o(x$fpl$dfixu)
    __aeabi_ui2d                             0x08003d57   Thumb Code     0  dflt_clz.o(x$fpl$dfltu)
    _dfltu                                   0x08003d57   Thumb Code    38  dflt_clz.o(x$fpl$dfltu)
    __aeabi_cdcmpge                          0x08003d7d   Thumb Code     0  dgeqf.o(x$fpl$dgeqf)
    _dcmpge                                  0x08003d7d   Thumb Code   120  dgeqf.o(x$fpl$dgeqf)
    __aeabi_cdcmple                          0x08003df5   Thumb Code     0  dleqf.o(x$fpl$dleqf)
    _dcmple                                  0x08003df5   Thumb Code   120  dleqf.o(x$fpl$dleqf)
    __fpl_dcmple_InfNaN                      0x08003e57   Thumb Code     0  dleqf.o(x$fpl$dleqf)
    __aeabi_dmul                             0x08003e6d   Thumb Code     0  dmul.o(x$fpl$dmul)
    _dmul                                    0x08003e6d   Thumb Code   332  dmul.o(x$fpl$dmul)
    __fpl_dnaninf                            0x08003fc1   Thumb Code   156  dnaninf.o(x$fpl$dnaninf)
    __fpl_dretinf                            0x0800405d   Thumb Code    12  dretinf.o(x$fpl$dretinf)
    __aeabi_drsub                            0x08004069   Thumb Code     0  daddsub_clz.o(x$fpl$drsb)
    _drsb                                    0x08004069   Thumb Code    22  daddsub_clz.o(x$fpl$drsb)
    __aeabi_dsub                             0x08004081   Thumb Code     0  daddsub_clz.o(x$fpl$dsub)
    _dsub                                    0x08004081   Thumb Code   472  daddsub_clz.o(x$fpl$dsub)
    __aeabi_dcmpeq                           0x0800425d   Thumb Code     0  dcmp.o(x$fpl$fcmp)
    _deq                                     0x0800425d   Thumb Code    14  dcmp.o(x$fpl$fcmp)
    _dneq                                    0x0800426b   Thumb Code    14  dcmp.o(x$fpl$fcmp)
    __aeabi_dcmpgt                           0x08004279   Thumb Code     0  dcmp.o(x$fpl$fcmp)
    _dgr                                     0x08004279   Thumb Code    14  dcmp.o(x$fpl$fcmp)
    __aeabi_dcmpge                           0x08004287   Thumb Code     0  dcmp.o(x$fpl$fcmp)
    _dgeq                                    0x08004287   Thumb Code    14  dcmp.o(x$fpl$fcmp)
    __aeabi_dcmple                           0x08004295   Thumb Code     0  dcmp.o(x$fpl$fcmp)
    _dleq                                    0x08004295   Thumb Code    14  dcmp.o(x$fpl$fcmp)
    __aeabi_dcmplt                           0x080042a3   Thumb Code     0  dcmp.o(x$fpl$fcmp)
    _dls                                     0x080042a3   Thumb Code    14  dcmp.o(x$fpl$fcmp)
    _fp_init                                 0x080042b1   Thumb Code    26  fpinit.o(x$fpl$fpinit)
    __fplib_config_fpu_vfp                   0x080042c9   Thumb Code     0  fpinit.o(x$fpl$fpinit)
    __fplib_config_pureend_doubles           0x080042c9   Thumb Code     0  fpinit.o(x$fpl$fpinit)
    __I$use$fp                               0x080042ca   Number         0  usenofp.o(x$fpl$usenofp)
    AHBPrescTable                            0x08004368   Data          16  system_stm32f4xx.o(.rodata.AHBPrescTable)
    CMSIS_RTOS_API_Version                   0x08004378   Data           4  rtx_conf_cm.o(.rodata.CMSIS_RTOS_API_Version)
    CMSIS_RTOS_RTX_Version                   0x0800437c   Data           4  rtx_conf_cm.o(.rodata.CMSIS_RTOS_RTX_Version)
    vtable for Bit                           0x08004560   Data          16  bit.o(.rodata._ZTV3Bit)
    vtable for Pin                           0x08004570   Data          16  pin.o(.rodata._ZTV3Pin)
    vtable for Spi                           0x08004580   Data          48  spi.o(.rodata._ZTV3Spi)
    vtable for SpiBus                        0x080045b0   Data          48  spibus.o(.rodata._ZTV6SpiBus)
    mp_stk_size                              0x080045e0   Data           4  rtx_conf_cm.o(.rodata.mp_stk_size)
    mp_tcb_size                              0x080045e4   Data           2  rtx_conf_cm.o(.rodata.mp_tcb_size)
    mp_tmr_size                              0x080045e6   Data           2  rtx_conf_cm.o(.rodata.mp_tmr_size)
    os_clockrate                             0x080045e8   Data           4  rtx_conf_cm.o(.rodata.os_clockrate)
    os_fifo_size                             0x080045ec   Data           1  rtx_conf_cm.o(.rodata.os_fifo_size)
    os_flags                                 0x080045ed   Data           1  rtx_conf_cm.o(.rodata.os_flags)
    os_maxtaskrun                            0x080045ee   Data           2  rtx_conf_cm.o(.rodata.os_maxtaskrun)
    os_messageQ_def_osTimerMessageQ          0x080045f0   Data           8  rtx_conf_cm.o(.rodata.os_messageQ_def_osTimerMessageQ)
    os_rrobin                                0x080045f8   Data           4  rtx_conf_cm.o(.rodata.os_rrobin)
    os_stack_sz                              0x080045fc   Data           4  rtx_conf_cm.o(.rodata.os_stack_sz)
    os_stackinfo                             0x08004600   Data           4  rtx_conf_cm.o(.rodata.os_stackinfo)
    os_thread_def_main                       0x08004604   Data          16  rtx_conf_cm.o(.rodata.os_thread_def_main)
    os_thread_def_osTimerThread              0x08004614   Data          16  rtx_conf_cm.o(.rodata.os_thread_def_osTimerThread)
    os_timernum                              0x08004624   Data           4  rtx_conf_cm.o(.rodata.os_timernum)
    os_trv                                   0x08004628   Data           4  rtx_conf_cm.o(.rodata.os_trv)
    Region$$Table$$Base                      0x08004678   Number         0  anon$$obj.o(Region$$Table)
    Region$$Table$$Limit                     0x08004698   Number         0  anon$$obj.o(Region$$Table)
    SHT$$INIT_ARRAY$$Base                    0x08004698   Number         0  complejo.o(.init_array)
    SHT$$INIT_ARRAY$$Limit                   0x080046a8   Number         0  init_aeabi.o(.init_array)
    __ARM_use_no_argv                        0x20000000   Data           4  main.o(.ARM.use_no_argv)
    os_initialized                           0x20000004   Data           1  rt_cmsis.o(.data)
    os_running                               0x20000005   Data           1  rt_cmsis.o(.data)
    os_timer_head                            0x20000008   Data           4  rt_cmsis.o(.data)
    os_tsk                                   0x2000000c   Data           8  rt_task.o(.data)
    os_tick_irqn                             0x20000018   Data           4  rt_system.o(.data)
    os_time                                  0x2000001c   Data           4  rt_time.o(.data)
    os_robin                                 0x20000020   Data           8  rt_robin.o(.data)
    dbg_msg                                  0x20000028   Data           1  hal_cm.o(.data)
    SystemCoreClock                          0x2000002c   Data           4  system_stm32f4xx.o(.data.SystemCoreClock)
    os_idle_TCB                              0x20000030   Data          52  rt_task.o(.bss)
    os_rdy                                   0x20000064   Data          24  rt_list.o(.bss)
    os_dly                                   0x2000007c   Data          24  rt_list.o(.bss)
    __libspace_start                         0x20000094   Data          96  libspace.o(.bss)
    CE                                       0x200000f4   Data          24  main.o(.bss.CE)
    __temporary_stack_top$libspace           0x200000f4   Data           0  libspace.o(.bss)
    DC                                       0x2000010c   Data          24  main.o(.bss.DC)
    FunAlarA                                 0x20000124   Data           4  rtc.o(.bss.FunAlarA)
    FunAlarB                                 0x20000128   Data           4  rtc.o(.bss.FunAlarB)
    FunExti0                                 0x2000012c   Data           4  pin.o(.bss.FunExti0)
    FunExti1                                 0x20000130   Data           4  pin.o(.bss.FunExti1)
    FunExti10                                0x20000134   Data           4  pin.o(.bss.FunExti10)
    FunExti11                                0x20000138   Data           4  pin.o(.bss.FunExti11)
    FunExti12                                0x2000013c   Data           4  pin.o(.bss.FunExti12)
    FunExti13                                0x20000140   Data           4  pin.o(.bss.FunExti13)
    FunExti14                                0x20000144   Data           4  pin.o(.bss.FunExti14)
    FunExti15                                0x20000148   Data           4  pin.o(.bss.FunExti15)
    FunExti2                                 0x2000014c   Data           4  pin.o(.bss.FunExti2)
    FunExti3                                 0x20000150   Data           4  pin.o(.bss.FunExti3)
    FunExti4                                 0x20000154   Data           4  pin.o(.bss.FunExti4)
    FunExti5                                 0x20000158   Data           4  pin.o(.bss.FunExti5)
    FunExti6                                 0x2000015c   Data           4  pin.o(.bss.FunExti6)
    FunExti7                                 0x20000160   Data           4  pin.o(.bss.FunExti7)
    FunExti8                                 0x20000164   Data           4  pin.o(.bss.FunExti8)
    FunExti9                                 0x20000168   Data           4  pin.o(.bss.FunExti9)
    FunI2C1                                  0x2000016c   Data           4  i2c.o(.bss.FunI2C1)
    FunI2C1f                                 0x20000170   Data           4  i2c.o(.bss.FunI2C1f)
    FunI2C1i                                 0x20000174   Data           4  i2c.o(.bss.FunI2C1i)
    FunI2C2                                  0x20000178   Data           4  i2c.o(.bss.FunI2C2)
    FunI2C2f                                 0x2000017c   Data           4  i2c.o(.bss.FunI2C2f)
    FunI2C2i                                 0x20000180   Data           4  i2c.o(.bss.FunI2C2i)
    FunI2C3                                  0x20000184   Data           4  i2c.o(.bss.FunI2C3)
    FunI2C3f                                 0x20000188   Data           4  i2c.o(.bss.FunI2C3f)
    FunI2C3i                                 0x2000018c   Data           4  i2c.o(.bss.FunI2C3i)
    FunTim10                                 0x20000190   Data           4  timer.o(.bss.FunTim10)
    FunTim11                                 0x20000194   Data           4  timer.o(.bss.FunTim11)
    FunTim2                                  0x20000198   Data           4  timer.o(.bss.FunTim2)
    FunTim3                                  0x2000019c   Data           4  timer.o(.bss.FunTim3)
    FunTim4                                  0x200001a0   Data           4  timer.o(.bss.FunTim4)
    FunTim5                                  0x200001a4   Data           4  timer.o(.bss.FunTim5)
    FunTim9                                  0x200001a8   Data           4  timer.o(.bss.FunTim9)
    FunUsart1                                0x200001ac   Data           4  usart.o(.bss.FunUsart1)
    FunUsart2                                0x200001b0   Data           4  usart.o(.bss.FunUsart2)
    FunUsart6                                0x200001b4   Data           4  usart.o(.bss.FunUsart6)
    RST                                      0x200001b8   Data          24  main.o(.bss.RST)
    S                                        0x200001d0   Data          80  main.o(.bss.S)
    _Dato_                                   0x20000220   Data           1  i2c.o(.bss._Dato_)
    _Dummy_                                  0x20000224   Data           4  i2c.o(.bss._Dummy_)
    m_tmr                                    0x20000240   Data           4  rtx_conf_cm.o(.bss.m_tmr)
    mp_stk                                   0x20000248   Data        1216  rtx_conf_cm.o(.bss.mp_stk)
    mp_tcb                                   0x20000708   Data         376  rtx_conf_cm.o(.bss.mp_tcb)
    osMessageQId_osTimerMessageQ             0x20000880   Data           4  rtx_conf_cm.o(.bss.osMessageQId_osTimerMessageQ)
    osThreadId_osTimerThread                 0x20000884   Data           4  rtx_conf_cm.o(.bss.osThreadId_osTimerThread)
    os_active_TCB                            0x20000888   Data          28  rtx_conf_cm.o(.bss.os_active_TCB)
    os_fifo                                  0x200008a4   Data         132  rtx_conf_cm.o(.bss.os_fifo)
    os_messageQ_q_osTimerMessageQ            0x20000928   Data          32  rtx_conf_cm.o(.bss.os_messageQ_q_osTimerMessageQ)
    os_stack_mem                             0x20000948   Data         432  rtx_conf_cm.o(.bss.os_stack_mem)



==============================================================================

Memory Map of the image

  Image Entry point : 0x08000405

  Load Region LR_1 (Base: 0x08000000, Size: 0x000046d8, Max: 0xffffffff, ABSOLUTE)

    Execution Region ER_RO (Exec base: 0x08000000, Load base: 0x08000000, Size: 0x000046a8, Max: 0xffffffff, ABSOLUTE)

    Exec Addr    Load Addr    Size         Type   Attr      Idx    E Section Name        Object

    0x08000000   0x08000000   0x00000194   Data   RO         1936    RESET               startup_stm32f401xe.o
    0x08000194   0x08000194   0x00000008   Code   RO         3192  * !!!main             c_w.l(__main.o)
    0x0800019c   0x0800019c   0x0000005c   Code   RO         3927    !!!scatter          c_w.l(__scatter.o)
    0x080001f8   0x080001f8   0x0000001a   Code   RO         3931    !!handler_copy      c_w.l(__scatter_copy.o)
    0x08000212   0x08000212   0x00000002   PAD
    0x08000214   0x08000214   0x00000002   Code   RO         3928    !!handler_null      c_w.l(__scatter.o)
    0x08000216   0x08000216   0x00000002   PAD
    0x08000218   0x08000218   0x0000001c   Code   RO         3933    !!handler_zi        c_w.l(__scatter_zi.o)
    0x08000234   0x08000234   0x00000002   Code   RO         3840    .ARM.Collect$$libinit$$00000000  c_w.l(libinit.o)
    0x08000236   0x08000236   0x00000004   Code   RO         3514    .ARM.Collect$$libinit$$00000001  c_w.l(libinit2.o)
    0x0800023a   0x0800023a   0x00000000   Code   RO         3517    .ARM.Collect$$libinit$$00000004  c_w.l(libinit2.o)
    0x0800023a   0x0800023a   0x00000000   Code   RO         3519    .ARM.Collect$$libinit$$00000006  c_w.l(libinit2.o)
    0x0800023a   0x0800023a   0x00000000   Code   RO         3522    .ARM.Collect$$libinit$$0000000C  c_w.l(libinit2.o)
    0x0800023a   0x0800023a   0x00000000   Code   RO         3524    .ARM.Collect$$libinit$$0000000E  c_w.l(libinit2.o)
    0x0800023a   0x0800023a   0x00000000   Code   RO         3526    .ARM.Collect$$libinit$$00000010  c_w.l(libinit2.o)
    0x0800023a   0x0800023a   0x00000000   Code   RO         3529    .ARM.Collect$$libinit$$00000013  c_w.l(libinit2.o)
    0x0800023a   0x0800023a   0x00000000   Code   RO         3531    .ARM.Collect$$libinit$$00000015  c_w.l(libinit2.o)
    0x0800023a   0x0800023a   0x00000000   Code   RO         3533    .ARM.Collect$$libinit$$00000017  c_w.l(libinit2.o)
    0x0800023a   0x0800023a   0x00000000   Code   RO         3535    .ARM.Collect$$libinit$$00000019  c_w.l(libinit2.o)
    0x0800023a   0x0800023a   0x00000000   Code   RO         3537    .ARM.Collect$$libinit$$0000001B  c_w.l(libinit2.o)
    0x0800023a   0x0800023a   0x00000000   Code   RO         3539    .ARM.Collect$$libinit$$0000001D  c_w.l(libinit2.o)
    0x0800023a   0x0800023a   0x00000000   Code   RO         3541    .ARM.Collect$$libinit$$0000001F  c_w.l(libinit2.o)
    0x0800023a   0x0800023a   0x00000000   Code   RO         3543    .ARM.Collect$$libinit$$00000021  c_w.l(libinit2.o)
    0x0800023a   0x0800023a   0x00000000   Code   RO         3545    .ARM.Collect$$libinit$$00000023  c_w.l(libinit2.o)
    0x0800023a   0x0800023a   0x00000000   Code   RO         3547    .ARM.Collect$$libinit$$00000025  c_w.l(libinit2.o)
    0x0800023a   0x0800023a   0x00000000   Code   RO         3549    .ARM.Collect$$libinit$$00000027  c_w.l(libinit2.o)
    0x0800023a   0x0800023a   0x00000000   Code   RO         3553    .ARM.Collect$$libinit$$0000002E  c_w.l(libinit2.o)
    0x0800023a   0x0800023a   0x00000000   Code   RO         3555    .ARM.Collect$$libinit$$00000030  c_w.l(libinit2.o)
    0x0800023a   0x0800023a   0x00000000   Code   RO         3557    .ARM.Collect$$libinit$$00000032  c_w.l(libinit2.o)
    0x0800023a   0x0800023a   0x00000004   Code   RO         3558    .ARM.Collect$$libinit$$00000033  c_w.l(libinit2.o)
    0x0800023e   0x0800023e   0x00000000   Code   RO         3559    .ARM.Collect$$libinit$$00000034  c_w.l(libinit2.o)
    0x0800023e   0x0800023e   0x00000002   Code   RO         3560    .ARM.Collect$$libinit$$00000035  c_w.l(libinit2.o)
    0x08000240   0x08000240   0x00000002   Code   RO         3913    .ARM.Collect$$libshutdown$$00000000  c_w.l(libshutdown.o)
    0x08000242   0x08000242   0x00000000   Code   RO         3890    .ARM.Collect$$libshutdown$$00000002  c_w.l(libshutdown2.o)
    0x08000242   0x08000242   0x00000000   Code   RO         3892    .ARM.Collect$$libshutdown$$00000004  c_w.l(libshutdown2.o)
    0x08000242   0x08000242   0x00000000   Code   RO         3895    .ARM.Collect$$libshutdown$$00000007  c_w.l(libshutdown2.o)
    0x08000242   0x08000242   0x00000000   Code   RO         3898    .ARM.Collect$$libshutdown$$0000000A  c_w.l(libshutdown2.o)
    0x08000242   0x08000242   0x00000000   Code   RO         3900    .ARM.Collect$$libshutdown$$0000000C  c_w.l(libshutdown2.o)
    0x08000242   0x08000242   0x00000000   Code   RO         3903    .ARM.Collect$$libshutdown$$0000000F  c_w.l(libshutdown2.o)
    0x08000242   0x08000242   0x00000002   Code   RO         3904    .ARM.Collect$$libshutdown$$00000010  c_w.l(libshutdown2.o)
    0x08000244   0x08000244   0x00000000   Code   RO         3339    .ARM.Collect$$rtentry$$00000000  c_w.l(__rtentry.o)
    0x08000244   0x08000244   0x00000000   Code   RO         3667    .ARM.Collect$$rtentry$$00000002  c_w.l(__rtentry2.o)
    0x08000244   0x08000244   0x00000006   Code   RO         3679    .ARM.Collect$$rtentry$$00000004  c_w.l(__rtentry4.o)
    0x0800024a   0x0800024a   0x00000000   Code   RO         3669    .ARM.Collect$$rtentry$$00000009  c_w.l(__rtentry2.o)
    0x0800024a   0x0800024a   0x00000004   Code   RO         3670    .ARM.Collect$$rtentry$$0000000A  c_w.l(__rtentry2.o)
    0x0800024e   0x0800024e   0x00000008   Code   RO         3671    .ARM.Collect$$rtentry$$0000000B  c_w.l(__rtentry2.o)
    0x08000256   0x08000256   0x00000008   Code   RO         3673    .ARM.Collect$$rtentry$$0000000D  c_w.l(__rtentry2.o)
    0x0800025e   0x0800025e   0x00000002   Code   RO         3850    .ARM.Collect$$rtexit$$00000000  c_w.l(rtexit.o)
    0x08000260   0x08000260   0x00000000   Code   RO         3871    .ARM.Collect$$rtexit$$00000002  c_w.l(rtexit2.o)
    0x08000260   0x08000260   0x00000004   Code   RO         3872    .ARM.Collect$$rtexit$$00000003  c_w.l(rtexit2.o)
    0x08000264   0x08000264   0x00000006   Code   RO         3873    .ARM.Collect$$rtexit$$00000004  c_w.l(rtexit2.o)
    0x0800026a   0x0800026a   0x00000002   PAD
    0x0800026c   0x0800026c   0x00000198   Code   RO         3160    .emb_text           RTX_CM4.lib(hal_cm4.o)
    0x08000404   0x08000404   0x00000040   Code   RO         1937  * .text               startup_stm32f401xe.o
    0x08000444   0x08000444   0x00000008   Code   RO         3175    .text               c_w.l(libspace.o)
    0x0800044c   0x0800044c   0x00000006   Code   RO         3190    .text               c_w.l(heapauxi.o)
    0x08000452   0x08000452   0x00000002   PAD
    0x08000454   0x08000454   0x0000002c   Code   RO         3197    .text               c_w.l(init_aeabi.o)
    0x08000480   0x08000480   0x0000004a   Code   RO         3771    .text               c_w.l(sys_stackheap_outer.o)
    0x080004ca   0x080004ca   0x00000012   Code   RO         3815    .text               c_w.l(exit.o)
    0x080004dc   0x080004dc   0x0000000c   Code   RO         3843    .text               c_w.l(sys_exit.o)
    0x080004e8   0x080004e8   0x00000002   Code   RO         3847    .text               c_w.l(use_no_semi.o)
    0x080004ea   0x080004ea   0x00000000   Code   RO         3849    .text               c_w.l(indicate_semi.o)
    0x080004ea   0x080004ea   0x00000002   PAD
    0x080004ec   0x080004ec   0x00000030   Code   RO         1116    .text.EXTI0_IRQHandler  pin.o
    0x0800051c   0x0800051c   0x00000184   Code   RO         1128    .text.EXTI15_10_IRQHandler  pin.o
    0x080006a0   0x080006a0   0x00000030   Code   RO         1118    .text.EXTI1_IRQHandler  pin.o
    0x080006d0   0x080006d0   0x00000030   Code   RO         1120    .text.EXTI2_IRQHandler  pin.o
    0x08000700   0x08000700   0x00000030   Code   RO         1122    .text.EXTI3_IRQHandler  pin.o
    0x08000730   0x08000730   0x00000030   Code   RO         1124    .text.EXTI4_IRQHandler  pin.o
    0x08000760   0x08000760   0x00000144   Code   RO         1126    .text.EXTI9_5_IRQHandler  pin.o
    0x080008a4   0x080008a4   0x000000e2   Code   RO          615    .text.I2C1_EV_IRQHandler  i2c.o
    0x08000986   0x08000986   0x00000002   PAD
    0x08000988   0x08000988   0x000000e2   Code   RO          617    .text.I2C2_EV_IRQHandler  i2c.o
    0x08000a6a   0x08000a6a   0x00000002   PAD
    0x08000a6c   0x08000a6c   0x000000e2   Code   RO          619    .text.I2C3_EV_IRQHandler  i2c.o
    0x08000b4e   0x08000b4e   0x00000002   PAD
    0x08000b50   0x08000b50   0x000000a8   Code   RO         1210    .text.RTC_Alarm_IRQHandler  rtc.o
    0x08000bf8   0x08000bf8   0x0000012e   Code   RO         1945    .text.SystemCoreClockUpdate  system_stm32f4xx.o
    0x08000d26   0x08000d26   0x00000002   PAD
    0x08000d28   0x08000d28   0x00000012   Code   RO         1943    .text.SystemInit    system_stm32f4xx.o
    0x08000d3a   0x08000d3a   0x00000002   PAD
    0x08000d3c   0x08000d3c   0x00000030   Code   RO         1400    .text.TIM1_BRK_TIM9_IRQHandler  timer.o
    0x08000d6c   0x08000d6c   0x00000030   Code   RO         1404    .text.TIM1_TRG_COM_TIM11_IRQHandler  timer.o
    0x08000d9c   0x08000d9c   0x00000030   Code   RO         1402    .text.TIM1_UP_TIM10_IRQHandler  timer.o
    0x08000dcc   0x08000dcc   0x0000002e   Code   RO         1392    .text.TIM2_IRQHandler  timer.o
    0x08000dfa   0x08000dfa   0x00000002   PAD
    0x08000dfc   0x08000dfc   0x00000030   Code   RO         1394    .text.TIM3_IRQHandler  timer.o
    0x08000e2c   0x08000e2c   0x00000030   Code   RO         1396    .text.TIM4_IRQHandler  timer.o
    0x08000e5c   0x08000e5c   0x00000030   Code   RO         1398    .text.TIM5_IRQHandler  timer.o
    0x08000e8c   0x08000e8c   0x0000005e   Code   RO         1026    .text.USART1_IRQHandler  usart.o
    0x08000eea   0x08000eea   0x00000002   PAD
    0x08000eec   0x08000eec   0x0000005e   Code   RO         1028    .text.USART2_IRQHandler  usart.o
    0x08000f4a   0x08000f4a   0x00000002   PAD
    0x08000f4c   0x08000f4c   0x0000005e   Code   RO         1030    .text.USART6_IRQHandler  usart.o
    0x08000faa   0x08000faa   0x00000002   PAD
    0x08000fac   0x08000fac   0x00000008   Code   RO         1377    .text._GLOBAL__sub_I_Complejo.cpp  complejo.o
    0x08000fb4   0x08000fb4   0x00000008   Code   RO         1709    .text._GLOBAL__sub_I_Hmc5883.cpp  hmc5883.o
    0x08000fbc   0x08000fbc   0x00000014   Code   RO         1469    .text._GLOBAL__sub_I_Main.cpp  main.o
    0x08000fd0   0x08000fd0   0x00000008   Code   RO         1754    .text._GLOBAL__sub_I_Qmc5883.cpp  qmc5883.o
    0x08000fd8   0x08000fd8   0x00000022   Code   RO         1465    .text._Z11writeStringPKc  main.o
    0x08000ffa   0x08000ffa   0x00000002   PAD
    0x08000ffc   0x08000ffc   0x00000028   Code   RO          140    .text._Z12IniciarDelayv  delay.o
    0x08001024   0x08001024   0x0000001c   Code   RO         1461    .text._Z12lcdWriteDatah  main.o
    0x08001040   0x08001040   0x00000012   Code   RO         1180    .text._Z4HCLKv      pin.o
    0x08001052   0x08001052   0x00000006   PAD
    0x08001058   0x08001058   0x00000100   Code   RO         1182    .text._Z5PCLK1v     pin.o
    0x08001158   0x08001158   0x00000100   Code   RO         1184    .text._Z5PCLK2v     pin.o
    0x08001258   0x08001258   0x00000088   Code   RO          142    .text._Z8Delay_usj  delay.o
    0x080012e0   0x080012e0   0x00000060   Code   RO         1463    .text._Z9writeCharc  main.o
    0x08001340   0x08001340   0x00000010   Code   RO         1086    .text._ZN3Bit6GetBitEv  bit.o
    0x08001350   0x08001350   0x00000018   Code   RO         1084    .text._ZN3Bit6SetBitEb  bit.o
    0x08001368   0x08001368   0x0000001a   Code   RO         1082    .text._ZN3BitC2Ev   bit.o
    0x08001382   0x08001382   0x00000002   PAD
    0x08001384   0x08001384   0x0000001c   Code   RO         1134    .text._ZN3Pin10DigitalOutEi  pin.o
    0x080013a0   0x080013a0   0x00000038   Code   RO         1136    .text._ZN3Pin10DigitalOutEv  pin.o
    0x080013d8   0x080013d8   0x0000009c   Code   RO         1130    .text._ZN3Pin18FuncionAlternativaEih  pin.o
    0x08001474   0x08001474   0x0000014a   Code   RO         1132    .text._ZN3Pin4GpioEi  pin.o
    0x080015be   0x080015be   0x00000002   PAD
    0x080015c0   0x080015c0   0x00000020   Code   RO         1158    .text._ZN3Pin6GetBitEv  pin.o
    0x080015e0   0x080015e0   0x0000003e   Code   RO         1160    .text._ZN3Pin6SetBitEb  pin.o
    0x0800161e   0x0800161e   0x00000002   PAD
    0x08001620   0x08001620   0x00000020   Code   RO           43    .text._ZN3PinC2Ev   adc.o
    0x08001640   0x08001640   0x00000028   Code   RO         1166    .text._ZN3PinaSEb   pin.o
    0x08001668   0x08001668   0x00000014   Code   RO         1174    .text._ZN3PinrsEi   pin.o
    0x0800167c   0x0800167c   0x00000014   Code   RO          925    .text._ZN3Spi3LsbEv  spi.o
    0x08001690   0x08001690   0x00000016   Code   RO          923    .text._ZN3Spi3MsbEv  spi.o
    0x080016a6   0x080016a6   0x00000002   PAD
    0x080016a8   0x080016a8   0x0000002a   Code   RO          921    .text._ZN3Spi4ModoEh  spi.o
    0x080016d2   0x080016d2   0x00000006   PAD
    0x080016d8   0x080016d8   0x000005b0   Code   RO          919    .text._ZN3Spi7IniciarEhhhj  spi.o
    0x08001c88   0x08001c88   0x00000022   Code   RO          917    .text._ZN3Spi7IniciarEj  spi.o
    0x08001caa   0x08001caa   0x00000002   PAD
    0x08001cac   0x08001cac   0x0000001a   Code   RO          915    .text._ZN3Spi7IniciarEv  spi.o
    0x08001cc6   0x08001cc6   0x00000002   PAD
    0x08001cc8   0x08001cc8   0x00000044   Code   RO          931    .text._ZN3Spi8TxRxDatoEh  spi.o
    0x08001d0c   0x08001d0c   0x0000003e   Code   RO          913    .text._ZN3SpiC2Ev   spi.o
    0x08001d4a   0x08001d4a   0x00000002   PAD
    0x08001d4c   0x08001d4c   0x0000001e   Code   RO          933    .text._ZN3SpiaSEh   spi.o
    0x08001d6a   0x08001d6a   0x00000002   PAD
    0x08001d6c   0x08001d6c   0x00000014   Code   RO          935    .text._ZN3SpicvhEv  spi.o
    0x08001d80   0x08001d80   0x00000008   Code   RO          959    .text._ZN6SpiBus3LsbEv  spibus.o
    0x08001d88   0x08001d88   0x00000008   Code   RO          957    .text._ZN6SpiBus3MsbEv  spibus.o
    0x08001d90   0x08001d90   0x0000000c   Code   RO          955    .text._ZN6SpiBus4ModoEh  spibus.o
    0x08001d9c   0x08001d9c   0x00000018   Code   RO          951    .text._ZN6SpiBus7IniciarEhhhj  spibus.o
    0x08001db4   0x08001db4   0x0000002a   Code   RO          953    .text._ZN6SpiBus7IniciarEhhhjbb  spibus.o
    0x08001dde   0x08001dde   0x00000002   PAD
    0x08001de0   0x08001de0   0x0000000a   Code   RO          949    .text._ZN6SpiBus7IniciarEj  spibus.o
    0x08001dea   0x08001dea   0x00000002   PAD
    0x08001dec   0x08001dec   0x00000008   Code   RO          947    .text._ZN6SpiBus7IniciarEv  spibus.o
    0x08001df4   0x08001df4   0x0000000a   Code   RO          961    .text._ZN6SpiBus8TxRxDatoEh  spibus.o
    0x08001dfe   0x08001dfe   0x00000002   PAD
    0x08001e00   0x08001e00   0x00000016   Code   RO          945    .text._ZN6SpiBusC2Ev  spibus.o
    0x08001e16   0x08001e16   0x00000002   PAD
    0x08001e18   0x08001e18   0x0000000a   Code   RO          963    .text._ZN6SpiBusaSEh  spibus.o
    0x08001e22   0x08001e22   0x00000002   PAD
    0x08001e24   0x08001e24   0x00000006   Code   RO          965    .text._ZN6SpiBuscvhEv  spibus.o
    0x08001e2a   0x08001e2a   0x00000006   PAD
    0x08001e30   0x08001e30   0x00000040   Code   RO         1375    .text.__cxx_global_var_init  complejo.o
    0x08001e70   0x08001e70   0x00000010   Code   RO         1453    .text.__cxx_global_var_init  main.o
    0x08001e80   0x08001e80   0x00000040   Code   RO         1707    .text.__cxx_global_var_init  hmc5883.o
    0x08001ec0   0x08001ec0   0x00000040   Code   RO         1752    .text.__cxx_global_var_init  qmc5883.o
    0x08001f00   0x08001f00   0x00000010   Code   RO         1455    .text.__cxx_global_var_init.1  main.o
    0x08001f10   0x08001f10   0x00000010   Code   RO         1457    .text.__cxx_global_var_init.2  main.o
    0x08001f20   0x08001f20   0x00000010   Code   RO         1459    .text.__cxx_global_var_init.3  main.o
    0x08001f30   0x08001f30   0x00000046   Code   RO         1882    .text._mutex_acquire  rtx_conf_cm.o
    0x08001f76   0x08001f76   0x00000002   PAD
    0x08001f78   0x08001f78   0x00000036   Code   RO         1884    .text._mutex_release  rtx_conf_cm.o
    0x08001fae   0x08001fae   0x00000002   PAD
    0x08001fb0   0x08001fb0   0x0000001a   Code   RO         1892    .text._platform_post_lib_init  rtx_conf_cm.o
    0x08001fca   0x08001fca   0x00000002   PAD
    0x08001fcc   0x08001fcc   0x00000126   Code   RO         1467    .text.main          main.o
    0x080020f2   0x080020f2   0x00000002   PAD
    0x080020f4   0x080020f4   0x00000028   Code   RO         1876    .text.os_error      rtx_conf_cm.o
    0x0800211c   0x0800211c   0x00000004   Code   RO         1874    .text.os_idle_demon  rtx_conf_cm.o
    0x08002120   0x08002120   0x00000004   Code   RO         3170    SVC_TABLE           RTX_CM4.lib(svc_table.o)
    0x08002124   0x08002124   0x00000030   Code   RO         3637    i.__ARM_fpclassify  m_wm.l(fpclassify.o)
    0x08002154   0x08002154   0x00000004   PAD
    0x08002158   0x08002158   0x000002d8   Code   RO         3274    i.__hardfp_atan     m_wm.l(atan.o)
    0x08002430   0x08002430   0x000000f8   Code   RO         3655    i.__kernel_poly     m_wm.l(poly.o)
    0x08002528   0x08002528   0x00000014   Code   RO         3618    i.__mathlib_dbl_infnan  m_wm.l(dunder.o)
    0x0800253c   0x0800253c   0x00000004   PAD
    0x08002540   0x08002540   0x00000020   Code   RO         3623    i.__mathlib_dbl_underflow  m_wm.l(dunder.o)
    0x08002560   0x08002560   0x00000046   Code   RO         3054    i._init_box         RTX_CM4.lib(rt_membox.o)
    0x080025a6   0x080025a6   0x00000002   PAD
    0x080025a8   0x080025a8   0x00000030   Code   RO         3107    i.dbg_init          RTX_CM4.lib(hal_cm.o)
    0x080025d8   0x080025d8   0x00000020   Code   RO         3108    i.dbg_task_notify   RTX_CM4.lib(hal_cm.o)
    0x080025f8   0x080025f8   0x00000010   Code   RO         3109    i.dbg_task_switch   RTX_CM4.lib(hal_cm.o)
    0x08002608   0x08002608   0x00000018   Code   RO         3633    i.fabs              m_wm.l(fabs.o)
    0x08002620   0x08002620   0x0000002a   Code   RO         1959    i.isrMessageGet     RTX_CM4.lib(rt_cmsis.o)
    0x0800264a   0x0800264a   0x0000002c   Code   RO         1960    i.isrMessagePut     RTX_CM4.lib(rt_cmsis.o)
    0x08002676   0x08002676   0x00000002   PAD
    0x08002678   0x08002678   0x00000056   Code   RO         2909    i.isr_mbx_receive   RTX_CM4.lib(rt_mailbox.o)
    0x080026ce   0x080026ce   0x0000000e   Code   RO         2910    i.isr_mbx_send      RTX_CM4.lib(rt_mailbox.o)
    0x080026dc   0x080026dc   0x00000024   Code   RO         1964    i.osKernelInitialize  RTX_CM4.lib(rt_cmsis.o)
    0x08002700   0x08002700   0x0000006c   Code   RO         1966    i.osKernelStart     RTX_CM4.lib(rt_cmsis.o)
    0x0800276c   0x0800276c   0x00000018   Code   RO         1975    i.osMessageGet      RTX_CM4.lib(rt_cmsis.o)
    0x08002784   0x08002784   0x0000002c   Code   RO         1992    i.osThreadCreate    RTX_CM4.lib(rt_cmsis.o)
    0x080027b0   0x080027b0   0x00000018   Code   RO         1993    i.osThreadExit      RTX_CM4.lib(rt_cmsis.o)
    0x080027c8   0x080027c8   0x0000000c   Code   RO         1999    i.osTimerCall       RTX_CM4.lib(rt_cmsis.o)
    0x080027d4   0x080027d4   0x0000002c   Code   RO         2004    i.osTimerThread     RTX_CM4.lib(rt_cmsis.o)
    0x08002800   0x08002800   0x00000028   Code   RO         2701    i.os_tick_init      RTX_CM4.lib(rt_system.o)
    0x08002828   0x08002828   0x00000002   Code   RO         2702    i.os_tick_irqack    RTX_CM4.lib(rt_system.o)
    0x0800282a   0x0800282a   0x0000001a   Code   RO         3055    i.rt_alloc_box      RTX_CM4.lib(rt_membox.o)
    0x08002844   0x08002844   0x0000003e   Code   RO         3083    i.rt_alloc_mem      RTX_CM4.lib(rt_memory.o)
    0x08002882   0x08002882   0x00000002   PAD
    0x08002884   0x08002884   0x00000038   Code   RO         2582    i.rt_block          RTX_CM4.lib(rt_task.o)
    0x080028bc   0x080028bc   0x00000048   Code   RO         3032    i.rt_chk_robin      RTX_CM4.lib(rt_robin.o)
    0x08002904   0x08002904   0x00000070   Code   RO         2833    i.rt_dec_dly        RTX_CM4.lib(rt_list.o)
    0x08002974   0x08002974   0x00000044   Code   RO         2583    i.rt_dispatch       RTX_CM4.lib(rt_task.o)
    0x080029b8   0x080029b8   0x00000050   Code   RO         2794    i.rt_evt_psh        RTX_CM4.lib(rt_event.o)
    0x08002a08   0x08002a08   0x0000002c   Code   RO         3056    i.rt_free_box       RTX_CM4.lib(rt_membox.o)
    0x08002a34   0x08002a34   0x00000028   Code   RO         3084    i.rt_free_mem       RTX_CM4.lib(rt_memory.o)
    0x08002a5c   0x08002a5c   0x00000028   Code   RO         2834    i.rt_get_first      RTX_CM4.lib(rt_list.o)
    0x08002a84   0x08002a84   0x00000008   Code   RO         2009    i.rt_id2obj         RTX_CM4.lib(rt_cmsis.o)
    0x08002a8c   0x08002a8c   0x00000048   Code   RO         2584    i.rt_init_context   RTX_CM4.lib(rt_task.o)
    0x08002ad4   0x08002ad4   0x0000001a   Code   RO         3085    i.rt_init_mem       RTX_CM4.lib(rt_memory.o)
    0x08002aee   0x08002aee   0x00000002   PAD
    0x08002af0   0x08002af0   0x00000018   Code   RO         3033    i.rt_init_robin     RTX_CM4.lib(rt_robin.o)
    0x08002b08   0x08002b08   0x00000080   Code   RO         3110    i.rt_init_stack     RTX_CM4.lib(hal_cm.o)
    0x08002b88   0x08002b88   0x00000008   Code   RO         2911    i.rt_mbx_check      RTX_CM4.lib(rt_mailbox.o)
    0x08002b90   0x08002b90   0x0000001a   Code   RO         2912    i.rt_mbx_init       RTX_CM4.lib(rt_mailbox.o)
    0x08002baa   0x08002baa   0x00000002   PAD
    0x08002bac   0x08002bac   0x000000f0   Code   RO         2913    i.rt_mbx_psh        RTX_CM4.lib(rt_mailbox.o)
    0x08002c9c   0x08002c9c   0x000000b4   Code   RO         2915    i.rt_mbx_wait       RTX_CM4.lib(rt_mailbox.o)
    0x08002d50   0x08002d50   0x00000044   Code   RO         2010    i.rt_ms2tick        RTX_CM4.lib(rt_cmsis.o)
    0x08002d94   0x08002d94   0x000000d8   Code   RO         2668    i.rt_mut_release    RTX_CM4.lib(rt_mutex.o)
    0x08002e6c   0x08002e6c   0x00000078   Code   RO         2669    i.rt_mut_wait       RTX_CM4.lib(rt_mutex.o)
    0x08002ee4   0x08002ee4   0x0000007c   Code   RO         2705    i.rt_pop_req        RTX_CM4.lib(rt_system.o)
    0x08002f60   0x08002f60   0x00000020   Code   RO         2706    i.rt_psh_req        RTX_CM4.lib(rt_system.o)
    0x08002f80   0x08002f80   0x0000005c   Code   RO         2836    i.rt_psq_enq        RTX_CM4.lib(rt_list.o)
    0x08002fdc   0x08002fdc   0x00000048   Code   RO         2837    i.rt_put_dly        RTX_CM4.lib(rt_list.o)
    0x08003024   0x08003024   0x00000036   Code   RO         2838    i.rt_put_prio       RTX_CM4.lib(rt_list.o)
    0x0800305a   0x0800305a   0x00000002   PAD
    0x0800305c   0x0800305c   0x00000014   Code   RO         2839    i.rt_put_rdy_first  RTX_CM4.lib(rt_list.o)
    0x08003070   0x08003070   0x00000034   Code   RO         2840    i.rt_resort_prio    RTX_CM4.lib(rt_list.o)
    0x080030a4   0x080030a4   0x00000010   Code   RO         3111    i.rt_ret_regs       RTX_CM4.lib(hal_cm.o)
    0x080030b4   0x080030b4   0x0000000c   Code   RO         3112    i.rt_ret_val        RTX_CM4.lib(hal_cm.o)
    0x080030c0   0x080030c0   0x00000010   Code   RO         3113    i.rt_ret_val2       RTX_CM4.lib(hal_cm.o)
    0x080030d0   0x080030d0   0x00000028   Code   RO         2841    i.rt_rmv_dly        RTX_CM4.lib(rt_list.o)
    0x080030f8   0x080030f8   0x00000030   Code   RO         2842    i.rt_rmv_list       RTX_CM4.lib(rt_list.o)
    0x08003128   0x08003128   0x00000034   Code   RO         2960    i.rt_sem_psh        RTX_CM4.lib(rt_semaphore.o)
    0x0800315c   0x0800315c   0x00000024   Code   RO         2708    i.rt_stk_check      RTX_CM4.lib(rt_system.o)
    0x08003180   0x08003180   0x00000028   Code   RO         2585    i.rt_switch_req     RTX_CM4.lib(rt_task.o)
    0x080031a8   0x080031a8   0x000000cc   Code   RO         2586    i.rt_sys_init       RTX_CM4.lib(rt_task.o)
    0x08003274   0x08003274   0x00000078   Code   RO         2587    i.rt_sys_start      RTX_CM4.lib(rt_task.o)
    0x080032ec   0x080032ec   0x00000040   Code   RO         2710    i.rt_systick        RTX_CM4.lib(rt_system.o)
    0x0800332c   0x0800332c   0x00000012   Code   RO         2011    i.rt_tid2ptcb       RTX_CM4.lib(rt_cmsis.o)
    0x0800333e   0x0800333e   0x00000002   PAD
    0x08003340   0x08003340   0x00000034   Code   RO         2012    i.rt_timer_insert   RTX_CM4.lib(rt_cmsis.o)
    0x08003374   0x08003374   0x00000088   Code   RO         2588    i.rt_tsk_create     RTX_CM4.lib(rt_task.o)
    0x080033fc   0x080033fc   0x0000017c   Code   RO         2589    i.rt_tsk_delete     RTX_CM4.lib(rt_task.o)
    0x08003578   0x08003578   0x0000007c   Code   RO         2591    i.rt_tsk_prio       RTX_CM4.lib(rt_task.o)
    0x080035f4   0x080035f4   0x00000010   Code   RO         2592    i.rt_tsk_self       RTX_CM4.lib(rt_task.o)
    0x08003604   0x08003604   0x00000070   Code   RO         2015    i.svcKernelInitialize  RTX_CM4.lib(rt_cmsis.o)
    0x08003674   0x08003674   0x00000048   Code   RO         2017    i.svcKernelStart    RTX_CM4.lib(rt_cmsis.o)
    0x080036bc   0x080036bc   0x00000024   Code   RO         2020    i.svcMessageCreate  RTX_CM4.lib(rt_cmsis.o)
    0x080036e0   0x080036e0   0x0000003a   Code   RO         2021    i.svcMessageGet     RTX_CM4.lib(rt_cmsis.o)
    0x0800371a   0x0800371a   0x00000002   PAD
    0x0800371c   0x0800371c   0x0000006c   Code   RO         2035    i.svcThreadCreate   RTX_CM4.lib(rt_cmsis.o)
    0x08003788   0x08003788   0x0000001c   Code   RO         2036    i.svcThreadGetId    RTX_CM4.lib(rt_cmsis.o)
    0x080037a4   0x080037a4   0x00000038   Code   RO         2039    i.svcThreadTerminate  RTX_CM4.lib(rt_cmsis.o)
    0x080037dc   0x080037dc   0x00000018   Code   RO         2041    i.svcTimerCall      RTX_CM4.lib(rt_cmsis.o)
    0x080037f4   0x080037f4   0x0000005c   Code   RO         2050    i.sysTimerTick      RTX_CM4.lib(rt_cmsis.o)
    0x08003850   0x08003850   0x00000018   Code   RO         3565    x$fpl$basic         fz_wm.l(basic.o)
    0x08003868   0x08003868   0x00000150   Code   RO         3202    x$fpl$dadd          fz_wm.l(daddsub_clz.o)
    0x080039b8   0x080039b8   0x00000018   Code   RO         3748    x$fpl$dcmpinf       fz_wm.l(dcmpi.o)
    0x080039d0   0x080039d0   0x000002b4   Code   RO         3211    x$fpl$ddiv          fz_wm.l(ddiv.o)
    0x08003c84   0x08003c84   0x00000078   Code   RO         3567    x$fpl$deqf          fz_wm.l(deqf.o)
    0x08003cfc   0x08003cfc   0x0000005a   Code   RO         3218    x$fpl$dfixu         fz_wm.l(dfixu.o)
    0x08003d56   0x08003d56   0x00000026   Code   RO         3222    x$fpl$dfltu         fz_wm.l(dflt_clz.o)
    0x08003d7c   0x08003d7c   0x00000078   Code   RO         3569    x$fpl$dgeqf         fz_wm.l(dgeqf.o)
    0x08003df4   0x08003df4   0x00000078   Code   RO         3571    x$fpl$dleqf         fz_wm.l(dleqf.o)
    0x08003e6c   0x08003e6c   0x00000154   Code   RO         3228    x$fpl$dmul          fz_wm.l(dmul.o)
    0x08003fc0   0x08003fc0   0x0000009c   Code   RO         3573    x$fpl$dnaninf       fz_wm.l(dnaninf.o)
    0x0800405c   0x0800405c   0x0000000c   Code   RO         3575    x$fpl$dretinf       fz_wm.l(dretinf.o)
    0x08004068   0x08004068   0x00000016   Code   RO         3203    x$fpl$drsb          fz_wm.l(daddsub_clz.o)
    0x0800407e   0x0800407e   0x00000002   PAD
    0x08004080   0x08004080   0x000001dc   Code   RO         3204    x$fpl$dsub          fz_wm.l(daddsub_clz.o)
    0x0800425c   0x0800425c   0x00000054   Code   RO         3208    x$fpl$fcmp          fz_wm.l(dcmp.o)
    0x080042b0   0x080042b0   0x0000001a   Code   RO         3750    x$fpl$fpinit        fz_wm.l(fpinit.o)
    0x080042ca   0x080042ca   0x00000000   Code   RO         3597    x$fpl$usenofp       fz_wm.l(usenofp.o)
    0x080042ca   0x080042ca   0x00000006   PAD
    0x080042d0   0x080042d0   0x00000098   Data   RO         3277    .constdata          m_wm.l(atan.o)
    0x08004368   0x08004368   0x00000010   Data   RO         1948    .rodata.AHBPrescTable  system_stm32f4xx.o
    0x08004378   0x08004378   0x00000004   Data   RO         1902    .rodata.CMSIS_RTOS_API_Version  rtx_conf_cm.o
    0x0800437c   0x0800437c   0x00000004   Data   RO         1903    .rodata.CMSIS_RTOS_RTX_Version  rtx_conf_cm.o
    0x08004380   0x08004380   0x000001e0   Data   RO         1475    .rodata._ZL4font    main.o
    0x08004560   0x08004560   0x00000010   Data   RO         1108    .rodata._ZTV3Bit    bit.o
    0x08004570   0x08004570   0x00000010   Data   RO         1202    .rodata._ZTV3Pin    pin.o
    0x08004580   0x08004580   0x00000030   Data   RO          937    .rodata._ZTV3Spi    spi.o
    0x080045b0   0x080045b0   0x00000030   Data   RO          967    .rodata._ZTV6SpiBus  spibus.o
    0x080045e0   0x080045e0   0x00000004   Data   RO         1907    .rodata.mp_stk_size  rtx_conf_cm.o
    0x080045e4   0x080045e4   0x00000002   Data   RO         1906    .rodata.mp_tcb_size  rtx_conf_cm.o
    0x080045e6   0x080045e6   0x00000002   Data   RO         1915    .rodata.mp_tmr_size  rtx_conf_cm.o
    0x080045e8   0x080045e8   0x00000004   Data   RO         1904    .rodata.os_clockrate  rtx_conf_cm.o
    0x080045ec   0x080045ec   0x00000001   Data   RO         1909    .rodata.os_fifo_size  rtx_conf_cm.o
    0x080045ed   0x080045ed   0x00000001   Data   RO         1901    .rodata.os_flags    rtx_conf_cm.o
    0x080045ee   0x080045ee   0x00000002   Data   RO         1894    .rodata.os_maxtaskrun  rtx_conf_cm.o
    0x080045f0   0x080045f0   0x00000008   Data   RO         1912    .rodata.os_messageQ_def_osTimerMessageQ  rtx_conf_cm.o
    0x080045f8   0x080045f8   0x00000004   Data   RO         1896    .rodata.os_rrobin   rtx_conf_cm.o
    0x080045fc   0x080045fc   0x00000004   Data   RO         1908    .rodata.os_stack_sz  rtx_conf_cm.o
    0x08004600   0x08004600   0x00000004   Data   RO         1895    .rodata.os_stackinfo  rtx_conf_cm.o
    0x08004604   0x08004604   0x00000010   Data   RO         1919    .rodata.os_thread_def_main  rtx_conf_cm.o
    0x08004614   0x08004614   0x00000010   Data   RO         1910    .rodata.os_thread_def_osTimerThread  rtx_conf_cm.o
    0x08004624   0x08004624   0x00000004   Data   RO         1905    .rodata.os_timernum  rtx_conf_cm.o
    0x08004628   0x08004628   0x00000004   Data   RO         1900    .rodata.os_trv      rtx_conf_cm.o
    0x0800462c   0x0800462c   0x0000004b   Data   RO         1476    .rodata.str1.1      main.o
    0x08004677   0x08004677   0x00000001   PAD
    0x08004678   0x08004678   0x00000020   Data   RO         3926    Region$$Table       anon$$obj.o
    0x08004698   0x08004698   0x00000004   Data   RO         1384    .init_array         complejo.o
    0x0800469c   0x08004698   0x00000004   Data   RO         1477    .init_array         main.o
    0x080046a0   0x08004698   0x00000004   Data   RO         1712    .init_array         hmc5883.o
    0x080046a4   0x08004698   0x00000004   Data   RO         1757    .init_array         qmc5883.o
    0x080046a8   0x08004698   0x00000000   Data   RO         3195    .init_array         c_w.l(init_aeabi.o)


    Execution Region ER_RW (Exec base: 0x20000000, Load base: 0x080046a8, Size: 0x00000030, Max: 0xffffffff, ABSOLUTE)

    Exec Addr    Load Addr    Size         Type   Attr      Idx    E Section Name        Object

    0x20000000   0x080046a8   0x00000004   Data   RW         1478    .ARM.use_no_argv    main.o
    0x20000004   0x080046ac   0x00000008   Data   RW         2053    .data               RTX_CM4.lib(rt_cmsis.o)
    0x2000000c   0x080046b4   0x00000008   Data   RW         2594    .data               RTX_CM4.lib(rt_task.o)
    0x20000014   0x080046bc   0x00000008   Data   RW         2713    .data               RTX_CM4.lib(rt_system.o)
    0x2000001c   0x080046c4   0x00000004   Data   RW         3003    .data               RTX_CM4.lib(rt_time.o)
    0x20000020   0x080046c8   0x00000008   Data   RW         3034    .data               RTX_CM4.lib(rt_robin.o)
    0x20000028   0x080046d0   0x00000001   Data   RW         3114    .data               RTX_CM4.lib(hal_cm.o)
    0x20000029   0x080046d1   0x00000003   PAD
    0x2000002c   0x080046d4   0x00000004   Data   RW         1947    .data.SystemCoreClock  system_stm32f4xx.o


    Execution Region ER_ZI (Exec base: 0x20000030, Load base: 0x080046d8, Size: 0x000010c8, Max: 0xffffffff, ABSOLUTE)

    Exec Addr    Load Addr    Size         Type   Attr      Idx    E Section Name        Object

    0x20000030        -       0x00000034   Zero   RW         2593    .bss                RTX_CM4.lib(rt_task.o)
    0x20000064        -       0x00000030   Zero   RW         2843    .bss                RTX_CM4.lib(rt_list.o)
    0x20000094        -       0x00000060   Zero   RW         3176    .bss                c_w.l(libspace.o)
    0x200000f4        -       0x00000018   Zero   RW         1474    .bss.CE             main.o
    0x2000010c        -       0x00000018   Zero   RW         1472    .bss.DC             main.o
    0x20000124        -       0x00000004   Zero   RW         1262    .bss.FunAlarA       rtc.o
    0x20000128        -       0x00000004   Zero   RW         1263    .bss.FunAlarB       rtc.o
    0x2000012c        -       0x00000004   Zero   RW         1186    .bss.FunExti0       pin.o
    0x20000130        -       0x00000004   Zero   RW         1187    .bss.FunExti1       pin.o
    0x20000134        -       0x00000004   Zero   RW         1196    .bss.FunExti10      pin.o
    0x20000138        -       0x00000004   Zero   RW         1197    .bss.FunExti11      pin.o
    0x2000013c        -       0x00000004   Zero   RW         1198    .bss.FunExti12      pin.o
    0x20000140        -       0x00000004   Zero   RW         1199    .bss.FunExti13      pin.o
    0x20000144        -       0x00000004   Zero   RW         1200    .bss.FunExti14      pin.o
    0x20000148        -       0x00000004   Zero   RW         1201    .bss.FunExti15      pin.o
    0x2000014c        -       0x00000004   Zero   RW         1188    .bss.FunExti2       pin.o
    0x20000150        -       0x00000004   Zero   RW         1189    .bss.FunExti3       pin.o
    0x20000154        -       0x00000004   Zero   RW         1190    .bss.FunExti4       pin.o
    0x20000158        -       0x00000004   Zero   RW         1191    .bss.FunExti5       pin.o
    0x2000015c        -       0x00000004   Zero   RW         1192    .bss.FunExti6       pin.o
    0x20000160        -       0x00000004   Zero   RW         1193    .bss.FunExti7       pin.o
    0x20000164        -       0x00000004   Zero   RW         1194    .bss.FunExti8       pin.o
    0x20000168        -       0x00000004   Zero   RW         1195    .bss.FunExti9       pin.o
    0x2000016c        -       0x00000004   Zero   RW          657    .bss.FunI2C1        i2c.o
    0x20000170        -       0x00000004   Zero   RW          663    .bss.FunI2C1f       i2c.o
    0x20000174        -       0x00000004   Zero   RW          660    .bss.FunI2C1i       i2c.o
    0x20000178        -       0x00000004   Zero   RW          658    .bss.FunI2C2        i2c.o
    0x2000017c        -       0x00000004   Zero   RW          664    .bss.FunI2C2f       i2c.o
    0x20000180        -       0x00000004   Zero   RW          661    .bss.FunI2C2i       i2c.o
    0x20000184        -       0x00000004   Zero   RW          659    .bss.FunI2C3        i2c.o
    0x20000188        -       0x00000004   Zero   RW          665    .bss.FunI2C3f       i2c.o
    0x2000018c        -       0x00000004   Zero   RW          662    .bss.FunI2C3i       i2c.o
    0x20000190        -       0x00000004   Zero   RW         1441    .bss.FunTim10       timer.o
    0x20000194        -       0x00000004   Zero   RW         1442    .bss.FunTim11       timer.o
    0x20000198        -       0x00000004   Zero   RW         1434    .bss.FunTim2        timer.o
    0x2000019c        -       0x00000004   Zero   RW         1435    .bss.FunTim3        timer.o
    0x200001a0        -       0x00000004   Zero   RW         1436    .bss.FunTim4        timer.o
    0x200001a4        -       0x00000004   Zero   RW         1437    .bss.FunTim5        timer.o
    0x200001a8        -       0x00000004   Zero   RW         1440    .bss.FunTim9        timer.o
    0x200001ac        -       0x00000004   Zero   RW         1066    .bss.FunUsart1      usart.o
    0x200001b0        -       0x00000004   Zero   RW         1067    .bss.FunUsart2      usart.o
    0x200001b4        -       0x00000004   Zero   RW         1071    .bss.FunUsart6      usart.o
    0x200001b8        -       0x00000018   Zero   RW         1473    .bss.RST            main.o
    0x200001d0        -       0x00000050   Zero   RW         1471    .bss.S              main.o
    0x20000220        -       0x00000001   Zero   RW          656    .bss._Dato_         i2c.o
    0x20000221   0x080046d8   0x00000003   PAD
    0x20000224        -       0x00000004   Zero   RW          655    .bss._Dummy_        i2c.o
    0x20000228        -       0x00000008   Zero   RW         1379    .bss._ZL4V_PI       complejo.o
    0x20000230        -       0x00000008   Zero   RW         1711    .bss._ZL4_PI_       hmc5883.o
    0x20000238        -       0x00000008   Zero   RW         1756    .bss._ZL4_PI_       qmc5883.o
    0x20000240        -       0x00000004   Zero   RW         1914    .bss.m_tmr          rtx_conf_cm.o
    0x20000244   0x080046d8   0x00000004   PAD
    0x20000248        -       0x000004c0   Zero   RW         1921    .bss.mp_stk         rtx_conf_cm.o
    0x20000708        -       0x00000178   Zero   RW         1920    .bss.mp_tcb         rtx_conf_cm.o
    0x20000880        -       0x00000004   Zero   RW         1926    .bss.osMessageQId_osTimerMessageQ  rtx_conf_cm.o
    0x20000884        -       0x00000004   Zero   RW         1925    .bss.osThreadId_osTimerThread  rtx_conf_cm.o
    0x20000888        -       0x0000001c   Zero   RW         1924    .bss.os_active_TCB  rtx_conf_cm.o
    0x200008a4        -       0x00000084   Zero   RW         1923    .bss.os_fifo        rtx_conf_cm.o
    0x20000928        -       0x00000020   Zero   RW         1911    .bss.os_messageQ_q_osTimerMessageQ  rtx_conf_cm.o
    0x20000948        -       0x000001b0   Zero   RW         1922    .bss.os_stack_mem   rtx_conf_cm.o
    0x20000af8        -       0x00000200   Zero   RW         1935    HEAP                startup_stm32f401xe.o
    0x20000cf8        -       0x00000400   Zero   RW         1934    STACK               startup_stm32f401xe.o


==============================================================================

Image component sizes


      Code (inc. data)   RO Data    RW Data    ZI Data      Debug   Object Name

        32          0          0          0          0      24980   adc.o
        66          0         16          0          0       2766   bit.o
        72         16          4          0          8      26322   complejo.o
       176          8          0          0          0      19071   delay.o
        72         16          4          0          8      21603   hmc5883.o
       678          0          0          0         41      26564   i2c.o
       536          0        559          4        152      19113   main.o
      2206         72         16          0         64      28388   pin.o
        72         16          4          0          8      21097   qmc5883.o
       168          0          0          0          8      27053   rtc.o
       194          4         84          0       2228       5613   rtx_conf_cm.o
      1780        160         48          0          0      21692   spi.o
       160          0         48          0          0       2525   spibus.o
        64         26        404          0       1536        972   startup_stm32f401xe.o
       320          0         16          4          0       2785   system_stm32f4xx.o
       334          0          0          0         28      24928   timer.o
       282          0          0          0         12      24906   usart.o

    ----------------------------------------------------------------------
      7284        318       1236          8       4100     300378   Object Totals
         0          0         32          0          0          0   (incl. Generated)
        72          0          1          0          7          0   (incl. Padding)

    ----------------------------------------------------------------------

      Code (inc. data)   RO Data    RW Data    ZI Data      Debug   Library Member Name

       268         24          0          1          0       4440   hal_cm.o
       408         34          0          0          0        812   hal_cm4.o
      1110        138          0          8          0      36325   rt_cmsis.o
        80          4          0          0          0        697   rt_event.o
       530         34          0          0         48       8589   rt_list.o
       554         10          0          0          0       4177   rt_mailbox.o
       140          0          0          0          0       2033   rt_membox.o
       128          0          0          0          0       2411   rt_memory.o
       336         14          0          0          0       1719   rt_mutex.o
        96         22          0          8          0       1230   rt_robin.o
        52          4          0          0          0        613   rt_semaphore.o
       298         52          0          8          0       6427   rt_system.o
      1216        174          0          8         52      10017   rt_task.o
         0          0          0          4          0        206   rt_time.o
         4          4          0          0          0        196   svc_table.o
         8          0          0          0          0         68   __main.o
         0          0          0          0          0          0   __rtentry.o
        20          0          0          0          0          0   __rtentry2.o
         6          0          0          0          0          0   __rtentry4.o
        94          8          0          0          0          0   __scatter.o
        26          0          0          0          0          0   __scatter_copy.o
        28          0          0          0          0          0   __scatter_zi.o
        18          0          0          0          0         80   exit.o
         6          0          0          0          0        152   heapauxi.o
         0          0          0          0          0          0   indicate_semi.o
        44          8          0          0          0         80   init_aeabi.o
         2          0          0          0          0          0   libinit.o
        10          0          0          0          0          0   libinit2.o
         2          0          0          0          0          0   libshutdown.o
         2          0          0          0          0          0   libshutdown2.o
         8          4          0          0         96         68   libspace.o
         2          0          0          0          0          0   rtexit.o
        10          0          0          0          0          0   rtexit2.o
        12          4          0          0          0         68   sys_exit.o
        74          0          0          0          0         80   sys_stackheap_outer.o
         2          0          0          0          0         68   use_no_semi.o
        24          0          0          0          0        164   basic.o
       834         16          0          0          0        516   daddsub_clz.o
        84          0          0          0          0        244   dcmp.o
        24          0          0          0          0        116   dcmpi.o
       692        140          0          0          0        264   ddiv.o
       120          4          0          0          0        140   deqf.o
        90          4          0          0          0        140   dfixu.o
        38          0          0          0          0        116   dflt_clz.o
       120          4          0          0          0        140   dgeqf.o
       120          4          0          0          0        140   dleqf.o
       340         12          0          0          0        152   dmul.o
       156          4          0          0          0        140   dnaninf.o
        12          0          0          0          0        116   dretinf.o
        26          0          0          0          0        116   fpinit.o
         0          0          0          0          0          0   usenofp.o
       728        106        152          0          0        228   atan.o
        52          8          0          0          0        248   dunder.o
        24          0          0          0          0        124   fabs.o
        48          0          0          0          0        124   fpclassify.o
       248          0          0          0          0        152   poly.o

    ----------------------------------------------------------------------
      9416        840        152         40        196      83936   Library Totals
        42          0          0          3          0          0   (incl. Padding)

    ----------------------------------------------------------------------

      Code (inc. data)   RO Data    RW Data    ZI Data      Debug   Library Name

      5220        514          0         37        100      79892   RTX_CM4.lib
       374         24          0          0         96        664   c_w.l
      2680        188          0          0          0       2504   fz_wm.l
      1100        114        152          0          0        876   m_wm.l

    ----------------------------------------------------------------------
      9416        840        152         40        196      83936   Library Totals

    ----------------------------------------------------------------------

==============================================================================


      Code (inc. data)   RO Data    RW Data    ZI Data      Debug   

     16700       1158       1388         48       4296     375074   Grand Totals
     16700       1158       1388         48       4296     375074   ELF Image Totals
     16700       1158       1388         48          0          0   ROM Totals

==============================================================================

    Total RO  Size (Code + RO Data)                18088 (  17.66kB)
    Total RW  Size (RW Data + ZI Data)              4344 (   4.24kB)
    Total ROM Size (Code + RO Data + RW Data)      18136 (  17.71kB)

==============================================================================

