Component: Arm Compiler for Embedded 6.21 Tool: armlink [5ec1fa00]

==============================================================================

Section Cross References

    adc.o(.text._ZN3AdcC2Ev) refers to adc.o(.text._ZN3PinC2Ev) for Pin::Pin__sub_object()
    adc.o(.ARM.exidx.text._ZN3AdcC2Ev) refers to adc.o(.text._ZN3AdcC2Ev) for [Anonymous Symbol]
    adc.o(.text._ZN3Adc6SetAdcEh) refers to pin.o(.text._Z5PCLK2v) for PCLK2()
    adc.o(.text._ZN3Adc6SetAdcEh) refers to dflt_clz.o(x$fpl$dfltu) for __aeabi_ui2d
    adc.o(.text._ZN3Adc6SetAdcEh) refers to ddiv.o(x$fpl$ddiv) for __aeabi_ddiv
    adc.o(.text._ZN3Adc6SetAdcEh) refers to dcmp.o(x$fpl$fcmp) for __aeabi_dcmple
    adc.o(.text._ZN3Adc6SetAdcEh) refers to dmul.o(x$fpl$dmul) for __aeabi_dmul
    adc.o(.ARM.exidx.text._ZN3Adc6SetAdcEh) refers to adc.o(.text._ZN3Adc6SetAdcEh) for [Anonymous Symbol]
    adc.o(.ARM.exidx.text._ZN3Adc12RegularGroupEiiiiiiiiiiiiiiii) refers to adc.o(.text._ZN3Adc12RegularGroupEiiiiiiiiiiiiiiii) for [Anonymous Symbol]
    adc.o(.ARM.exidx.text._ZN3Adc13InjectedGroupEiiii) refers to adc.o(.text._ZN3Adc13InjectedGroupEiiii) for [Anonymous Symbol]
    adc.o(.text._ZN3Adc10AnalogoPinEiiiiiiiiiiiiiiii) refers to pin.o(.text._ZN3Pin7AnalogoEh) for Pin::Analogo(unsigned char)
    adc.o(.ARM.exidx.text._ZN3Adc10AnalogoPinEiiiiiiiiiiiiiiii) refers to adc.o(.text._ZN3Adc10AnalogoPinEiiiiiiiiiiiiiiii) for [Anonymous Symbol]
    adc.o(.ARM.exidx.text._ZN3Adc15GetRegularCanalEh) refers to adc.o(.text._ZN3Adc15GetRegularCanalEh) for [Anonymous Symbol]
    adc.o(.ARM.exidx.text._ZN3Adc14GetRegularDataEv) refers to adc.o(.text._ZN3Adc14GetRegularDataEv) for [Anonymous Symbol]
    adc.o(.text._ZN3Adc14GetRegularDataERt) refers to adc.o(.text._ZN3Adc14GetRegularDataEv) for Adc::GetRegularData()
    adc.o(.ARM.exidx.text._ZN3Adc14GetRegularDataERt) refers to adc.o(.text._ZN3Adc14GetRegularDataERt) for [Anonymous Symbol]
    adc.o(.ARM.exidx.text._ZN3Adc15GetInjectedDataERtS0_S0_S0_) refers to adc.o(.text._ZN3Adc15GetInjectedDataERtS0_S0_S0_) for [Anonymous Symbol]
    adc.o(.ARM.exidx.text._ZN3Adc15GetInjectedDataERtS0_S0_) refers to adc.o(.text._ZN3Adc15GetInjectedDataERtS0_S0_) for [Anonymous Symbol]
    adc.o(.ARM.exidx.text._ZN3Adc15GetInjectedDataERtS0_) refers to adc.o(.text._ZN3Adc15GetInjectedDataERtS0_) for [Anonymous Symbol]
    adc.o(.ARM.exidx.text._ZN3Adc15GetInjectedDataERt) refers to adc.o(.text._ZN3Adc15GetInjectedDataERt) for [Anonymous Symbol]
    adc.o(.ARM.exidx.text._ZN3Adc15GetInjectedDataEv) refers to adc.o(.text._ZN3Adc15GetInjectedDataEv) for [Anonymous Symbol]
    adc.o(.ARM.exidx.text._ZN3Adc19GetRegularApuntadorEv) refers to adc.o(.text._ZN3Adc19GetRegularApuntadorEv) for [Anonymous Symbol]
    adc.o(.ARM.exidx.text._ZN3Adc20GetInjectedApuntadorEi) refers to adc.o(.text._ZN3Adc20GetInjectedApuntadorEi) for [Anonymous Symbol]
    adc.o(.ARM.exidx.text._ZN3Adc3DmaEb) refers to adc.o(.text._ZN3Adc3DmaEb) for [Anonymous Symbol]
    adc.o(.text._Z10GetAnalogoh) refers to adc.o(.text._ZN3AdcC2Ev) for Adc::Adc()
    adc.o(.text._Z10GetAnalogoh) refers to adc.o(.text._ZN3Adc6SetAdcEh) for Adc::SetAdc(unsigned char)
    adc.o(.text._Z10GetAnalogoh) refers to adc.o(.text._ZN3Adc10AnalogoPinEiiiiiiiiiiiiiiii) for Adc::AnalogoPin(int, int, int, int, int, int, int, int, int, int, int, int, int, int, int, int)
    adc.o(.text._Z10GetAnalogoh) refers to adc.o(.text._ZN3Adc12RegularGroupEiiiiiiiiiiiiiiii) for Adc::RegularGroup(int, int, int, int, int, int, int, int, int, int, int, int, int, int, int, int)
    adc.o(.text._Z10GetAnalogoh) refers to adc.o(.text._ZN3Adc14GetRegularDataEv) for Adc::GetRegularData()
    adc.o(.ARM.exidx.text._Z10GetAnalogoh) refers to adc.o(.text._Z10GetAnalogoh) for [Anonymous Symbol]
    bus.o(.text._ZN3BusC2Ev) refers to bus.o(.rodata._ZTV3Bus) for vtable for Bus
    bus.o(.ARM.exidx.text._ZN3BusC2Ev) refers to bus.o(.text._ZN3BusC2Ev) for [Anonymous Symbol]
    bus.o(.text._ZN3BusD2Ev) refers to bus.o(.rodata._ZTV3Bus) for vtable for Bus
    bus.o(.text._ZN3BusD2Ev) refers to new.cpp.o(.text._ZdlPv) for operator delete(void*)
    bus.o(.ARM.exidx.text._ZN3BusD2Ev) refers to bus.o(.text._ZN3BusD2Ev) for [Anonymous Symbol]
    bus.o(.ARM.exidx.text._ZN3Bus7GetBitsEv) refers to bus.o(.text._ZN3Bus7GetBitsEv) for [Anonymous Symbol]
    bus.o(.text._ZN3Bus7SetBitsEh) refers to new.cpp.o(.text._Znaj) for operator new[](unsigned int)
    bus.o(.ARM.exidx.text._ZN3Bus7SetBitsEh) refers to bus.o(.text._ZN3Bus7SetBitsEh) for [Anonymous Symbol]
    bus.o(.ARM.exidx.text._ZN3Bus6SetBusEt) refers to bus.o(.text._ZN3Bus6SetBusEt) for [Anonymous Symbol]
    bus.o(.ARM.exidx.text._ZN3Bus6GetBusEv) refers to bus.o(.text._ZN3Bus6GetBusEv) for [Anonymous Symbol]
    bus.o(.ARM.exidx.text._ZN3Bus6GetBitEh) refers to bus.o(.text._ZN3Bus6GetBitEh) for [Anonymous Symbol]
    bus.o(.ARM.exidx.text._ZN3Bus6SetBitEhb) refers to bus.o(.text._ZN3Bus6SetBitEhb) for [Anonymous Symbol]
[...]
    os_rdy                                   0x200002dc   Data          24  rt_list.o(.bss)
    os_dly                                   0x200002f4   Data          24  rt_list.o(.bss)
    __libspace_start                         0x2000030c   Data          96  libspace.o(.bss)
    C                                        0x2000036c   Data          20  main.o(.bss.C)
    __temporary_stack_top$libspace           0x2000036c   Data           0  libspace.o(.bss)
    CE                                       0x20000380   Data          24  main.o(.bss.CE)
    DC                                       0x20000398   Data          24  main.o(.bss.DC)
    F                                        0x200003b0   Data          20  main.o(.bss.F)
    FunAlarA                                 0x200003c4   Data           4  rtc.o(.bss.FunAlarA)
    FunAlarB                                 0x200003c8   Data           4  rtc.o(.bss.FunAlarB)
    FunExti0                                 0x200003cc   Data           4  pin.o(.bss.FunExti0)
    FunExti1                                 0x200003d0   Data           4  pin.o(.bss.FunExti1)
    FunExti10                                0x200003d4   Data           4  pin.o(.bss.FunExti10)
    FunExti11                                0x200003d8   Data           4  pin.o(.bss.FunExti11)
    FunExti12                                0x200003dc   Data           4  pin.o(.bss.FunExti12)
    FunExti13                                0x200003e0   Data           4  pin.o(.bss.FunExti13)
    FunExti14                                0x200003e4   Data           4  pin.o(.bss.FunExti14)
    FunExti15                                0x200003e8   Data           4  pin.o(.bss.FunExti15)
    FunExti2                                 0x200003ec   Data           4  pin.o(.bss.FunExti2)
    FunExti3                                 0x200003f0   Data           4  pin.o(.bss.FunExti3)
    FunExti4                                 0x200003f4   Data           4  pin.o(.bss.FunExti4)
    FunExti5                                 0x200003f8   Data           4  pin.o(.bss.FunExti5)
    FunExti6                                 0x200003fc   Data           4  pin.o(.bss.FunExti6)
    FunExti7                                 0x20000400   Data           4  pin.o(.bss.FunExti7)
    FunExti8                                 0x20000404   Data           4  pin.o(.bss.FunExti8)
    FunExti9                                 0x20000408   Data           4  pin.o(.bss.FunExti9)
    FunI2C1                                  0x2000040c   Data           4  i2c.o(.bss.FunI2C1)
    FunI2C1f                                 0x20000410   Data           4  i2c.o(.bss.FunI2C1f)
    FunI2C1i                                 0x20000414   Data           4  i2c.o(.bss.FunI2C1i)
    FunI2C2                                  0x20000418   Data           4  i2c.o(.bss.FunI2C2)
    FunI2C2f                                 0x2000041c   Data           4  i2c.o(.bss.FunI2C2f)
    FunI2C2i                                 0x20000420   Data           4  i2c.o(.bss.FunI2C2i)
    FunI2C3                                  0x20000424   Data           4  i2c.o(.bss.FunI2C3)
    FunI2C3f                                 0x20000428   Data           4  i2c.o(.bss.FunI2C3f)
    FunI2C3i                                 0x2000042c   Data           4  i2c.o(.bss.FunI2C3i)
    FunTim10                                 0x20000430   Data           4  timer.o(.bss.FunTim10)
    FunTim11                                 0x20000434   Data           4  timer.o(.bss.FunTim11)
    FunTim2                                  0x20000438   Data           4  timer.o(.bss.FunTim2)
    FunTim3                                  0x2000043c   Data           4  timer.o(.bss.FunTim3)
    FunTim4                                  0x20000440   Data           4  timer.o(.bss.FunTim4)
    FunTim5                                  0x20000444   Data           4  timer.o(.bss.FunTim5)
    FunTim9                                  0x20000448   Data           4  timer.o(.bss.FunTim9)
    FunUsart1                                0x2000044c   Data           4  usart.o(.bss.FunUsart1)
    FunUsart2                                0x20000450   Data           4  usart.o(.bss.FunUsart2)
    FunUsart6                                0x20000454   Data           4  usart.o(.bss.FunUsart6)
    Nokia                                    0x20000458   Data         668  main.o(.bss.Nokia)
    PinMotor                                 0x200006f4   Data          24  main.o(.bss.PinMotor)
    R                                        0x2000070c   Data           1  main.o(.bss.R)
    R2                                       0x2000070d   Data           1  main.o(.bss.R2)
    RST                                      0x20000710   Data          24  main.o(.bss.RST)
    S                                        0x20000728   Data          80  main.o(.bss.S)
    T                                        0x20000778   Data          12  main.o(.bss.T)
    Tarea1ID                                 0x20000784   Data           4  main.o(.bss.Tarea1ID)
    Tarea2ID                                 0x20000788   Data           4  main.o(.bss.Tarea2ID)
    Te                                       0x2000078c   Data           8  main.o(.bss.Te)
    _Dato_                                   0x20000794   Data           1  i2c.o(.bss._Dato_)
    _Dummy_                                  0x20000798   Data           4  i2c.o(.bss._Dummy_)
    __cxa_new_handler                        0x200007b8   Data           4  cxa_default_handlers.cpp.o(.bss.__cxa_new_handler)
    alarm_horas                              0x200007bc   Data           4  main.o(.bss.alarm_horas)
    alarm_minutos                            0x200007c0   Data           4  main.o(.bss.alarm_minutos)
    alarm_segundos                           0x200007c4   Data           4  main.o(.bss.alarm_segundos)
    alarmaActiva                             0x200007c8   Data           1  main.o(.bss.alarmaActiva)
    allowInput                               0x200007c9   Data           1  main.o(.bss.allowInput)
    i                                        0x200007cc   Data           4  main.o(.bss.i)
    m_tmr                                    0x200007d0   Data           4  rtx_conf_cm.o(.bss.m_tmr)
    mp_stk                                   0x200007d8   Data       24592  rtx_conf_cm.o(.bss.mp_stk)
    mp_tcb                                   0x200067e8   Data         376  rtx_conf_cm.o(.bss.mp_tcb)
    n                                        0x20006960   Data           4  main.o(.bss.n)
    osMessageQId_osTimerMessageQ             0x20006968   Data           4  rtx_conf_cm.o(.bss.osMessageQId_osTimerMessageQ)
    osThreadId_osTimerThread                 0x2000696c   Data           4  rtx_conf_cm.o(.bss.osThreadId_osTimerThread)
    os_active_TCB                            0x20006970   Data          28  rtx_conf_cm.o(.bss.os_active_TCB)
    os_fifo                                  0x2000698c   Data         132  rtx_conf_cm.o(.bss.os_fifo)
    os_messageQ_q_osTimerMessageQ            0x20006a10   Data          32  rtx_conf_cm.o(.bss.os_messageQ_q_osTimerMessageQ)
    os_stack_mem                             0x20006a30   Data        4328  rtx_conf_cm.o(.bss.os_stack_mem)
    segundos                                 0x20007b18   Data           4  main.o(.bss.segundos)



==============================================================================

Memory Map of the image

  Image Entry point : 0x08000195

  Load Region LR_IROM1 (Base: 0x08000000, Size: 0x0000a9e0, Max: 0x00080000, ABSOLUTE, COMPRESSED[0x0000a7d0])

    Execution Region ER_IROM1 (Exec base: 0x08000000, Load base: 0x08000000, Size: 0x0000a738, Max: 0x00080000, ABSOLUTE)

    Exec Addr    Load Addr    Size         Type   Attr      Idx    E Section Name        Object

    0x08000000   0x08000000   0x00000194   Data   RO         1978    RESET               startup_stm32f401xe.o
    0x08000194   0x08000194   0x00000008   Code   RO         3242  * !!!main             c_w.l(__main.o)
    0x0800019c   0x0800019c   0x0000005c   Code   RO         4066    !!!scatter          c_w.l(__scatter.o)
    0x080001f8   0x080001f8   0x0000003a   Code   RO         4064    !!dczerorl          c_w.l(__dczerorl.o)
    0x08000232   0x08000232   0x00000002   PAD
    0x08000234   0x08000234   0x00000002   Code   RO         4067    !!handler_null      c_w.l(__scatter.o)
    0x08000236   0x08000236   0x00000002   PAD
    0x08000238   0x08000238   0x0000001c   Code   RO         4070    !!handler_zi        c_w.l(__scatter_zi.o)
    0x08000254   0x08000254   0x00000000   Code   RO         3552    .ARM.Collect$$_printf_percent$$00000000  c_w.l(_printf_percent.o)
    0x08000254   0x08000254   0x00000006   Code   RO         3541    .ARM.Collect$$_printf_percent$$00000001  c_w.l(_printf_n.o)
    0x0800025a   0x0800025a   0x00000006   Code   RO         3543    .ARM.Collect$$_printf_percent$$00000002  c_w.l(_printf_p.o)
    0x08000260   0x08000260   0x00000006   Code   RO         3548    .ARM.Collect$$_printf_percent$$00000003  c_w.l(_printf_f.o)
    0x08000266   0x08000266   0x00000006   Code   RO         3549    .ARM.Collect$$_printf_percent$$00000004  c_w.l(_printf_e.o)
    0x0800026c   0x0800026c   0x00000006   Code   RO         3550    .ARM.Collect$$_printf_percent$$00000005  c_w.l(_printf_g.o)
    0x08000272   0x08000272   0x00000006   Code   RO         3551    .ARM.Collect$$_printf_percent$$00000006  c_w.l(_printf_a.o)
    0x08000278   0x08000278   0x0000000a   Code   RO         3556    .ARM.Collect$$_printf_percent$$00000007  c_w.l(_printf_ll.o)
    0x08000282   0x08000282   0x00000006   Code   RO         3545    .ARM.Collect$$_printf_percent$$00000008  c_w.l(_printf_i.o)
    0x08000288   0x08000288   0x00000006   Code   RO         3546    .ARM.Collect$$_printf_percent$$00000009  c_w.l(_printf_d.o)
    0x0800028e   0x0800028e   0x00000006   Code   RO         3547    .ARM.Collect$$_printf_percent$$0000000A  c_w.l(_printf_u.o)
    0x08000294   0x08000294   0x00000006   Code   RO         3544    .ARM.Collect$$_printf_percent$$0000000B  c_w.l(_printf_o.o)
    0x0800029a   0x0800029a   0x00000006   Code   RO         3542    .ARM.Collect$$_printf_percent$$0000000C  c_w.l(_printf_x.o)
    0x080002a0   0x080002a0   0x00000006   Code   RO         3553    .ARM.Collect$$_printf_percent$$0000000D  c_w.l(_printf_lli.o)
    0x080002a6   0x080002a6   0x00000006   Code   RO         3554    .ARM.Collect$$_printf_percent$$0000000E  c_w.l(_printf_lld.o)
    0x080002ac   0x080002ac   0x00000006   Code   RO         3555    .ARM.Collect$$_printf_percent$$0000000F  c_w.l(_printf_llu.o)
    0x080002b2   0x080002b2   0x00000006   Code   RO         3560    .ARM.Collect$$_printf_percent$$00000010  c_w.l(_printf_llo.o)
    0x080002b8   0x080002b8   0x00000006   Code   RO         3561    .ARM.Collect$$_printf_percent$$00000011  c_w.l(_printf_llx.o)
    0x080002be   0x080002be   0x0000000a   Code   RO         3557    .ARM.Collect$$_printf_percent$$00000012  c_w.l(_printf_l.o)
    0x080002c8   0x080002c8   0x00000006   Code   RO         3539    .ARM.Collect$$_printf_percent$$00000013  c_w.l(_printf_c.o)
    0x080002ce   0x080002ce   0x00000006   Code   RO         3540    .ARM.Collect$$_printf_percent$$00000014  c_w.l(_printf_s.o)
    0x080002d4   0x080002d4   0x00000006   Code   RO         3558    .ARM.Collect$$_printf_percent$$00000015  c_w.l(_printf_lc.o)
    0x080002da   0x080002da   0x00000006   Code   RO         3559    .ARM.Collect$$_printf_percent$$00000016  c_w.l(_printf_ls.o)
    0x080002e0   0x080002e0   0x00000004   Code   RO         3815    .ARM.Collect$$_printf_percent$$00000017  c_w.l(_printf_percent_end.o)
    0x080002e4   0x080002e4   0x00000002   Code   RO         3941    .ARM.Collect$$libinit$$00000000  c_w.l(libinit.o)
    0x080002e6   0x080002e6   0x00000004   Code   RO         3586    .ARM.Collect$$libinit$$00000001  c_w.l(libinit2.o)
    0x080002ea   0x080002ea   0x00000000   Code   RO         3589    .ARM.Collect$$libinit$$00000004  c_w.l(libinit2.o)
    0x080002ea   0x080002ea   0x00000000   Code   RO         3591    .ARM.Collect$$libinit$$00000006  c_w.l(libinit2.o)
    0x080002ea   0x080002ea   0x00000008   Code   RO         3592    .ARM.Collect$$libinit$$00000007  c_w.l(libinit2.o)
    0x080002f2   0x080002f2   0x00000000   Code   RO         3594    .ARM.Collect$$libinit$$0000000C  c_w.l(libinit2.o)
    0x080002f2   0x080002f2   0x00000000   Code   RO         3596    .ARM.Collect$$libinit$$0000000E  c_w.l(libinit2.o)
    0x080002f2   0x080002f2   0x00000000   Code   RO         3598    .ARM.Collect$$libinit$$00000010  c_w.l(libinit2.o)
    0x080002f2   0x080002f2   0x00000006   Code   RO         3599    .ARM.Collect$$libinit$$00000011  c_w.l(libinit2.o)
    0x080002f8   0x080002f8   0x00000000   Code   RO         3601    .ARM.Collect$$libinit$$00000013  c_w.l(libinit2.o)
    0x080002f8   0x080002f8   0x0000000c   Code   RO         3602    .ARM.Collect$$libinit$$00000014  c_w.l(libinit2.o)
    0x08000304   0x08000304   0x00000000   Code   RO         3603    .ARM.Collect$$libinit$$00000015  c_w.l(libinit2.o)
    0x08000304   0x08000304   0x00000000   Code   RO         3605    .ARM.Collect$$libinit$$00000017  c_w.l(libinit2.o)
    0x08000304   0x08000304   0x0000000a   Code   RO         3606    .ARM.Collect$$libinit$$00000018  c_w.l(libinit2.o)
    0x0800030e   0x0800030e   0x00000000   Code   RO         3607    .ARM.Collect$$libinit$$00000019  c_w.l(libinit2.o)
    0x0800030e   0x0800030e   0x00000000   Code   RO         3609    .ARM.Collect$$libinit$$0000001B  c_w.l(libinit2.o)
    0x0800030e   0x0800030e   0x00000000   Code   RO         3611    .ARM.Collect$$libinit$$0000001D  c_w.l(libinit2.o)
    0x0800030e   0x0800030e   0x00000000   Code   RO         3613    .ARM.Collect$$libinit$$0000001F  c_w.l(libinit2.o)
    0x0800030e   0x0800030e   0x00000000   Code   RO         3615    .ARM.Collect$$libinit$$00000021  c_w.l(libinit2.o)
    0x0800030e   0x0800030e   0x00000000   Code   RO         3617    .ARM.Collect$$libinit$$00000023  c_w.l(libinit2.o)
    0x0800030e   0x0800030e   0x00000000   Code   RO         3619    .ARM.Collect$$libinit$$00000025  c_w.l(libinit2.o)
    0x0800030e   0x0800030e   0x00000000   Code   RO         3621    .ARM.Collect$$libinit$$00000027  c_w.l(libinit2.o)
    0x0800030e   0x0800030e   0x00000000   Code   RO         3625    .ARM.Collect$$libinit$$0000002E  c_w.l(libinit2.o)
    0x0800030e   0x0800030e   0x00000000   Code   RO         3627    .ARM.Collect$$libinit$$00000030  c_w.l(libinit2.o)
    0x0800030e   0x0800030e   0x00000000   Code   RO         3629    .ARM.Collect$$libinit$$00000032  c_w.l(libinit2.o)
    0x0800030e   0x0800030e   0x00000004   Code   RO         3630    .ARM.Collect$$libinit$$00000033  c_w.l(libinit2.o)
    0x08000312   0x08000312   0x00000000   Code   RO         3631    .ARM.Collect$$libinit$$00000034  c_w.l(libinit2.o)
    0x08000312   0x08000312   0x00000002   Code   RO         3632    .ARM.Collect$$libinit$$00000035  c_w.l(libinit2.o)
    0x08000314   0x08000314   0x00000002   Code   RO         4050    .ARM.Collect$$libshutdown$$00000000  c_w.l(libshutdown.o)
    0x08000316   0x08000316   0x00000006   Code   RO         3942    .ARM.Collect$$libshutdown$$00000001  c_w.l(libshutdown2.o)
    0x0800031c   0x0800031c   0x00000000   Code   RO         3943    .ARM.Collect$$libshutdown$$00000002  c_w.l(libshutdown2.o)
    0x0800031c   0x0800031c   0x00000000   Code   RO         3945    .ARM.Collect$$libshutdown$$00000004  c_w.l(libshutdown2.o)
    0x0800031c   0x0800031c   0x00000000   Code   RO         3948    .ARM.Collect$$libshutdown$$00000007  c_w.l(libshutdown2.o)
    0x0800031c   0x0800031c   0x00000000   Code   RO         3951    .ARM.Collect$$libshutdown$$0000000A  c_w.l(libshutdown2.o)
    0x0800031c   0x0800031c   0x00000000   Code   RO         3953    .ARM.Collect$$libshutdown$$0000000C  c_w.l(libshutdown2.o)
    0x0800031c   0x0800031c   0x00000000   Code   RO         3956    .ARM.Collect$$libshutdown$$0000000F  c_w.l(libshutdown2.o)
    0x0800031c   0x0800031c   0x00000002   Code   RO         3957    .ARM.Collect$$libshutdown$$00000010  c_w.l(libshutdown2.o)
    0x0800031e   0x0800031e   0x00000000   Code   RO         3389    .ARM.Collect$$rtentry$$00000000  c_w.l(__rtentry.o)
    0x0800031e   0x0800031e   0x00000000   Code   RO         3741    .ARM.Collect$$rtentry$$00000002  c_w.l(__rtentry2.o)
    0x0800031e   0x0800031e   0x00000006   Code   RO         3753    .ARM.Collect$$rtentry$$00000004  c_w.l(__rtentry4.o)
    0x08000324   0x08000324   0x00000000   Code   RO         3743    .ARM.Collect$$rtentry$$00000009  c_w.l(__rtentry2.o)
    0x08000324   0x08000324   0x00000004   Code   RO         3744    .ARM.Collect$$rtentry$$0000000A  c_w.l(__rtentry2.o)
    0x08000328   0x08000328   0x00000008   Code   RO         3745    .ARM.Collect$$rtentry$$0000000B  c_w.l(__rtentry2.o)
    0x08000330   0x08000330   0x00000008   Code   RO         3747    .ARM.Collect$$rtentry$$0000000D  c_w.l(__rtentry2.o)
    0x08000338   0x08000338   0x00000002   Code   RO         3985    .ARM.Collect$$rtexit$$00000000  c_w.l(rtexit.o)
    0x0800033a   0x0800033a   0x00000000   Code   RO         4016    .ARM.Collect$$rtexit$$00000002  c_w.l(rtexit2.o)
    0x0800033a   0x0800033a   0x00000004   Code   RO         4017    .ARM.Collect$$rtexit$$00000003  c_w.l(rtexit2.o)
    0x0800033e   0x0800033e   0x00000006   Code   RO         4018    .ARM.Collect$$rtexit$$00000004  c_w.l(rtexit2.o)
    0x08000344   0x08000344   0x00000198   Code   RO         3202    .emb_text           RTX_CM4.lib(hal_cm4.o)
    0x080004dc   0x080004dc   0x00000040   Code   RO         1979    .text               startup_stm32f401xe.o
    0x0800051c   0x0800051c   0x00000008   Code   RO         3217    .text               c_w.l(libspace.o)
    0x08000524   0x08000524   0x0000002c   Code   RO         3224    .text               c_w.l(sprintf.o)
    0x08000550   0x08000550   0x0000003c   Code   RO         3226    .text               c_w.l(sscanf.o)
    0x0800058c   0x0800058c   0x0000000a   Code   RO         3233    .text               c_w.l(cxa_atexit.o)
    0x08000596   0x08000596   0x00000006   Code   RO         3240    .text               c_w.l(heapauxi.o)
    0x0800059c   0x0800059c   0x0000002c   Code   RO         3247    .text               c_w.l(init_aeabi.o)
    0x080005c8   0x080005c8   0x00000010   Code   RO         3390    .text               c_w.l(rt_ctype_table.o)
    0x080005d8   0x080005d8   0x00000004   Code   RO         3401    .text               c_w.l(rt_errno_addr_twolibspace.o)
    0x080005dc   0x080005dc   0x000000a6   Code   RO         3413    .text               c_w.l(h1_alloc_threads.o)
    0x08000682   0x08000682   0x00000076   Code   RO         3415    .text               c_w.l(h1_free_threads.o)
    0x080006f8   0x080006f8   0x00000016   Code   RO         3469    .text               c_w.l(_rserrno.o)
    0x0800070e   0x0800070e   0x0000004e   Code   RO         3473    .text               c_w.l(_printf_pad.o)
    0x0800075c   0x0800075c   0x00000024   Code   RO         3475    .text               c_w.l(_printf_truncate.o)
    0x08000780   0x08000780   0x00000052   Code   RO         3477    .text               c_w.l(_printf_str.o)
    0x080007d2   0x080007d2   0x00000002   PAD
    0x080007d4   0x080007d4   0x00000078   Code   RO         3479    .text               c_w.l(_printf_dec.o)
    0x0800084c   0x0800084c   0x00000028   Code   RO         3481    .text               c_w.l(_printf_charcount.o)
    0x08000874   0x08000874   0x00000030   Code   RO         3483    .text               c_w.l(_printf_char_common.o)
    0x080008a4   0x080008a4   0x0000000a   Code   RO         3485    .text               c_w.l(_sputc.o)
    0x080008ae   0x080008ae   0x00000002   PAD
    0x080008b0   0x080008b0   0x000000bc   Code   RO         3487    .text               c_w.l(_printf_wctomb.o)
    0x0800096c   0x0800096c   0x0000007c   Code   RO         3490    .text               c_w.l(_printf_longlong_dec.o)
    0x080009e8   0x080009e8   0x00000070   Code   RO         3496    .text               c_w.l(_printf_oct_int_ll.o)
    0x08000a58   0x08000a58   0x00000094   Code   RO         3516    .text               c_w.l(_printf_hex_int_ll_ptr.o)
    0x08000aec   0x08000aec   0x00000188   Code   RO         3536    .text               c_w.l(__printf_flags_ss_wp.o)
    0x08000c74   0x08000c74   0x00000156   Code   RO         3562    .text               c_w.l(_scanf_longlong.o)
    0x08000dca   0x08000dca   0x0000014c   Code   RO         3564    .text               c_w.l(_scanf_int.o)
    0x08000f16   0x08000f16   0x000000e0   Code   RO         3566    .text               c_w.l(_scanf_str.o)
    0x08000ff6   0x08000ff6   0x00000002   PAD
    0x08000ff8   0x08000ff8   0x0000002c   Code   RO         3568    .text               c_w.l(scanf_char.o)
    0x08001024   0x08001024   0x00000040   Code   RO         3570    .text               c_w.l(_sgetc.o)
    0x08001064   0x08001064   0x00000114   Code   RO         3574    .text               c_w.l(_scanf_mbtowc.o)
    0x08001178   0x08001178   0x000000e8   Code   RO         3576    .text               c_w.l(_scanf_wctomb.o)
    0x08001260   0x08001260   0x000000d0   Code   RO         3578    .text               c_w.l(_scanf_wstr.o)
    0x08001330   0x08001330   0x0000002e   Code   RO         3583    .text               c_w.l(aeabi_atexit.o)
    0x0800135e   0x0800135e   0x0000000a   Code   RO         3762    .text               c_w.l(rt_heap_descriptor_twolibspace.o)
    0x08001368   0x08001368   0x0000000a   Code   RO         3769    .text               c_w.l(rt_locale_twolibspace.o)
    0x08001372   0x08001372   0x0000000a   Code   RO         3776    .text               c_w.l(rt_ddtor_pointer_addr_twolibspace.o)
    0x0800137c   0x0800137c   0x00000004   Code   RO         3778    .text               c_w.l(hguard.o)
    0x08001380   0x08001380   0x0000008a   Code   RO         3780    .text               c_w.l(init_alloc.o)
    0x0800140a   0x0800140a   0x00000012   Code   RO         3786    .text               c_w.l(h1_init_threads.o)
    0x0800141c   0x0800141c   0x0000008a   Code   RO         3796    .text               c_w.l(lludiv10.o)
    0x080014a6   0x080014a6   0x00000012   Code   RO         3798    .text               c_w.l(isspace.o)
    0x080014b8   0x080014b8   0x000000b2   Code   RO         3800    .text               c_w.l(_printf_intcommon.o)
    0x0800156a   0x0800156a   0x0000041c   Code   RO         3802    .text               c_w.l(_printf_fp_dec.o)
    0x08001986   0x08001986   0x00000002   PAD
    0x08001988   0x08001988   0x000002fc   Code   RO         3806    .text               c_w.l(_printf_fp_hex.o)
    0x08001c84   0x08001c84   0x0000002c   Code   RO         3811    .text               c_w.l(_printf_char.o)
    0x08001cb0   0x08001cb0   0x0000002c   Code   RO         3813    .text               c_w.l(_printf_wchar.o)
    0x08001cdc   0x08001cdc   0x0000001c   Code   RO         3816    .text               c_w.l(_chval.o)
    0x08001cf8   0x08001cf8   0x00000374   Code   RO         3818    .text               c_w.l(_scanf.o)
    0x0800206c   0x0800206c   0x000004f8   Code   RO         3820    .text               c_w.l(scanf_fp.o)
    0x08002564   0x08002564   0x0000001e   Code   RO         3826    .text               c_w.l(_scanf_wcharmap.o)
    0x08002582   0x08002582   0x00000040   Code   RO         3828    .text               c_w.l(_mbrtoc16.o)
    0x080025c2   0x080025c2   0x00000048   Code   RO         3830    .text               c_w.l(_c16rtomb.o)
    0x0800260a   0x0800260a   0x00000042   Code   RO         3835    .text               c_w.l(cxa_finalize.o)
    0x0800264c   0x0800264c   0x0000004a   Code   RO         3869    .text               c_w.l(sys_stackheap_outer.o)
    0x08002696   0x08002696   0x00000000   Code   RO         3873    .text               c_w.l(maybetermalloc1.o)
    0x08002696   0x08002696   0x00000052   Code   RO         3877    .text               c_w.l(h1_extend_threads.o)
    0x080026e8   0x080026e8   0x00000026   Code   RO         3879    .text               c_w.l(llshl.o)
    0x0800270e   0x0800270e   0x00000002   PAD
    0x08002710   0x08002710   0x00000080   Code   RO         3881    .text               c_w.l(_printf_fp_infnan.o)
    0x08002790   0x08002790   0x000000e4   Code   RO         3883    .text               c_w.l(bigflt0.o)
    0x08002874   0x08002874   0x00000012   Code   RO         3916    .text               c_w.l(exit.o)
    0x08002886   0x08002886   0x0000000e   Code   RO         3924    .text               c_w.l(defsig_rtmem_outer.o)
    0x08002894   0x08002894   0x00000004   PAD
    0x08002898   0x08002898   0x0000007c   Code   RO         3928    .text               c_w.l(strcmpv7em.o)
    0x08002914   0x08002914   0x0000000c   Code   RO         3978    .text               c_w.l(sys_exit.o)
    0x08002920   0x08002920   0x00000002   Code   RO         3982    .text               c_w.l(use_no_semi.o)
    0x08002922   0x08002922   0x00000000   Code   RO         3984    .text               c_w.l(indicate_semi.o)
    0x08002922   0x08002922   0x00000002   PAD
    0x08002924   0x08002924   0x00000320   Code   RO         3991    .text               c_w.l(scanf_hexfp.o)
    0x08002c44   0x08002c44   0x00000134   Code   RO         3993    .text               c_w.l(scanf_infnan.o)
    0x08002d78   0x08002d78   0x0000000a   Code   RO         3997    .text               c_w.l(defsig_exit.o)
    0x08002d82   0x08002d82   0x00000002   PAD
    0x08002d84   0x08002d84   0x00000050   Code   RO         4005    .text               c_w.l(defsig_rtmem_inner.o)
    0x08002dd4   0x08002dd4   0x00000032   Code   RO         4030    .text               c_w.l(defsig_general.o)
    0x08002e06   0x08002e06   0x0000000e   Code   RO         4042    .text               c_w.l(sys_wrch.o)
    0x08002e14   0x08002e14   0x00000030   Code   RO         1116    .text.EXTI0_IRQHandler  pin.o
    0x08002e44   0x08002e44   0x00000184   Code   RO         1128    .text.EXTI15_10_IRQHandler  pin.o
    0x08002fc8   0x08002fc8   0x00000030   Code   RO         1118    .text.EXTI1_IRQHandler  pin.o
    0x08002ff8   0x08002ff8   0x00000030   Code   RO         1120    .text.EXTI2_IRQHandler  pin.o
    0x08003028   0x08003028   0x00000030   Code   RO         1122    .text.EXTI3_IRQHandler  pin.o
    0x08003058   0x08003058   0x00000030   Code   RO         1124    .text.EXTI4_IRQHandler  pin.o
    0x08003088   0x08003088   0x00000144   Code   RO         1126    .text.EXTI9_5_IRQHandler  pin.o
    0x080031cc   0x080031cc   0x000000e2   Code   RO          615    .text.I2C1_EV_IRQHandler  i2c.o
    0x080032ae   0x080032ae   0x00000002   PAD
    0x080032b0   0x080032b0   0x000000e2   Code   RO          617    .text.I2C2_EV_IRQHandler  i2c.o
    0x08003392   0x08003392   0x00000002   PAD
    0x08003394   0x08003394   0x000000e2   Code   RO          619    .text.I2C3_EV_IRQHandler  i2c.o
    0x08003476   0x08003476   0x00000002   PAD
    0x08003478   0x08003478   0x000000a8   Code   RO         1210    .text.RTC_Alarm_IRQHandler  rtc.o
    0x08003520   0x08003520   0x0000012e   Code   RO         1987    .text.SystemCoreClockUpdate  system_stm32f4xx.o
    0x0800364e   0x0800364e   0x00000002   PAD
    0x08003650   0x08003650   0x00000012   Code   RO         1985    .text.SystemInit    system_stm32f4xx.o
    0x08003662   0x08003662   0x00000002   PAD
    0x08003664   0x08003664   0x00000030   Code   RO         1400    .text.TIM1_BRK_TIM9_IRQHandler  timer.o
    0x08003694   0x08003694   0x00000030   Code   RO         1404    .text.TIM1_TRG_COM_TIM11_IRQHandler  timer.o
    0x080036c4   0x080036c4   0x00000030   Code   RO         1402    .text.TIM1_UP_TIM10_IRQHandler  timer.o
    0x080036f4   0x080036f4   0x0000002e   Code   RO         1392    .text.TIM2_IRQHandler  timer.o
    0x08003722   0x08003722   0x00000002   PAD
    0x08003724   0x08003724   0x00000030   Code   RO         1394    .text.TIM3_IRQHandler  timer.o
    0x08003754   0x08003754   0x00000030   Code   RO         1396    .text.TIM4_IRQHandler  timer.o
    0x08003784   0x08003784   0x00000030   Code   RO         1398    .text.TIM5_IRQHandler  timer.o
    0x080037b4   0x080037b4   0x0000005e   Code   RO         1026    .text.USART1_IRQHandler  usart.o
    0x08003812   0x08003812   0x00000002   PAD
    0x08003814   0x08003814   0x0000005e   Code   RO         1028    .text.USART2_IRQHandler  usart.o
    0x08003872   0x08003872   0x00000002   PAD
    0x08003874   0x08003874   0x0000005e   Code   RO         1030    .text.USART6_IRQHandler  usart.o
    0x080038d2   0x080038d2   0x00000002   PAD
    0x080038d4   0x080038d4   0x00000008   Code   RO         1377    .text._GLOBAL__sub_I_Complejo.cpp  complejo.o
    0x080038dc   0x080038dc   0x00000008   Code   RO         1751    .text._GLOBAL__sub_I_Hmc5883.cpp  hmc5883.o
    0x080038e4   0x080038e4   0x00000028   Code   RO         1483    .text._GLOBAL__sub_I_Main.cpp  main.o
    0x0800390c   0x0800390c   0x00000008   Code   RO         1796    .text._GLOBAL__sub_I_Qmc5883.cpp  qmc5883.o
    0x08003914   0x08003914   0x00000028   Code   RO          140    .text._Z12IniciarDelayv  delay.o
    0x0800393c   0x0800393c   0x0000031a   Code   RO         1475    .text._Z12Interrupcionv  main.o
    0x08003c56   0x08003c56   0x00000002   PAD
    0x08003c58   0x08003c58   0x00000626   Code   RO         1473    .text._Z12escribirHorav  main.o
    0x0800427e   0x0800427e   0x00000002   PAD
    0x08004280   0x08004280   0x00000030   Code   RO         1477    .text._Z13Tarea1TecladoPKv  main.o
    0x080042b0   0x080042b0   0x00000036   Code   RO         1479    .text._Z14Tarea2PantallaPKv  main.o
    0x080042e6   0x080042e6   0x00000002   PAD
    0x080042e8   0x080042e8   0x0000010c   Code   RO         1471    .text._Z22mostrarPantallaInicialv  main.o
    0x080043f4   0x080043f4   0x00000012   Code   RO         1180    .text._Z4HCLKv      pin.o
    0x08004406   0x08004406   0x00000002   PAD
    0x08004408   0x08004408   0x00000100   Code   RO         1182    .text._Z5PCLK1v     pin.o
    0x08004508   0x08004508   0x00000100   Code   RO         1184    .text._Z5PCLK2v     pin.o
    0x08004608   0x08004608   0x00000088   Code   RO          148    .text._Z5delayj     delay.o
    0x08004690   0x08004690   0x00000088   Code   RO          146    .text._Z8Delay_msj  delay.o
    0x08004718   0x08004718   0x00000030   Code   RO         1428    .text._ZL16__NVIC_EnableIRQ9IRQn_Type  timer.o
    0x08004748   0x08004748   0x00000010   Code   RO         1086    .text._ZN3Bit6GetBitEv  bit.o
    0x08004758   0x08004758   0x00000018   Code   RO         1084    .text._ZN3Bit6SetBitEb  bit.o
    0x08004770   0x08004770   0x0000001a   Code   RO         1082    .text._ZN3BitC2Ev   bit.o
    0x0800478a   0x0800478a   0x00000002   PAD
    0x0800478c   0x0800478c   0x00000008   Code   RO           94    .text._ZN3Bus10DigitalOutEv  bus.o
    0x08004794   0x08004794   0x00000020   Code   RO           58    .text._ZN3Bus6GetBitEh  bus.o
    0x080047b4   0x080047b4   0x00000062   Code   RO           56    .text._ZN3Bus6GetBusEv  bus.o
    0x08004816   0x08004816   0x00000002   PAD
    0x08004818   0x08004818   0x00000008   Code   RO           90    .text._ZN3Bus6PullUpEv  bus.o
    0x08004820   0x08004820   0x0000002c   Code   RO           60    .text._ZN3Bus6SetBitEhb  bus.o
    0x0800484c   0x0800484c   0x00000056   Code   RO           54    .text._ZN3Bus6SetBusEt  bus.o
    0x080048a2   0x080048a2   0x00000002   PAD
    0x080048a4   0x080048a4   0x0000000c   Code   RO           50    .text._ZN3Bus7GetBitsEv  bus.o
    0x080048b0   0x080048b0   0x00000056   Code   RO           52    .text._ZN3Bus7SetBitsEh  bus.o
    0x08004906   0x08004906   0x00000002   PAD
    0x08004908   0x08004908   0x00000008   Code   RO           92    .text._ZN3Bus8PullDownEv  bus.o
    0x08004910   0x08004910   0x00000008   Code   RO           96    .text._ZN3Bus9DigitalInEv  bus.o
    0x08004918   0x08004918   0x0000001c   Code   RO           46    .text._ZN3BusC2Ev   bus.o
    0x08004934   0x08004934   0x00000038   Code   RO           48    .text._ZN3BusD2Ev   bus.o
    0x0800496c   0x0800496c   0x0000001c   Code   RO         1134    .text._ZN3Pin10DigitalOutEi  pin.o
    0x08004988   0x08004988   0x00000038   Code   RO         1136    .text._ZN3Pin10DigitalOutEv  pin.o
    0x080049c0   0x080049c0   0x0000009c   Code   RO         1130    .text._ZN3Pin18FuncionAlternativaEih  pin.o
    0x08004a5c   0x08004a5c   0x0000014a   Code   RO         1132    .text._ZN3Pin4GpioEi  pin.o
    0x08004ba6   0x08004ba6   0x00000002   PAD
    0x08004ba8   0x08004ba8   0x00000020   Code   RO         1158    .text._ZN3Pin6GetBitEv  pin.o
    0x08004bc8   0x08004bc8   0x0000001c   Code   RO         1148    .text._ZN3Pin6PullUpEv  pin.o
    0x08004be4   0x08004be4   0x0000003e   Code   RO         1160    .text._ZN3Pin6SetBitEb  pin.o
    0x08004c22   0x08004c22   0x00000002   PAD
    0x08004c24   0x08004c24   0x0000001c   Code   RO         1152    .text._ZN3Pin8PullDownEv  pin.o
    0x08004c40   0x08004c40   0x00000014   Code   RO         1142    .text._ZN3Pin9DigitalInEi  pin.o
    0x08004c54   0x08004c54   0x00000018   Code   RO         1144    .text._ZN3Pin9DigitalInEv  pin.o
    0x08004c6c   0x08004c6c   0x00000020   Code   RO           43    .text._ZN3PinC2Ev   adc.o
    0x08004c8c   0x08004c8c   0x00000028   Code   RO         1166    .text._ZN3PinaSEb   pin.o
    0x08004cb4   0x08004cb4   0x00000014   Code   RO         1174    .text._ZN3PinrsEi   pin.o
    0x08004cc8   0x08004cc8   0x00000014   Code   RO          925    .text._ZN3Spi3LsbEv  spi.o
    0x08004cdc   0x08004cdc   0x00000016   Code   RO          923    .text._ZN3Spi3MsbEv  spi.o
    0x08004cf2   0x08004cf2   0x00000002   PAD
    0x08004cf4   0x08004cf4   0x0000002a   Code   RO          921    .text._ZN3Spi4ModoEh  spi.o
    0x08004d1e   0x08004d1e   0x00000002   PAD
    0x08004d20   0x08004d20   0x000005b0   Code   RO          919    .text._ZN3Spi7IniciarEhhhj  spi.o
    0x080052d0   0x080052d0   0x00000022   Code   RO          917    .text._ZN3Spi7IniciarEj  spi.o
    0x080052f2   0x080052f2   0x00000002   PAD
    0x080052f4   0x080052f4   0x0000001a   Code   RO          915    .text._ZN3Spi7IniciarEv  spi.o
    0x0800530e   0x0800530e   0x00000002   PAD
    0x08005310   0x08005310   0x00000044   Code   RO          931    .text._ZN3Spi8TxRxDatoEh  spi.o
    0x08005354   0x08005354   0x0000003e   Code   RO          913    .text._ZN3SpiC2Ev   spi.o
    0x08005392   0x08005392   0x00000002   PAD
    0x08005394   0x08005394   0x0000001e   Code   RO          933    .text._ZN3SpiaSEh   spi.o
    0x080053b2   0x080053b2   0x00000002   PAD
    0x080053b4   0x080053b4   0x00000014   Code   RO          935    .text._ZN3SpicvhEv  spi.o
    0x080053c8   0x080053c8   0x00000058   Code   RO          326    .text._ZN4GLcd10PrintTextoEiiPc  glcd.o
    0x08005420   0x08005420   0x0000005c   Code   RO          268    .text._ZN4GLcd11FuenteTextoEPKh  glcd.o
    0x0800547c   0x0800547c   0x00000008   Code   RO          270    .text._ZN4GLcd11IniciarGLCDEv  glcd.o
    0x08005484   0x08005484   0x0000007e   Code   RO          320    .text._ZN4GLcd12GetPixelFontEPKhiic  glcd.o
    0x08005502   0x08005502   0x00000002   PAD
    0x08005504   0x08005504   0x00000028   Code   RO          322    .text._ZN4GLcd12GetPixelFontEiic  glcd.o
    0x0800552c   0x0800552c   0x00000044   Code   RO          304    .text._ZN4GLcd17RectanguloRellenoEiiii  glcd.o
    0x08005570   0x08005570   0x0000000c   Code   RO          272    .text._ZN4GLcd5PixelEii  glcd.o
    0x0800557c   0x0800557c   0x0000000e   Code   RO          274    .text._ZN4GLcd6LineaXEiii  glcd.o
    0x0800558a   0x0800558a   0x00000002   PAD
    0x0800558c   0x0800558c   0x0000000e   Code   RO          276    .text._ZN4GLcd6LineaYEiii  glcd.o
    0x0800559a   0x0800559a   0x00000002   PAD
    0x0800559c   0x0800559c   0x0000001a   Code   RO          280    .text._ZN4GLcd8SetColorEj  glcd.o
    0x080055b6   0x080055b6   0x00000002   PAD
    0x080055b8   0x080055b8   0x00000022   Code   RO          314    .text._ZN4GLcd9AnchoCharEc  glcd.o
    0x080055da   0x080055da   0x00000002   PAD
    0x080055dc   0x080055dc   0x00000082   Code   RO          324    .text._ZN4GLcd9PrintCharEiic  glcd.o
    0x0800565e   0x0800565e   0x00000002   PAD
    0x08005660   0x08005660   0x00000008   Code   RO          278    .text._ZN4GLcd9RefrescarEv  glcd.o
    0x08005668   0x08005668   0x0000003a   Code   RO          266    .text._ZN4GLcdC2Ev  glcd.o
    0x080056a2   0x080056a2   0x00000002   PAD
    0x080056a4   0x080056a4   0x000000c6   Code   RO          806    .text._ZN4Port10DigitalOutEiiiiiiiiiiiiiiii  port.o
    0x0800576a   0x0800576a   0x00000002   PAD
    0x0800576c   0x0800576c   0x0000004e   Code   RO          810    .text._ZN4Port10DigitalOutEv  port.o
    0x080057ba   0x080057ba   0x00000002   PAD
    0x080057bc   0x080057bc   0x00000068   Code   RO          822    .text._ZN4Port6GetBusEv  port.o
    0x08005824   0x08005824   0x00000058   Code   RO          814    .text._ZN4Port6PullUpEv  port.o
    0x0800587c   0x0800587c   0x00000080   Code   RO          820    .text._ZN4Port6SetBusEt  port.o
    0x080058fc   0x080058fc   0x00000370   Code   RO          804    .text._ZN4Port7IniciarEiiiiiiiiiiiiiiii  port.o
    0x08005c6c   0x08005c6c   0x00000058   Code   RO          816    .text._ZN4Port8PullDownEv  port.o
    0x08005cc4   0x08005cc4   0x000000c6   Code   RO          808    .text._ZN4Port9DigitalInEiiiiiiiiiiiiiiii  port.o
    0x08005d8a   0x08005d8a   0x00000002   PAD
    0x08005d8c   0x08005d8c   0x0000004e   Code   RO          812    .text._ZN4Port9DigitalInEv  port.o
    0x08005dda   0x08005dda   0x00000002   PAD
    0x08005ddc   0x08005ddc   0x0000002a   Code   RO          802    .text._ZN4PortC2Ev  port.o
    0x08005e06   0x08005e06   0x00000002   PAD
    0x08005e08   0x08005e08   0x00000014   Code   RO         1525    .text._ZN4PortD2Ev  main.o
    0x08005e1c   0x08005e1c   0x0000006e   Code   RO         1416    .text._ZN5Timer10SetPeriodoEd  timer.o
    0x08005e8a   0x08005e8a   0x00000002   PAD
    0x08005e8c   0x08005e8c   0x000000c8   Code   RO         1426    .text._ZN5Timer11InterrpcionEPFvvE  timer.o
    0x08005f54   0x08005f54   0x00000004   PAD
    0x08005f58   0x08005f58   0x00000120   Code   RO         1406    .text._ZN5Timer4APB1Ev  timer.o
    0x08006078   0x08006078   0x00000120   Code   RO         1408    .text._ZN5Timer4APB2Ev  timer.o
    0x08006198   0x08006198   0x00000176   Code   RO         1410    .text._ZN5Timer8SetTimerEh  timer.o
    0x0800630e   0x0800630e   0x00000002   PAD
    0x08006310   0x08006310   0x00000014   Code   RO         1432    .text._ZN5TimeraSEPFvvE  timer.o
    0x08006324   0x08006324   0x0000001c   Code   RO         1430    .text._ZN5TimeraSEd  timer.o
    0x08006340   0x08006340   0x00000008   Code   RO          959    .text._ZN6SpiBus3LsbEv  spibus.o
    0x08006348   0x08006348   0x00000008   Code   RO          957    .text._ZN6SpiBus3MsbEv  spibus.o
    0x08006350   0x08006350   0x0000000c   Code   RO          955    .text._ZN6SpiBus4ModoEh  spibus.o
    0x0800635c   0x0800635c   0x00000018   Code   RO          951    .text._ZN6SpiBus7IniciarEhhhj  spibus.o
    0x08006374   0x08006374   0x0000002a   Code   RO          953    .text._ZN6SpiBus7IniciarEhhhjbb  spibus.o
    0x0800639e   0x0800639e   0x00000002   PAD
    0x080063a0   0x080063a0   0x0000000a   Code   RO          949    .text._ZN6SpiBus7IniciarEj  spibus.o
    0x080063aa   0x080063aa   0x00000002   PAD
    0x080063ac   0x080063ac   0x00000008   Code   RO          947    .text._ZN6SpiBus7IniciarEv  spibus.o
    0x080063b4   0x080063b4   0x0000000a   Code   RO          961    .text._ZN6SpiBus8TxRxDatoEh  spibus.o
    0x080063be   0x080063be   0x00000002   PAD
    0x080063c0   0x080063c0   0x00000016   Code   RO          945    .text._ZN6SpiBusC2Ev  spibus.o
    0x080063d6   0x080063d6   0x00000002   PAD
    0x080063d8   0x080063d8   0x0000000a   Code   RO          963    .text._ZN6SpiBusaSEh  spibus.o
    0x080063e2   0x080063e2   0x00000002   PAD
    0x080063e4   0x080063e4   0x00000006   Code   RO          965    .text._ZN6SpiBuscvhEv  spibus.o
    0x080063ea   0x080063ea   0x00000002   PAD
    0x080063ec   0x080063ec   0x0000003a   Code   RO         1011    .text._ZN7Teclado10SetBusPortEP3BusS1_  teclado.o
    0x08006426   0x08006426   0x00000002   PAD
    0x08006428   0x08006428   0x000000d2   Code   RO         1013    .text._ZN7Teclado8GetTeclaEv  teclado.o
    0x080064fa   0x080064fa   0x00000002   PAD
    0x080064fc   0x080064fc   0x0000002a   Code   RO         1015    .text._ZN7Teclado9WaitTeclaEv  teclado.o
    0x08006526   0x08006526   0x00000002   PAD
    0x08006528   0x08006528   0x0000000a   Code   RO         1009    .text._ZN7TecladoC2Ev  teclado.o
    0x08006532   0x08006532   0x00000002   PAD
    0x08006534   0x08006534   0x00000110   Code   RO          490    .text._ZN9Nokia511011IniciarGLCDEiii  nokia5110.o
    0x08006644   0x08006644   0x00000016   Code   RO          488    .text._ZN9Nokia511011IniciarGLCDEv  nokia5110.o
    0x0800665a   0x0800665a   0x00000002   PAD
    0x0800665c   0x0800665c   0x00000032   Code   RO          494    .text._ZN9Nokia511014BorrarPantallaEv  nokia5110.o
    0x0800668e   0x0800668e   0x00000002   PAD
    0x08006690   0x08006690   0x00000092   Code   RO          506    .text._ZN9Nokia51105PixelEii  nokia5110.o
    0x08006722   0x08006722   0x00000002   PAD
    0x08006724   0x08006724   0x00000036   Code   RO          498    .text._ZN9Nokia51106ImagenEPh  nokia5110.o
    0x0800675a   0x0800675a   0x00000002   PAD
    0x0800675c   0x0800675c   0x0000003a   Code   RO          508    .text._ZN9Nokia51106LineaXEiii  nokia5110.o
    0x08006796   0x08006796   0x00000002   PAD
    0x08006798   0x08006798   0x0000003a   Code   RO          510    .text._ZN9Nokia51106LineaYEiii  nokia5110.o
    0x080067d2   0x080067d2   0x00000002   PAD
    0x080067d4   0x080067d4   0x00000010   Code   RO          486    .text._ZN9Nokia51106SetSpiEP6SpiBus  nokia5110.o
    0x080067e4   0x080067e4   0x000000ac   Code   RO          500    .text._ZN9Nokia51109RefrescarEv  nokia5110.o
    0x08006890   0x08006890   0x0000003c   Code   RO          484    .text._ZN9Nokia5110C2Ev  nokia5110.o
    0x080068cc   0x080068cc   0x0000000c   Code   RO         3685    .text._ZSt15get_new_handlerv  libcppabi_w.l(cxa_handlers.cpp.o)
    0x080068d8   0x080068d8   0x00000004   Code   RO         3291    .text._ZdlPv        libcpp_w.l(new.cpp.o)
    0x080068dc   0x080068dc   0x00000004   Code   RO         3287    .text._Znaj         libcpp_w.l(new.cpp.o)
    0x080068e0   0x080068e0   0x00000026   Code   RO         3283    .text._Znwj         libcpp_w.l(new.cpp.o)
    0x08006906   0x08006906   0x00000002   PAD
    0x08006908   0x08006908   0x00000040   Code   RO         1375    .text.__cxx_global_var_init  complejo.o
    0x08006948   0x08006948   0x00000010   Code   RO         1453    .text.__cxx_global_var_init  main.o
    0x08006958   0x08006958   0x00000040   Code   RO         1749    .text.__cxx_global_var_init  hmc5883.o
    0x08006998   0x08006998   0x00000040   Code   RO         1794    .text.__cxx_global_var_init  qmc5883.o
    0x080069d8   0x080069d8   0x0000002c   Code   RO         1455    .text.__cxx_global_var_init.1  main.o
    0x08006a04   0x08006a04   0x0000002c   Code   RO         1457    .text.__cxx_global_var_init.2  main.o
    0x08006a30   0x08006a30   0x00000010   Code   RO         1459    .text.__cxx_global_var_init.3  main.o
    0x08006a40   0x08006a40   0x00000010   Code   RO         1461    .text.__cxx_global_var_init.4  main.o
    0x08006a50   0x08006a50   0x00000010   Code   RO         1463    .text.__cxx_global_var_init.5  main.o
    0x08006a60   0x08006a60   0x00000010   Code   RO         1465    .text.__cxx_global_var_init.6  main.o
    0x08006a70   0x08006a70   0x00000010   Code   RO         1467    .text.__cxx_global_var_init.7  main.o
    0x08006a80   0x08006a80   0x00000010   Code   RO         1469    .text.__cxx_global_var_init.8  main.o
    0x08006a90   0x08006a90   0x00000026   Code   RO         1928    .text.__osSignalWait  rtx_conf_cm.o
    0x08006ab6   0x08006ab6   0x00000002   PAD
    0x08006ab8   0x08006ab8   0x00000054   Code   RO         1920    .text.__user_perthread_libspace  rtx_conf_cm.o
    0x08006b0c   0x08006b0c   0x00000046   Code   RO         1924    .text._mutex_acquire  rtx_conf_cm.o
    0x08006b52   0x08006b52   0x00000002   PAD
    0x08006b54   0x08006b54   0x00000046   Code   RO         1922    .text._mutex_initialize  rtx_conf_cm.o
    0x08006b9a   0x08006b9a   0x00000002   PAD
    0x08006b9c   0x08006b9c   0x00000036   Code   RO         1926    .text._mutex_release  rtx_conf_cm.o
    0x08006bd2   0x08006bd2   0x00000002   PAD
    0x08006bd4   0x08006bd4   0x0000001a   Code   RO         1934    .text._platform_post_lib_init  rtx_conf_cm.o
    0x08006bee   0x08006bee   0x00000002   PAD
    0x08006bf0   0x08006bf0   0x00000188   Code   RO         1481    .text.main          main.o
    0x08006d78   0x08006d78   0x00000028   Code   RO         1918    .text.os_error      rtx_conf_cm.o
    0x08006da0   0x08006da0   0x00000004   Code   RO         1916    .text.os_idle_demon  rtx_conf_cm.o
    0x08006da4   0x08006da4   0x0000003e   Code   RO         3886    CL$$btod_d2e        c_w.l(btod.o)
    0x08006de2   0x08006de2   0x00000046   Code   RO         3888    CL$$btod_d2e_denorm_low  c_w.l(btod.o)
    0x08006e28   0x08006e28   0x00000060   Code   RO         3887    CL$$btod_d2e_norm_op1  c_w.l(btod.o)
    0x08006e88   0x08006e88   0x00000338   Code   RO         3896    CL$$btod_div_common  c_w.l(btod.o)
    0x080071c0   0x080071c0   0x00000084   Code   RO         3894    CL$$btod_e2d        c_w.l(btod.o)
    0x08007244   0x08007244   0x000000dc   Code   RO         3893    CL$$btod_e2e        c_w.l(btod.o)
    0x08007320   0x08007320   0x0000002a   Code   RO         3890    CL$$btod_ediv       c_w.l(btod.o)
    0x0800734a   0x0800734a   0x0000002a   Code   RO         3892    CL$$btod_edivd      c_w.l(btod.o)
    0x08007374   0x08007374   0x0000002a   Code   RO         3889    CL$$btod_emul       c_w.l(btod.o)
    0x0800739e   0x0800739e   0x0000002a   Code   RO         3891    CL$$btod_emuld      c_w.l(btod.o)
    0x080073c8   0x080073c8   0x00000244   Code   RO         3895    CL$$btod_mult_common  c_w.l(btod.o)
    0x0800760c   0x0800760c   0x00000004   Code   RO         3212    SVC_TABLE           RTX_CM4.lib(svc_table.o)
    0x08007610   0x08007610   0x00000030   Code   RO         3711    i.__ARM_fpclassify  m_wm.l(fpclassify.o)
    0x08007640   0x08007640   0x000000f8   Code   RO         3970    i.__hardfp___mathlib_tofloat  m_wm.l(narrow.o)
    0x08007738   0x08007738   0x000002d8   Code   RO         3324    i.__hardfp_atan     m_wm.l(atan.o)
    0x08007a10   0x08007a10   0x000000d0   Code   RO         4034    i.__hardfp_ldexp    m_wm.l(ldexp.o)
    0x08007ae0   0x08007ae0   0x0000003a   Code   RO         3383    i.__hardfp_sqrtf    m_wm.l(sqrtf.o)
    0x08007b1a   0x08007b1a   0x000000f8   Code   RO         3729    i.__kernel_poly     m_wm.l(poly.o)
    0x08007c12   0x08007c12   0x00000014   Code   RO         3692    i.__mathlib_dbl_infnan  m_wm.l(dunder.o)
    0x08007c26   0x08007c26   0x00000002   PAD
    0x08007c28   0x08007c28   0x00000020   Code   RO         3695    i.__mathlib_dbl_overflow  m_wm.l(dunder.o)
    0x08007c48   0x08007c48   0x00000020   Code   RO         3697    i.__mathlib_dbl_underflow  m_wm.l(dunder.o)
    0x08007c68   0x08007c68   0x00000012   Code   RO         3971    i.__mathlib_narrow  m_wm.l(narrow.o)
    0x08007c7a   0x08007c7a   0x00000014   Code   RO         4036    i.__support_ldexp   m_wm.l(ldexp.o)
    0x08007c8e   0x08007c8e   0x00000046   Code   RO         3096    i._init_box         RTX_CM4.lib(rt_membox.o)
    0x08007cd4   0x08007cd4   0x0000000e   Code   RO         3529    i._is_digit         c_w.l(__printf_wp.o)
    0x08007ce2   0x08007ce2   0x00000002   PAD
    0x08007ce4   0x08007ce4   0x00000030   Code   RO         3149    i.dbg_init          RTX_CM4.lib(hal_cm.o)
    0x08007d14   0x08007d14   0x00000020   Code   RO         3150    i.dbg_task_notify   RTX_CM4.lib(hal_cm.o)
    0x08007d34   0x08007d34   0x00000010   Code   RO         3151    i.dbg_task_switch   RTX_CM4.lib(hal_cm.o)
    0x08007d44   0x08007d44   0x00000018   Code   RO         3707    i.fabs              m_wm.l(fabs.o)
    0x08007d5c   0x08007d5c   0x00000004   PAD
    0x08007d60   0x08007d60   0x0000008c   Code   RO         4011    i.frexp             m_wm.l(frexp.o)
    0x08007dec   0x08007dec   0x0000002a   Code   RO         2001    i.isrMessageGet     RTX_CM4.lib(rt_cmsis.o)
    0x08007e16   0x08007e16   0x0000002c   Code   RO         2002    i.isrMessagePut     RTX_CM4.lib(rt_cmsis.o)
    0x08007e42   0x08007e42   0x00000024   Code   RO         2004    i.isrSignalSet      RTX_CM4.lib(rt_cmsis.o)
    0x08007e66   0x08007e66   0x00000002   PAD
    0x08007e68   0x08007e68   0x00000028   Code   RO         2833    i.isr_evt_set       RTX_CM4.lib(rt_event.o)
    0x08007e90   0x08007e90   0x00000056   Code   RO         2951    i.isr_mbx_receive   RTX_CM4.lib(rt_mailbox.o)
    0x08007ee6   0x08007ee6   0x0000000e   Code   RO         2952    i.isr_mbx_send      RTX_CM4.lib(rt_mailbox.o)
    0x08007ef4   0x08007ef4   0x00000018   Code   RO         2005    i.osDelay           RTX_CM4.lib(rt_cmsis.o)
    0x08007f0c   0x08007f0c   0x00000024   Code   RO         2006    i.osKernelInitialize  RTX_CM4.lib(rt_cmsis.o)
    0x08007f30   0x08007f30   0x0000006c   Code   RO         2008    i.osKernelStart     RTX_CM4.lib(rt_cmsis.o)
    0x08007f9c   0x08007f9c   0x00000018   Code   RO         2017    i.osMessageGet      RTX_CM4.lib(rt_cmsis.o)
    0x08007fb4   0x08007fb4   0x00000018   Code   RO         2032    i.osSignalSet       RTX_CM4.lib(rt_cmsis.o)
    0x08007fcc   0x08007fcc   0x00000018   Code   RO         2033    i.osSignalWait      RTX_CM4.lib(rt_cmsis.o)
    0x08007fe4   0x08007fe4   0x0000002c   Code   RO         2034    i.osThreadCreate    RTX_CM4.lib(rt_cmsis.o)
    0x08008010   0x08008010   0x00000018   Code   RO         2035    i.osThreadExit      RTX_CM4.lib(rt_cmsis.o)
    0x08008028   0x08008028   0x0000000c   Code   RO         2041    i.osTimerCall       RTX_CM4.lib(rt_cmsis.o)
    0x08008034   0x08008034   0x0000002c   Code   RO         2046    i.osTimerThread     RTX_CM4.lib(rt_cmsis.o)
    0x08008060   0x08008060   0x00000028   Code   RO         2743    i.os_tick_init      RTX_CM4.lib(rt_system.o)
    0x08008088   0x08008088   0x00000002   Code   RO         2744    i.os_tick_irqack    RTX_CM4.lib(rt_system.o)
    0x0800808a   0x0800808a   0x0000001a   Code   RO         3097    i.rt_alloc_box      RTX_CM4.lib(rt_membox.o)
    0x080080a4   0x080080a4   0x0000003e   Code   RO         3125    i.rt_alloc_mem      RTX_CM4.lib(rt_memory.o)
    0x080080e2   0x080080e2   0x00000002   PAD
    0x080080e4   0x080080e4   0x00000038   Code   RO         2624    i.rt_block          RTX_CM4.lib(rt_task.o)
    0x0800811c   0x0800811c   0x00000048   Code   RO         3074    i.rt_chk_robin      RTX_CM4.lib(rt_robin.o)
    0x08008164   0x08008164   0x00000070   Code   RO         2875    i.rt_dec_dly        RTX_CM4.lib(rt_list.o)
    0x080081d4   0x080081d4   0x00000044   Code   RO         2625    i.rt_dispatch       RTX_CM4.lib(rt_task.o)
    0x08008218   0x08008218   0x00000006   Code   RO         3041    i.rt_dly_wait       RTX_CM4.lib(rt_time.o)
    0x0800821e   0x0800821e   0x00000002   PAD
    0x08008220   0x08008220   0x00000050   Code   RO         2836    i.rt_evt_psh        RTX_CM4.lib(rt_event.o)
    0x08008270   0x08008270   0x0000005c   Code   RO         2837    i.rt_evt_set        RTX_CM4.lib(rt_event.o)
    0x080082cc   0x080082cc   0x0000003c   Code   RO         2838    i.rt_evt_wait       RTX_CM4.lib(rt_event.o)
    0x08008308   0x08008308   0x0000002c   Code   RO         3098    i.rt_free_box       RTX_CM4.lib(rt_membox.o)
    0x08008334   0x08008334   0x00000028   Code   RO         3126    i.rt_free_mem       RTX_CM4.lib(rt_memory.o)
    0x0800835c   0x0800835c   0x00000028   Code   RO         2876    i.rt_get_first      RTX_CM4.lib(rt_list.o)
    0x08008384   0x08008384   0x00000008   Code   RO         2051    i.rt_id2obj         RTX_CM4.lib(rt_cmsis.o)
    0x0800838c   0x0800838c   0x00000048   Code   RO         2626    i.rt_init_context   RTX_CM4.lib(rt_task.o)
    0x080083d4   0x080083d4   0x0000001a   Code   RO         3127    i.rt_init_mem       RTX_CM4.lib(rt_memory.o)
    0x080083ee   0x080083ee   0x00000002   PAD
    0x080083f0   0x080083f0   0x00000018   Code   RO         3075    i.rt_init_robin     RTX_CM4.lib(rt_robin.o)
    0x08008408   0x08008408   0x00000080   Code   RO         3152    i.rt_init_stack     RTX_CM4.lib(hal_cm.o)
    0x08008488   0x08008488   0x00000008   Code   RO         2953    i.rt_mbx_check      RTX_CM4.lib(rt_mailbox.o)
    0x08008490   0x08008490   0x0000001a   Code   RO         2954    i.rt_mbx_init       RTX_CM4.lib(rt_mailbox.o)
    0x080084aa   0x080084aa   0x00000002   PAD
    0x080084ac   0x080084ac   0x000000f0   Code   RO         2955    i.rt_mbx_psh        RTX_CM4.lib(rt_mailbox.o)
    0x0800859c   0x0800859c   0x000000b4   Code   RO         2957    i.rt_mbx_wait       RTX_CM4.lib(rt_mailbox.o)
    0x08008650   0x08008650   0x00000044   Code   RO         2052    i.rt_ms2tick        RTX_CM4.lib(rt_cmsis.o)
    0x08008694   0x08008694   0x00000010   Code   RO         2709    i.rt_mut_init       RTX_CM4.lib(rt_mutex.o)
    0x080086a4   0x080086a4   0x000000d8   Code   RO         2710    i.rt_mut_release    RTX_CM4.lib(rt_mutex.o)
    0x0800877c   0x0800877c   0x00000078   Code   RO         2711    i.rt_mut_wait       RTX_CM4.lib(rt_mutex.o)
    0x080087f4   0x080087f4   0x0000007c   Code   RO         2747    i.rt_pop_req        RTX_CM4.lib(rt_system.o)
    0x08008870   0x08008870   0x00000020   Code   RO         2748    i.rt_psh_req        RTX_CM4.lib(rt_system.o)
    0x08008890   0x08008890   0x0000005c   Code   RO         2878    i.rt_psq_enq        RTX_CM4.lib(rt_list.o)
    0x080088ec   0x080088ec   0x00000048   Code   RO         2879    i.rt_put_dly        RTX_CM4.lib(rt_list.o)
    0x08008934   0x08008934   0x00000036   Code   RO         2880    i.rt_put_prio       RTX_CM4.lib(rt_list.o)
    0x0800896a   0x0800896a   0x00000002   PAD
    0x0800896c   0x0800896c   0x00000014   Code   RO         2881    i.rt_put_rdy_first  RTX_CM4.lib(rt_list.o)
    0x08008980   0x08008980   0x00000034   Code   RO         2882    i.rt_resort_prio    RTX_CM4.lib(rt_list.o)
    0x080089b4   0x080089b4   0x00000010   Code   RO         3153    i.rt_ret_regs       RTX_CM4.lib(hal_cm.o)
    0x080089c4   0x080089c4   0x0000000c   Code   RO         3154    i.rt_ret_val        RTX_CM4.lib(hal_cm.o)
    0x080089d0   0x080089d0   0x00000010   Code   RO         3155    i.rt_ret_val2       RTX_CM4.lib(hal_cm.o)
    0x080089e0   0x080089e0   0x00000028   Code   RO         2883    i.rt_rmv_dly        RTX_CM4.lib(rt_list.o)
    0x08008a08   0x08008a08   0x00000030   Code   RO         2884    i.rt_rmv_list       RTX_CM4.lib(rt_list.o)
    0x08008a38   0x08008a38   0x00000034   Code   RO         3002    i.rt_sem_psh        RTX_CM4.lib(rt_semaphore.o)
    0x08008a6c   0x08008a6c   0x00000024   Code   RO         2750    i.rt_stk_check      RTX_CM4.lib(rt_system.o)
    0x08008a90   0x08008a90   0x00000028   Code   RO         2627    i.rt_switch_req     RTX_CM4.lib(rt_task.o)
    0x08008ab8   0x08008ab8   0x000000cc   Code   RO         2628    i.rt_sys_init       RTX_CM4.lib(rt_task.o)
    0x08008b84   0x08008b84   0x00000078   Code   RO         2629    i.rt_sys_start      RTX_CM4.lib(rt_task.o)
    0x08008bfc   0x08008bfc   0x00000040   Code   RO         2752    i.rt_systick        RTX_CM4.lib(rt_system.o)
    0x08008c3c   0x08008c3c   0x00000012   Code   RO         2053    i.rt_tid2ptcb       RTX_CM4.lib(rt_cmsis.o)
    0x08008c4e   0x08008c4e   0x00000002   PAD
    0x08008c50   0x08008c50   0x00000034   Code   RO         2054    i.rt_timer_insert   RTX_CM4.lib(rt_cmsis.o)
    0x08008c84   0x08008c84   0x00000088   Code   RO         2630    i.rt_tsk_create     RTX_CM4.lib(rt_task.o)
    0x08008d0c   0x08008d0c   0x0000017c   Code   RO         2631    i.rt_tsk_delete     RTX_CM4.lib(rt_task.o)
    0x08008e88   0x08008e88   0x0000007c   Code   RO         2633    i.rt_tsk_prio       RTX_CM4.lib(rt_task.o)
    0x08008f04   0x08008f04   0x00000010   Code   RO         2634    i.rt_tsk_self       RTX_CM4.lib(rt_task.o)
    0x08008f14   0x08008f14   0x00000012   Code   RO         2056    i.svcDelay          RTX_CM4.lib(rt_cmsis.o)
    0x08008f26   0x08008f26   0x00000002   PAD
    0x08008f28   0x08008f28   0x00000070   Code   RO         2057    i.svcKernelInitialize  RTX_CM4.lib(rt_cmsis.o)
    0x08008f98   0x08008f98   0x00000048   Code   RO         2059    i.svcKernelStart    RTX_CM4.lib(rt_cmsis.o)
    0x08008fe0   0x08008fe0   0x00000024   Code   RO         2062    i.svcMessageCreate  RTX_CM4.lib(rt_cmsis.o)
    0x08009004   0x08009004   0x0000003a   Code   RO         2063    i.svcMessageGet     RTX_CM4.lib(rt_cmsis.o)
    0x0800903e   0x0800903e   0x00000024   Code   RO         2075    i.svcSignalSet      RTX_CM4.lib(rt_cmsis.o)
    0x08009062   0x08009062   0x00000002   PAD
    0x08009064   0x08009064   0x00000054   Code   RO         2076    i.svcSignalWait     RTX_CM4.lib(rt_cmsis.o)
    0x080090b8   0x080090b8   0x0000006c   Code   RO         2077    i.svcThreadCreate   RTX_CM4.lib(rt_cmsis.o)
    0x08009124   0x08009124   0x0000001c   Code   RO         2078    i.svcThreadGetId    RTX_CM4.lib(rt_cmsis.o)
    0x08009140   0x08009140   0x00000038   Code   RO         2081    i.svcThreadTerminate  RTX_CM4.lib(rt_cmsis.o)
    0x08009178   0x08009178   0x00000018   Code   RO         2083    i.svcTimerCall      RTX_CM4.lib(rt_cmsis.o)
    0x08009190   0x08009190   0x0000005c   Code   RO         2092    i.sysTimerTick      RTX_CM4.lib(rt_cmsis.o)
    0x080091ec   0x080091ec   0x0000002c   Code   RO         3833    locale$$code        c_w.l(lc_ctype_c.o)
    0x08009218   0x08009218   0x0000002c   Code   RO         3914    locale$$code        c_w.l(lc_numeric_c.o)
    0x08009244   0x08009244   0x00000018   Code   RO         3637    x$fpl$basic         fz_wm.l(basic.o)
    0x0800925c   0x0800925c   0x00000062   Code   RO         3250    x$fpl$d2f           fz_wm.l(d2f.o)
    0x080092be   0x080092be   0x00000002   PAD
    0x080092c0   0x080092c0   0x00000150   Code   RO         3252    x$fpl$dadd          fz_wm.l(daddsub_clz.o)
    0x08009410   0x08009410   0x00000010   Code   RO         3844    x$fpl$dcheck1       fz_wm.l(dcheck1.o)
    0x08009420   0x08009420   0x00000018   Code   RO         3846    x$fpl$dcmpinf       fz_wm.l(dcmpi.o)
    0x08009438   0x08009438   0x000002b4   Code   RO         3261    x$fpl$ddiv          fz_wm.l(ddiv.o)
    0x080096ec   0x080096ec   0x00000078   Code   RO         3639    x$fpl$deqf          fz_wm.l(deqf.o)
    0x08009764   0x08009764   0x0000005a   Code   RO         3268    x$fpl$dfixu         fz_wm.l(dfixu.o)
    0x080097be   0x080097be   0x00000026   Code   RO         3272    x$fpl$dfltu         fz_wm.l(dflt_clz.o)
    0x080097e4   0x080097e4   0x00000078   Code   RO         3641    x$fpl$dgeqf         fz_wm.l(dgeqf.o)
    0x0800985c   0x0800985c   0x00000078   Code   RO         3643    x$fpl$dleqf         fz_wm.l(dleqf.o)
    0x080098d4   0x080098d4   0x00000154   Code   RO         3278    x$fpl$dmul          fz_wm.l(dmul.o)
    0x08009a28   0x08009a28   0x0000009c   Code   RO         3645    x$fpl$dnaninf       fz_wm.l(dnaninf.o)
    0x08009ac4   0x08009ac4   0x0000000c   Code   RO         3647    x$fpl$dretinf       fz_wm.l(dretinf.o)
    0x08009ad0   0x08009ad0   0x0000006c   Code   RO         3649    x$fpl$drleqf        fz_wm.l(drleqf.o)
    0x08009b3c   0x08009b3c   0x00000016   Code   RO         3253    x$fpl$drsb          fz_wm.l(daddsub_clz.o)
    0x08009b52   0x08009b52   0x00000002   PAD
    0x08009b54   0x08009b54   0x000001dc   Code   RO         3254    x$fpl$dsub          fz_wm.l(daddsub_clz.o)
    0x08009d30   0x08009d30   0x00000054   Code   RO         3258    x$fpl$fcmp          fz_wm.l(dcmp.o)
    0x08009d84   0x08009d84   0x0000001a   Code   RO         3848    x$fpl$fpinit        fz_wm.l(fpinit.o)
    0x08009d9e   0x08009d9e   0x0000000a   Code   RO         3655    x$fpl$fretinf       fz_wm.l(fretinf.o)
    0x08009da8   0x08009da8   0x00000006   Code   RO         3657    x$fpl$ieeestatus    fz_wm.l(istatus.o)
    0x08009dae   0x08009dae   0x00000004   Code   RO         3659    x$fpl$printf1       fz_wm.l(printf1.o)
    0x08009db2   0x08009db2   0x00000004   Code   RO         3661    x$fpl$printf2       fz_wm.l(printf2.o)
    0x08009db6   0x08009db6   0x00000064   Code   RO         3962    x$fpl$retnan        fz_wm.l(retnan.o)
    0x08009e1a   0x08009e1a   0x0000005c   Code   RO         3667    x$fpl$scalbn        fz_wm.l(scalbn.o)
    0x08009e76   0x08009e76   0x00000004   Code   RO         3669    x$fpl$scanf1        fz_wm.l(scanf1.o)
    0x08009e7a   0x08009e7a   0x00000008   Code   RO         3964    x$fpl$scanf2        fz_wm.l(scanf2.o)
    0x08009e82   0x08009e82   0x00000030   Code   RO         4007    x$fpl$trapveneer    fz_wm.l(trapv.o)
    0x08009eb2   0x08009eb2   0x00000000   Code   RO         3671    x$fpl$usenofp       fz_wm.l(usenofp.o)
    0x08009eb2   0x08009eb2   0x00000006   PAD
    0x08009eb8   0x08009eb8   0x00000098   Data   RO         3327    .constdata          m_wm.l(atan.o)
    0x08009f50   0x08009f50   0x00000008   Data   RO         3488    .constdata          c_w.l(_printf_wctomb.o)
    0x08009f58   0x08009f58   0x00000028   Data   RO         3517    .constdata          c_w.l(_printf_hex_int_ll_ptr.o)
    0x08009f80   0x08009f80   0x00000011   Data   RO         3537    .constdata          c_w.l(__printf_flags_ss_wp.o)
    0x08009f91   0x08009f91   0x00000026   Data   RO         3807    .constdata          c_w.l(_printf_fp_hex.o)
    0x08009fb7   0x08009fb7   0x00000001   PAD
    0x08009fb8   0x08009fb8   0x00000094   Data   RO         3884    .constdata          c_w.l(bigflt0.o)
    0x0800a04c   0x0800a04c   0x00000010   Data   RO         1515    .rodata..L__const.main.os_thread_def_Tarea1Teclado  main.o
    0x0800a05c   0x0800a05c   0x00000010   Data   RO         1516    .rodata..L__const.main.os_thread_def_Tarea2Pantalla  main.o
    0x0800a06c   0x0800a06c   0x00000010   Data   RO         1990    .rodata.AHBPrescTable  system_stm32f4xx.o
    0x0800a07c   0x0800a07c   0x00000004   Data   RO         1944    .rodata.CMSIS_RTOS_API_Version  rtx_conf_cm.o
    0x0800a080   0x0800a080   0x00000004   Data   RO         1945    .rodata.CMSIS_RTOS_RTX_Version  rtx_conf_cm.o
    0x0800a084   0x0800a084   0x00000242   Data   RO          329    .rodata._ZL6Lcd5x7  glcd.o
    0x0800a2c6   0x0800a2c6   0x00000002   PAD
    0x0800a2c8   0x0800a2c8   0x00000080   Data   RO          330    .rodata._ZL9BitsValue  glcd.o
    0x0800a348   0x0800a348   0x00000080   Data   RO          516    .rodata._ZL9BitsValue  nokia5110.o
    0x0800a3c8   0x0800a3c8   0x00000010   Data   RO         1108    .rodata._ZTV3Bit    bit.o
    0x0800a3d8   0x0800a3d8   0x00000028   Data   RO           98    .rodata._ZTV3Bus    bus.o
    0x0800a400   0x0800a400   0x00000010   Data   RO         1202    .rodata._ZTV3Pin    pin.o
    0x0800a410   0x0800a410   0x00000030   Data   RO          937    .rodata._ZTV3Spi    spi.o
    0x0800a440   0x0800a440   0x0000001c   Data   RO          328    .rodata._ZTV4GLcd   glcd.o
    0x0800a45c   0x0800a45c   0x00000028   Data   RO          834    .rodata._ZTV4Port   port.o
    0x0800a484   0x0800a484   0x00000030   Data   RO          967    .rodata._ZTV6SpiBus  spibus.o
    0x0800a4b4   0x0800a4b4   0x0000001c   Data   RO          514    .rodata._ZTV9Nokia5110  nokia5110.o
    0x0800a4d0   0x0800a4d0   0x00000004   Data   RO         1949    .rodata.mp_stk_size  rtx_conf_cm.o
    0x0800a4d4   0x0800a4d4   0x00000002   Data   RO         1948    .rodata.mp_tcb_size  rtx_conf_cm.o
    0x0800a4d6   0x0800a4d6   0x00000002   Data   RO         1957    .rodata.mp_tmr_size  rtx_conf_cm.o
    0x0800a4d8   0x0800a4d8   0x00000004   Data   RO         1946    .rodata.os_clockrate  rtx_conf_cm.o
    0x0800a4dc   0x0800a4dc   0x00000001   Data   RO         1951    .rodata.os_fifo_size  rtx_conf_cm.o
    0x0800a4dd   0x0800a4dd   0x00000001   Data   RO         1943    .rodata.os_flags    rtx_conf_cm.o
    0x0800a4de   0x0800a4de   0x00000002   Data   RO         1936    .rodata.os_maxtaskrun  rtx_conf_cm.o
    0x0800a4e0   0x0800a4e0   0x00000008   Data   RO         1954    .rodata.os_messageQ_def_osTimerMessageQ  rtx_conf_cm.o
    0x0800a4e8   0x0800a4e8   0x00000004   Data   RO         1938    .rodata.os_rrobin   rtx_conf_cm.o
    0x0800a4ec   0x0800a4ec   0x00000004   Data   RO         1950    .rodata.os_stack_sz  rtx_conf_cm.o
    0x0800a4f0   0x0800a4f0   0x00000004   Data   RO         1937    .rodata.os_stackinfo  rtx_conf_cm.o
    0x0800a4f4   0x0800a4f4   0x00000010   Data   RO         1961    .rodata.os_thread_def_main  rtx_conf_cm.o
    0x0800a504   0x0800a504   0x00000010   Data   RO         1952    .rodata.os_thread_def_osTimerThread  rtx_conf_cm.o
    0x0800a514   0x0800a514   0x00000004   Data   RO         1947    .rodata.os_timernum  rtx_conf_cm.o
    0x0800a518   0x0800a518   0x00000004   Data   RO         1942    .rodata.os_trv      rtx_conf_cm.o
    0x0800a51c   0x0800a51c   0x000000af   Data   RO         1512    .rodata.str1.1      main.o
    0x0800a5cb   0x0800a5cb   0x00000001   PAD
    0x0800a5cc   0x0800a5cc   0x00000020   Data   RO         4063    Region$$Table       anon$$obj.o
    0x0800a5ec   0x0800a5ec   0x00000008   Data   RO         3958    c$$dinf             fz_wm.l(fpconst.o)
    0x0800a5f4   0x0800a5f4   0x00000008   Data   RO         3961    c$$dmax             fz_wm.l(fpconst.o)
    0x0800a5fc   0x0800a5fc   0x00000110   Data   RO         3832    locale$$data        c_w.l(lc_ctype_c.o)
    0x0800a70c   0x0800a70c   0x0000001c   Data   RO         3913    locale$$data        c_w.l(lc_numeric_c.o)
    0x0800a728   0x0800a728   0x00000004   Data   RO         1384    .init_array         complejo.o
    0x0800a72c   0x0800a728   0x00000004   Data   RO         1517    .init_array         main.o
    0x0800a730   0x0800a728   0x00000004   Data   RO         1754    .init_array         hmc5883.o
    0x0800a734   0x0800a728   0x00000004   Data   RO         1799    .init_array         qmc5883.o
    0x0800a738   0x0800a728   0x00000000   Data   RO         3245    .init_array         c_w.l(init_aeabi.o)


    Execution Region RW_IRAM1 (Exec base: 0x20000000, Load base: 0x0800a738, Size: 0x00008640, Max: 0x00018000, ABSOLUTE, COMPRESSED[0x00000098])

    Exec Addr    Load Addr    Size         Type   Attr      Idx    E Section Name        Object

    0x20000000   COMPRESSED   0x00000004   Data   RW         1518    .ARM.use_no_argv    main.o
    0x20000004   COMPRESSED   0x00000008   Data   RW         2095    .data               RTX_CM4.lib(rt_cmsis.o)
    0x2000000c   COMPRESSED   0x00000008   Data   RW         2636    .data               RTX_CM4.lib(rt_task.o)
    0x20000014   COMPRESSED   0x00000008   Data   RW         2755    .data               RTX_CM4.lib(rt_system.o)
    0x2000001c   COMPRESSED   0x00000004   Data   RW         3045    .data               RTX_CM4.lib(rt_time.o)
    0x20000020   COMPRESSED   0x00000008   Data   RW         3076    .data               RTX_CM4.lib(rt_robin.o)
    0x20000028   COMPRESSED   0x00000001   Data   RW         3156    .data               RTX_CM4.lib(hal_cm.o)
    0x20000029   COMPRESSED   0x00000011   Data   RW         1497    .data.Dec           main.o
    0x2000003a   COMPRESSED   0x00000002   PAD
    0x2000003c   COMPRESSED   0x00000004   Data   RW         1989    .data.SystemCoreClock  system_stm32f4xx.o
    0x20000040   COMPRESSED   0x00000032   Data   RW         1495    .data.Text2         main.o
    0x20000072   COMPRESSED   0x00000032   Data   RW         1496    .data.Text3         main.o
    0x200000a4   COMPRESSED   0x00000004   Data   RW         1498    .data.horas         main.o
    0x200000a8   COMPRESSED   0x00000004   Data   RW         1499    .data.minutos       main.o
    0x200000ac   COMPRESSED   0x000001f8   Data   RW         1511    .data.reloj         main.o
    0x200002a4   COMPRESSED   0x00000004   PAD
    0x200002a8        -       0x00000034   Zero   RW         2635    .bss                RTX_CM4.lib(rt_task.o)
    0x200002dc        -       0x00000030   Zero   RW         2885    .bss                RTX_CM4.lib(rt_list.o)
    0x2000030c        -       0x00000060   Zero   RW         3218    .bss                c_w.l(libspace.o)
    0x2000036c        -       0x00000014   Zero   RW         1487    .bss.C              main.o
    0x20000380        -       0x00000018   Zero   RW         1509    .bss.CE             main.o
    0x20000398        -       0x00000018   Zero   RW         1507    .bss.DC             main.o
    0x200003b0        -       0x00000014   Zero   RW         1486    .bss.F              main.o
    0x200003c4        -       0x00000004   Zero   RW         1262    .bss.FunAlarA       rtc.o
    0x200003c8        -       0x00000004   Zero   RW         1263    .bss.FunAlarB       rtc.o
    0x200003cc        -       0x00000004   Zero   RW         1186    .bss.FunExti0       pin.o
    0x200003d0        -       0x00000004   Zero   RW         1187    .bss.FunExti1       pin.o
    0x200003d4        -       0x00000004   Zero   RW         1196    .bss.FunExti10      pin.o
    0x200003d8        -       0x00000004   Zero   RW         1197    .bss.FunExti11      pin.o
    0x200003dc        -       0x00000004   Zero   RW         1198    .bss.FunExti12      pin.o
    0x200003e0        -       0x00000004   Zero   RW         1199    .bss.FunExti13      pin.o
    0x200003e4        -       0x00000004   Zero   RW         1200    .bss.FunExti14      pin.o
    0x200003e8        -       0x00000004   Zero   RW         1201    .bss.FunExti15      pin.o
    0x200003ec        -       0x00000004   Zero   RW         1188    .bss.FunExti2       pin.o
    0x200003f0        -       0x00000004   Zero   RW         1189    .bss.FunExti3       pin.o
    0x200003f4        -       0x00000004   Zero   RW         1190    .bss.FunExti4       pin.o
    0x200003f8        -       0x00000004   Zero   RW         1191    .bss.FunExti5       pin.o
    0x200003fc        -       0x00000004   Zero   RW         1192    .bss.FunExti6       pin.o
    0x20000400        -       0x00000004   Zero   RW         1193    .bss.FunExti7       pin.o
    0x20000404        -       0x00000004   Zero   RW         1194    .bss.FunExti8       pin.o
    0x20000408        -       0x00000004   Zero   RW         1195    .bss.FunExti9       pin.o
    0x2000040c        -       0x00000004   Zero   RW          657    .bss.FunI2C1        i2c.o
    0x20000410        -       0x00000004   Zero   RW          663    .bss.FunI2C1f       i2c.o
    0x20000414        -       0x00000004   Zero   RW          660    .bss.FunI2C1i       i2c.o
    0x20000418        -       0x00000004   Zero   RW          658    .bss.FunI2C2        i2c.o
    0x2000041c        -       0x00000004   Zero   RW          664    .bss.FunI2C2f       i2c.o
    0x20000420        -       0x00000004   Zero   RW          661    .bss.FunI2C2i       i2c.o
    0x20000424        -       0x00000004   Zero   RW          659    .bss.FunI2C3        i2c.o
    0x20000428        -       0x00000004   Zero   RW          665    .bss.FunI2C3f       i2c.o
    0x2000042c        -       0x00000004   Zero   RW          662    .bss.FunI2C3i       i2c.o
    0x20000430        -       0x00000004   Zero   RW         1441    .bss.FunTim10       timer.o
    0x20000434        -       0x00000004   Zero   RW         1442    .bss.FunTim11       timer.o
    0x20000438        -       0x00000004   Zero   RW         1434    .bss.FunTim2        timer.o
    0x2000043c        -       0x00000004   Zero   RW         1435    .bss.FunTim3        timer.o
    0x20000440        -       0x00000004   Zero   RW         1436    .bss.FunTim4        timer.o
    0x20000444        -       0x00000004   Zero   RW         1437    .bss.FunTim5        timer.o
    0x20000448        -       0x00000004   Zero   RW         1440    .bss.FunTim9        timer.o
    0x2000044c        -       0x00000004   Zero   RW         1066    .bss.FunUsart1      usart.o
    0x20000450        -       0x00000004   Zero   RW         1067    .bss.FunUsart2      usart.o
    0x20000454        -       0x00000004   Zero   RW         1071    .bss.FunUsart6      usart.o
    0x20000458        -       0x0000029c   Zero   RW         1505    .bss.Nokia          main.o
    0x200006f4        -       0x00000018   Zero   RW         1510    .bss.PinMotor       main.o
    0x2000070c        -       0x00000001   Zero   RW         1488    .bss.R              main.o
    0x2000070d        -       0x00000001   Zero   RW         1489    .bss.R2             main.o
    0x2000070e   COMPRESSED   0x00000002   PAD
    0x20000710        -       0x00000018   Zero   RW         1508    .bss.RST            main.o
    0x20000728        -       0x00000050   Zero   RW         1506    .bss.S              main.o
    0x20000778        -       0x0000000c   Zero   RW         1504    .bss.T              main.o
    0x20000784        -       0x00000004   Zero   RW         1513    .bss.Tarea1ID       main.o
    0x20000788        -       0x00000004   Zero   RW         1514    .bss.Tarea2ID       main.o
    0x2000078c        -       0x00000008   Zero   RW         1485    .bss.Te             main.o
    0x20000794        -       0x00000001   Zero   RW          656    .bss._Dato_         i2c.o
    0x20000795   COMPRESSED   0x00000003   PAD
    0x20000798        -       0x00000004   Zero   RW          655    .bss._Dummy_        i2c.o
    0x2000079c   COMPRESSED   0x00000004   PAD
    0x200007a0        -       0x00000008   Zero   RW         1379    .bss._ZL4V_PI       complejo.o
    0x200007a8        -       0x00000008   Zero   RW         1753    .bss._ZL4_PI_       hmc5883.o
    0x200007b0        -       0x00000008   Zero   RW         1798    .bss._ZL4_PI_       qmc5883.o
    0x200007b8        -       0x00000004   Zero   RW         3863    .bss.__cxa_new_handler  libcppabi_w.l(cxa_default_handlers.cpp.o)
    0x200007bc        -       0x00000004   Zero   RW         1501    .bss.alarm_horas    main.o
    0x200007c0        -       0x00000004   Zero   RW         1502    .bss.alarm_minutos  main.o
    0x200007c4        -       0x00000004   Zero   RW         1503    .bss.alarm_segundos  main.o
    0x200007c8        -       0x00000001   Zero   RW         1493    .bss.alarmaActiva   main.o
    0x200007c9        -       0x00000001   Zero   RW         1492    .bss.allowInput     main.o
    0x200007ca   COMPRESSED   0x00000002   PAD
    0x200007cc        -       0x00000004   Zero   RW         1491    .bss.i              main.o
    0x200007d0        -       0x00000004   Zero   RW         1956    .bss.m_tmr          rtx_conf_cm.o
    0x200007d4   COMPRESSED   0x00000004   PAD
    0x200007d8        -       0x00006010   Zero   RW         1963    .bss.mp_stk         rtx_conf_cm.o
    0x200067e8        -       0x00000178   Zero   RW         1962    .bss.mp_tcb         rtx_conf_cm.o
    0x20006960        -       0x00000004   Zero   RW         1490    .bss.n              main.o
    0x20006964        -       0x00000004   Zero   RW         1959    .bss.nr_mutex       rtx_conf_cm.o
    0x20006968        -       0x00000004   Zero   RW         1968    .bss.osMessageQId_osTimerMessageQ  rtx_conf_cm.o
    0x2000696c        -       0x00000004   Zero   RW         1967    .bss.osThreadId_osTimerThread  rtx_conf_cm.o
    0x20006970        -       0x0000001c   Zero   RW         1966    .bss.os_active_TCB  rtx_conf_cm.o
    0x2000698c        -       0x00000084   Zero   RW         1965    .bss.os_fifo        rtx_conf_cm.o
    0x20006a10        -       0x00000020   Zero   RW         1953    .bss.os_messageQ_q_osTimerMessageQ  rtx_conf_cm.o
    0x20006a30        -       0x000010e8   Zero   RW         1964    .bss.os_stack_mem   rtx_conf_cm.o
    0x20007b18        -       0x00000004   Zero   RW         1500    .bss.segundos       main.o
    0x20007b1c        -       0x00000080   Zero   RW         1960    .bss.std_libmutex   rtx_conf_cm.o
    0x20007b9c        -       0x000002a0   Zero   RW         1958    .bss.std_libspace   rtx_conf_cm.o
    0x20007e3c   COMPRESSED   0x00000004   PAD
    0x20007e40        -       0x00000400   Zero   RW         1977    HEAP                startup_stm32f401xe.o
    0x20008240        -       0x00000400   Zero   RW         1976    STACK               startup_stm32f401xe.o


==============================================================================

Image component sizes


      Code (inc. data)   RO Data    RW Data    ZI Data      Debug   Object Name

        32          0          0          0          0      24962   adc.o
        66          0         16          0          0       2748   bit.o
       474          0         40          0          0       5169   bus.o
        72         16          4          0          8      26304   complejo.o
       312         16          0          0          0      19053   delay.o
       718          0        734          0          0      27661   glcd.o
        72         16          4          0          8      21585   hmc5883.o
       678          0          0          0         41      26547   i2c.o
      3390          8        211        633        940      24217   main.o
       908          0        156          0          0      21441   nokia5110.o
      2306         72         16          0         64      28371   pin.o
      1882          0         40          0          0      22998   port.o
        72         16          4          0          8      21079   qmc5883.o
       168          0          0          0          8      27036   rtc.o
       386          4         84          0      30304       5606   rtx_conf_cm.o
      1780        160         48          0          0      21674   spi.o
       160          0         48          0          0       2507   spibus.o
        64         26        404          0       2048        972   startup_stm32f401xe.o
       320          0         16          4          0       2854   system_stm32f4xx.o
       320          0          0          0          0      18621   teclado.o
      1690         94          0          0         28      24911   timer.o
       282          0          0          0         12      24889   usart.o

    ----------------------------------------------------------------------
     16276        428       1860        639      33492     401205   Object Totals
         0          0         32          0          0          0   (incl. Generated)
       124          0          3          2         23          0   (incl. Padding)

    ----------------------------------------------------------------------

      Code (inc. data)   RO Data    RW Data    ZI Data      Debug   Library Member Name

       268         24          0          1          0       4440   hal_cm.o
       408         34          0          0          0        812   hal_cm4.o
      1356        160          0          8          0      41006   rt_cmsis.o
       272         18          0          0          0       2798   rt_event.o
       530         34          0          0         48       8589   rt_list.o
       554         10          0          0          0       4177   rt_mailbox.o
       140          0          0          0          0       2033   rt_membox.o
       128          0          0          0          0       2411   rt_memory.o
       352         14          0          0          0       2217   rt_mutex.o
        96         22          0          8          0       1230   rt_robin.o
        52          4          0          0          0        613   rt_semaphore.o
       298         52          0          8          0       6427   rt_system.o
      1216        174          0          8         52      10017   rt_task.o
         6          0          0          4          0        684   rt_time.o
         4          4          0          0          0        196   svc_table.o
        58          0          0          0          0          0   __dczerorl.o
         8          0          0          0          0         68   __main.o
       392          4         17          0          0         92   __printf_flags_ss_wp.o
        14          0          0          0          0         68   __printf_wp.o
         0          0          0          0          0          0   __rtentry.o
        20          0          0          0          0          0   __rtentry2.o
         6          0          0          0          0          0   __rtentry4.o
        94          8          0          0          0          0   __scatter.o
        28          0          0          0          0          0   __scatter_zi.o
        72          0          0          0          0         96   _c16rtomb.o
        28          0          0          0          0         68   _chval.o
        64          0          0          0          0         84   _mbrtoc16.o
         6          0          0          0          0          0   _printf_a.o
         6          0          0          0          0          0   _printf_c.o
        44          0          0          0          0        108   _printf_char.o
        48          6          0          0          0         96   _printf_char_common.o
        40          0          0          0          0         68   _printf_charcount.o
         6          0          0          0          0          0   _printf_d.o
       120         16          0          0          0         92   _printf_dec.o
         6          0          0          0          0          0   _printf_e.o
         6          0          0          0          0          0   _printf_f.o
      1052          0          0          0          0        148   _printf_fp_dec.o
       764          8         38          0          0        100   _printf_fp_hex.o
       128         16          0          0          0         84   _printf_fp_infnan.o
         6          0          0          0          0          0   _printf_g.o
       148          4         40          0          0        160   _printf_hex_int_ll_ptr.o
         6          0          0          0          0          0   _printf_i.o
       178          0          0          0          0         88   _printf_intcommon.o
        10          0          0          0          0          0   _printf_l.o
         6          0          0          0          0          0   _printf_lc.o
        10          0          0          0          0          0   _printf_ll.o
         6          0          0          0          0          0   _printf_lld.o
         6          0          0          0          0          0   _printf_lli.o
         6          0          0          0          0          0   _printf_llo.o
         6          0          0          0          0          0   _printf_llu.o
         6          0          0          0          0          0   _printf_llx.o
       124         16          0          0          0         92   _printf_longlong_dec.o
         6          0          0          0          0          0   _printf_ls.o
         6          0          0          0          0          0   _printf_n.o
         6          0          0          0          0          0   _printf_o.o
       112          8          0          0          0        124   _printf_oct_int_ll.o
         6          0          0          0          0          0   _printf_p.o
        78          0          0          0          0        108   _printf_pad.o
         0          0          0          0          0          0   _printf_percent.o
         4          0          0          0          0          0   _printf_percent_end.o
         6          0          0          0          0          0   _printf_s.o
        82          0          0          0          0         80   _printf_str.o
        36          0          0          0          0         84   _printf_truncate.o
         6          0          0          0          0          0   _printf_u.o
        44          0          0          0          0        108   _printf_wchar.o
       188          6          8          0          0         92   _printf_wctomb.o
         6          0          0          0          0          0   _printf_x.o
        22          0          0          0          0        100   _rserrno.o
       884          6          0          0          0        100   _scanf.o
       332          0          0          0          0         96   _scanf_int.o
       342          0          0          0          0        100   _scanf_longlong.o
       276          0          0          0          0        100   _scanf_mbtowc.o
       224          0          0          0          0         96   _scanf_str.o
        30          0          0          0          0         76   _scanf_wcharmap.o
       232          0          0          0          0        100   _scanf_wctomb.o
       208          0          0          0          0         96   _scanf_wstr.o
        64          0          0          0          0         84   _sgetc.o
        10          0          0          0          0         68   _sputc.o
        46          0          0          0          0         84   aeabi_atexit.o
       228          4        148          0          0         96   bigflt0.o
      2152        136          0          0          0        956   btod.o
        10          0          0          0          0         68   cxa_atexit.o
        66          0          0          0          0         84   cxa_finalize.o
        10          0          0          0          0         68   defsig_exit.o
        50          0          0          0          0         88   defsig_general.o
        80         58          0          0          0         76   defsig_rtmem_inner.o
        14          0          0          0          0         80   defsig_rtmem_outer.o
        18          0          0          0          0         80   exit.o
       166          0          0          0          0        144   h1_alloc_threads.o
        82          0          0          0          0        104   h1_extend_threads.o
       118          0          0          0          0        108   h1_free_threads.o
        18          0          0          0          0         84   h1_init_threads.o
         6          0          0          0          0        152   heapauxi.o
         4          0          0          0          0        136   hguard.o
         0          0          0          0          0          0   indicate_semi.o
        44          8          0          0          0         80   init_aeabi.o
       138          0          0          0          0        168   init_alloc.o
        18          0          0          0          0         76   isspace.o
        44         10        272          0          0         76   lc_ctype_c.o
        44         10         28          0          0         76   lc_numeric_c.o
         2          0          0          0          0          0   libinit.o
        46          0          0          0          0          0   libinit2.o
         2          0          0          0          0          0   libshutdown.o
         8          0          0          0          0          0   libshutdown2.o
         8          4          0          0         96         68   libspace.o
        38          0          0          0          0         68   llshl.o
       138          0          0          0          0         80   lludiv10.o
         0          0          0          0          0          0   maybetermalloc1.o
        16          4          0          0          0         76   rt_ctype_table.o
        10          0          0          0          0         76   rt_ddtor_pointer_addr_twolibspace.o
         4          0          0          0          0         68   rt_errno_addr_twolibspace.o
        10          0          0          0          0         76   rt_heap_descriptor_twolibspace.o
        10          0          0          0          0         76   rt_locale_twolibspace.o
         2          0          0          0          0          0   rtexit.o
        10          0          0          0          0          0   rtexit2.o
        44          8          0          0          0         84   scanf_char.o
      1272         16          0          0          0        168   scanf_fp.o
       800         14          0          0          0        100   scanf_hexfp.o
       308         16          0          0          0        100   scanf_infnan.o
        44          6          0          0          0         84   sprintf.o
        60          8          0          0          0         84   sscanf.o
       124          0          0          0          0         88   strcmpv7em.o
        12          4          0          0          0         68   sys_exit.o
        74          0          0          0          0         80   sys_stackheap_outer.o
        14          0          0          0          0         76   sys_wrch.o
         2          0          0          0          0         68   use_no_semi.o
        24          0          0          0          0        164   basic.o
        98          4          0          0          0        140   d2f.o
       834         16          0          0          0        516   daddsub_clz.o
        16          4          0          0          0        116   dcheck1.o
        84          0          0          0          0        244   dcmp.o
        24          0          0          0          0        116   dcmpi.o
       692        140          0          0          0        264   ddiv.o
       120          4          0          0          0        140   deqf.o
        90          4          0          0          0        140   dfixu.o
        38          0          0          0          0        116   dflt_clz.o
       120          4          0          0          0        140   dgeqf.o
       120          4          0          0          0        140   dleqf.o
       340         12          0          0          0        152   dmul.o
       156          4          0          0          0        140   dnaninf.o
        12          0          0          0          0        116   dretinf.o
       108          0          0          0          0        128   drleqf.o
         0          0         16          0          0          0   fpconst.o
        26          0          0          0          0        116   fpinit.o
        10          0          0          0          0        116   fretinf.o
         6          0          0          0          0        116   istatus.o
         4          0          0          0          0        116   printf1.o
         4          0          0          0          0        116   printf2.o
       100          0          0          0          0        116   retnan.o
        92          0          0          0          0        116   scalbn.o
         4          0          0          0          0        116   scanf1.o
         8          0          0          0          0        132   scanf2.o
        48          0          0          0          0        116   trapv.o
         0          0          0          0          0          0   usenofp.o
        46          0          0          0          0        364   new.cpp.o
         0          0          0          0          4          0   cxa_default_handlers.cpp.o
        12          0          0          0          0        132   cxa_handlers.cpp.o
       728        106        152          0          0        228   atan.o
        84         16          0          0          0        372   dunder.o
        24          0          0          0          0        124   fabs.o
        48          0          0          0          0        124   fpclassify.o
       140         22          0          0          0        132   frexp.o
       228          8          0          0          0        308   ldexp.o
       266         16          0          0          0        308   narrow.o
       248          0          0          0          0        152   poly.o
        58          0          0          0          0        136   sqrtf.o

    ----------------------------------------------------------------------
     23952       1318        720         37        200     101574   Library Totals
        60          0          1          0          0          0   (incl. Padding)

    ----------------------------------------------------------------------

      Code (inc. data)   RO Data    RW Data    ZI Data      Debug   Library Name

      5680        550          0         37        100      87650   RTX_CM4.lib
     13152        404        551          0         96       7596   c_w.l
      3178        196         16          0          0       3948   fz_wm.l
        46          0          0          0          0        364   libcpp_w.l
        12          0          0          0          4        132   libcppabi_w.l
      1824        168        152          0          0       1884   m_wm.l

    ----------------------------------------------------------------------
     23952       1318        720         37        200     101574   Library Totals

    ----------------------------------------------------------------------

==============================================================================


      Code (inc. data)   RO Data    RW Data    ZI Data      Debug   

     40228       1746       2580        676      33692     486347   Grand Totals
     40228       1746       2580        152      33692     486347   ELF Image Totals (compressed)
     40228       1746       2580        152          0          0   ROM Totals

==============================================================================

    Total RO  Size (Code + RO Data)                42808 (  41.80kB)
    Total RW  Size (RW Data + ZI Data)             34368 (  33.56kB)
    Total ROM Size (Code + RO Data + RW Data)      42960 (  41.95kB)

==============================================================================

