Component: Arm Compiler for Embedded 6.21 Tool: armlink [5ec1fa00]

==============================================================================

Section Cross References

    adc.o(.text._ZN3AdcC2Ev) refers to adc.o(.text._ZN3PinC2Ev) for Pin::Pin__sub_object()
    adc.o(.ARM.exidx.text._ZN3AdcC2Ev) refers to adc.o(.text._ZN3AdcC2Ev) for [Anonymous Symbol]
    adc.o(.text._ZN3Adc6SetAdcEh) refers to pin.o(.text._Z5PCLK2v) for PCLK2()
    adc.o(.text._ZN3Adc6SetAdcEh) refers to dflt_clz.o(x$fpl$dfltu) for __aeabi_ui2d
    adc.o(.text._ZN3Adc6SetAdcEh) refers to ddiv.o(x$fpl$ddiv) for __aeabi_ddiv
    adc.o(.text._ZN3Adc6SetAdcEh) refers to dcmp.o(x$fpl$fcmp) for __aeabi_dcmple
    adc.o(.text._ZN3Adc6SetAdcEh) refers to dmul.o(x$fpl$dmul) for __aeabi_dmul
    adc.o(.ARM.exidx.text._ZN3Adc6SetAdcEh) refers to adc.o(.text._ZN3Adc6SetAdcEh) for [Anonymous Symbol]
    adc.o(.ARM.exidx.text._ZN3Adc12RegularGroupEiiiiiiiiiiiiiiii) refers to adc.o(.text._ZN3Adc12RegularGroupEiiiiiiiiiiiiiiii) for [Anonymous Symbol]
    adc.o(.ARM.exidx.text._ZN3Adc13InjectedGroupEiiii) refers to adc.o(.text._ZN3Adc13InjectedGroupEiiii) for [Anonymous Symbol]
    adc.o(.text._ZN3Adc10AnalogoPinEiiiiiiiiiiiiiiii) refers to pin.o(.text._ZN3Pin7AnalogoEh) for Pin::Analogo(unsigned char)
    adc.o(.ARM.exidx.text._ZN3Adc10AnalogoPinEiiiiiiiiiiiiiiii) refers to adc.o(.text._ZN3Adc10AnalogoPinEiiiiiiiiiiiiiiii) for [Anonymous Symbol]
    adc.o(.ARM.exidx.text._ZN3Adc15GetRegularCanalEh) refers to adc.o(.text._ZN3Adc15GetRegularCanalEh) for [Anonymous Symbol]
    adc.o(.ARM.exidx.text._ZN3Adc14GetRegularDataEv) refers to adc.o(.text._ZN3Adc14GetRegularDataEv) for [Anonymous Symbol]
    adc.o(.text._ZN3Adc14GetRegularDataERt) refers to adc.o(.text._ZN3Adc14GetRegularDataEv) for Adc::GetRegularData()
    adc.o(.ARM.exidx.text._ZN3Adc14GetRegularDataERt) refers to adc.o(.text._ZN3Adc14GetRegularDataERt) for [Anonymous Symbol]
    adc.o(.ARM.exidx.text._ZN3Adc15GetInjectedDataERtS0_S0_S0_) refers to adc.o(.text._ZN3Adc15GetInjectedDataERtS0_S0_S0_) for [Anonymous Symbol]
    adc.o(.ARM.exidx.text._ZN3Adc15GetInjectedDataERtS0_S0_) refers to adc.o(.text._ZN3Adc15GetInjectedDataERtS0_S0_) for [Anonymous Symbol]
    adc.o(.ARM.exidx.text._ZN3Adc15GetInjectedDataERtS0_) refers to adc.o(.text._ZN3Adc15GetInjectedDataERtS0_) for [Anonymous Symbol]
    adc.o(.ARM.exidx.text._ZN3Adc15GetInjectedDataERt) refers to adc.o(.text._ZN3Adc15GetInjectedDataERt) for [Anonymous Symbol]
    adc.o(.ARM.exidx.text._ZN3Adc15GetInjectedDataEv) refers to adc.o(.text._ZN3Adc15GetInjectedDataEv) for [Anonymous Symbol]
    adc.o(.ARM.exidx.text._ZN3Adc19GetRegularApuntadorEv) refers to adc.o(.text._ZN3Adc19GetRegularApuntadorEv) for [Anonymous Symbol]
    adc.o(.ARM.exidx.text._ZN3Adc20GetInjectedApuntadorEi) refers to adc.o(.text._ZN3Adc20GetInjectedApuntadorEi) for [Anonymous Symbol]
    adc.o(.ARM.exidx.text._ZN3Adc3DmaEb) refers to adc.o(.text._ZN3Adc3DmaEb) for [Anonymous Symbol]
    adc.o(.text._Z10GetAnalogoh) refers to adc.o(.text._ZN3AdcC2Ev) for Adc::Adc()
    adc.o(.text._Z10GetAnalogoh) refers to adc.o(.text._ZN3Adc6SetAdcEh) for Adc::SetAdc(unsigned char)
    adc.o(.text._Z10GetAnalogoh) refers to adc.o(.text._ZN3Adc10AnalogoPinEiiiiiiiiiiiiiiii) for Adc::AnalogoPin(int, int, int, int, int, int, int, int, int, int, int, int, int, int, int, int)
    adc.o(.text._Z10GetAnalogoh) refers to adc.o(.text._ZN3Adc12RegularGroupEiiiiiiiiiiiiiiii) for Adc::RegularGroup(int, int, int, int, int, int, int, int, int, int, int, int, int, int, int, int)
    adc.o(.text._Z10GetAnalogoh) refers to adc.o(.text._ZN3Adc14GetRegularDataEv) for Adc::GetRegularData()
    adc.o(.ARM.exidx.text._Z10GetAnalogoh) refers to adc.o(.text._Z10GetAnalogoh) for [Anonymous Symbol]
    bus.o(.text._ZN3BusC2Ev) refers to bus.o(.rodata._ZTV3Bus) for vtable for Bus
    bus.o(.ARM.exidx.text._ZN3BusC2Ev) refers to bus.o(.text._ZN3BusC2Ev) for [Anonymous Symbol]
    bus.o(.text._ZN3BusD2Ev) refers to bus.o(.rodata._ZTV3Bus) for vtable for Bus
    bus.o(.text._ZN3BusD2Ev) refers to new.cpp.o(.text._ZdlPv) for operator delete(void*)
    bus.o(.ARM.exidx.text._ZN3BusD2Ev) refers to bus.o(.text._ZN3BusD2Ev) for [Anonymous Symbol]
    bus.o(.ARM.exidx.text._ZN3Bus7GetBitsEv) refers to bus.o(.text._ZN3Bus7GetBitsEv) for [Anonymous Symbol]
    bus.o(.text._ZN3Bus7SetBitsEh) refers to new.cpp.o(.text._Znaj) for operator new[](unsigned int)
    bus.o(.ARM.exidx.text._ZN3Bus7SetBitsEh) refers to bus.o(.text._ZN3Bus7SetBitsEh) for [Anonymous Symbol]
    bus.o(.ARM.exidx.text._ZN3Bus6SetBusEt) refers to bus.o(.text._ZN3Bus6SetBusEt) for [Anonymous Symbol]
    bus.o(.ARM.exidx.text._ZN3Bus6GetBusEv) refers to bus.o(.text._ZN3Bus6GetBusEv) for [Anonymous Symbol]
    bus.o(.ARM.exidx.text._ZN3Bus6GetBitEh) refers to bus.o(.text._ZN3Bus6GetBitEh) for [Anonymous Symbol]
    bus.o(.ARM.exidx.text._ZN3Bus6SetBitEhb) refers to bus.o(.text._ZN3Bus6SetBitEhb) for [Anonymous Symbol]
[...]
    DC                                       0x200001a8   Data          24  main.o(.bss.DC)
    F                                        0x200001c0   Data          20  main.o(.bss.F)
    FunAlarA                                 0x200001d4   Data           4  rtc.o(.bss.FunAlarA)
    FunAlarB                                 0x200001d8   Data           4  rtc.o(.bss.FunAlarB)
    FunExti0                                 0x200001dc   Data           4  pin.o(.bss.FunExti0)
    FunExti1                                 0x200001e0   Data           4  pin.o(.bss.FunExti1)
    FunExti10                                0x200001e4   Data           4  pin.o(.bss.FunExti10)
    FunExti11                                0x200001e8   Data           4  pin.o(.bss.FunExti11)
    FunExti12                                0x200001ec   Data           4  pin.o(.bss.FunExti12)
    FunExti13                                0x200001f0   Data           4  pin.o(.bss.FunExti13)
    FunExti14                                0x200001f4   Data           4  pin.o(.bss.FunExti14)
    FunExti15                                0x200001f8   Data           4  pin.o(.bss.FunExti15)
    FunExti2                                 0x200001fc   Data           4  pin.o(.bss.FunExti2)
    FunExti3                                 0x20000200   Data           4  pin.o(.bss.FunExti3)
    FunExti4                                 0x20000204   Data           4  pin.o(.bss.FunExti4)
    FunExti5                                 0x20000208   Data           4  pin.o(.bss.FunExti5)
    FunExti6                                 0x2000020c   Data           4  pin.o(.bss.FunExti6)
    FunExti7                                 0x20000210   Data           4  pin.o(.bss.FunExti7)
    FunExti8                                 0x20000214   Data           4  pin.o(.bss.FunExti8)
    FunExti9                                 0x20000218   Data           4  pin.o(.bss.FunExti9)
    FunTim10                                 0x2000021c   Data           4  timer.o(.bss.FunTim10)
    FunTim11                                 0x20000220   Data           4  timer.o(.bss.FunTim11)
    FunTim12                                 0x20000224   Data           4  timer.o(.bss.FunTim12)
    FunTim13                                 0x20000228   Data           4  timer.o(.bss.FunTim13)
    FunTim14                                 0x2000022c   Data           4  timer.o(.bss.FunTim14)
    FunTim2                                  0x20000230   Data           4  timer.o(.bss.FunTim2)
    FunTim3                                  0x20000234   Data           4  timer.o(.bss.FunTim3)
    FunTim4                                  0x20000238   Data           4  timer.o(.bss.FunTim4)
    FunTim5                                  0x2000023c   Data           4  timer.o(.bss.FunTim5)
    FunTim6                                  0x20000240   Data           4  timer.o(.bss.FunTim6)
    FunTim7                                  0x20000244   Data           4  timer.o(.bss.FunTim7)
    FunTim9                                  0x20000248   Data           4  timer.o(.bss.FunTim9)
    FunUsart3                                0x2000024c   Data           4  usart.o(.bss.FunUsart3)
    FunUsart4                                0x20000250   Data           4  usart.o(.bss.FunUsart4)
    FunUsart5                                0x20000254   Data           4  usart.o(.bss.FunUsart5)
    FunUsart7                                0x20000258   Data           4  usart.o(.bss.FunUsart7)
    FunUsart8                                0x2000025c   Data           4  usart.o(.bss.FunUsart8)
    Nokia                                    0x20000260   Data         668  main.o(.bss.Nokia)
    PinMotor                                 0x200004fc   Data          24  main.o(.bss.PinMotor)
    R                                        0x20000514   Data           1  main.o(.bss.R)
    R2                                       0x20000515   Data           1  main.o(.bss.R2)
    RST                                      0x20000518   Data          24  main.o(.bss.RST)
    S                                        0x20000530   Data          80  main.o(.bss.S)
    T                                        0x20000580   Data          12  main.o(.bss.T)
    Tarea1ID                                 0x2000058c   Data           4  main.o(.bss.Tarea1ID)
    Tarea2ID                                 0x20000590   Data           4  main.o(.bss.Tarea2ID)
    Te                                       0x20000594   Data           8  main.o(.bss.Te)
    __cxa_new_handler                        0x200005b8   Data           4  cxa_default_handlers.cpp.o(.bss.__cxa_new_handler)
    alarm_horas                              0x200005bc   Data           4  main.o(.bss.alarm_horas)
    alarm_minutos                            0x200005c0   Data           4  main.o(.bss.alarm_minutos)
    alarm_segundos                           0x200005c4   Data           4  main.o(.bss.alarm_segundos)
    alarmaActiva                             0x200005c8   Data           1  main.o(.bss.alarmaActiva)
    allowInput                               0x200005c9   Data           1  main.o(.bss.allowInput)
    i                                        0x200005cc   Data           4  main.o(.bss.i)
    m_tmr                                    0x200005d0   Data           4  rtx_conf_cm.o(.bss.m_tmr)
    mp_stk                                   0x200005d8   Data       24592  rtx_conf_cm.o(.bss.mp_stk)
    mp_tcb                                   0x200065e8   Data         376  rtx_conf_cm.o(.bss.mp_tcb)
    n                                        0x20006760   Data           4  main.o(.bss.n)
    osMessageQId_osTimerMessageQ             0x20006768   Data           4  rtx_conf_cm.o(.bss.osMessageQId_osTimerMessageQ)
    osThreadId_osTimerThread                 0x2000676c   Data           4  rtx_conf_cm.o(.bss.osThreadId_osTimerThread)
    os_active_TCB                            0x20006770   Data          28  rtx_conf_cm.o(.bss.os_active_TCB)
    os_fifo                                  0x2000678c   Data         132  rtx_conf_cm.o(.bss.os_fifo)
    os_messageQ_q_osTimerMessageQ            0x20006810   Data          32  rtx_conf_cm.o(.bss.os_messageQ_q_osTimerMessageQ)
    os_stack_mem                             0x20006830   Data        4328  rtx_conf_cm.o(.bss.os_stack_mem)
    segundos                                 0x20007918   Data           4  main.o(.bss.segundos)



==============================================================================

Memory Map of the image

  Image Entry point : 0x080001c9

  Load Region LR_IROM1 (Base: 0x08000000, Size: 0x0000aa60, Max: 0x00080000, ABSOLUTE)

    Execution Region ER_IROM1 (Exec base: 0x08000000, Load base: 0x08000000, Size: 0x0000a9a8, Max: 0x00080000, ABSOLUTE)

    Exec Addr    Load Addr    Size         Type   Attr      Idx    E Section Name        Object

    0x08000000   0x08000000   0x000001c8   Data   RO         1999    RESET               startup_stm32f746xx.o
    0x080001c8   0x080001c8   0x00000008   Code   RO         3263  * !!!main             c_w.l(__main.o)
    0x080001d0   0x080001d0   0x0000005c   Code   RO         4085    !!!scatter          c_w.l(__scatter.o)
    0x0800022c   0x0800022c   0x0000001a   Code   RO         4089    !!handler_copy      c_w.l(__scatter_copy.o)
    0x08000246   0x08000246   0x00000002   PAD
    0x08000248   0x08000248   0x00000002   Code   RO         4086    !!handler_null      c_w.l(__scatter.o)
    0x0800024a   0x0800024a   0x00000002   PAD
    0x0800024c   0x0800024c   0x0000001c   Code   RO         4091    !!handler_zi        c_w.l(__scatter_zi.o)
    0x08000268   0x08000268   0x00000000   Code   RO         3573    .ARM.Collect$$_printf_percent$$00000000  c_w.l(_printf_percent.o)
    0x08000268   0x08000268   0x00000006   Code   RO         3562    .ARM.Collect$$_printf_percent$$00000001  c_w.l(_printf_n.o)
    0x0800026e   0x0800026e   0x00000006   Code   RO         3564    .ARM.Collect$$_printf_percent$$00000002  c_w.l(_printf_p.o)
    0x08000274   0x08000274   0x00000006   Code   RO         3569    .ARM.Collect$$_printf_percent$$00000003  c_w.l(_printf_f.o)
    0x0800027a   0x0800027a   0x00000006   Code   RO         3570    .ARM.Collect$$_printf_percent$$00000004  c_w.l(_printf_e.o)
    0x08000280   0x08000280   0x00000006   Code   RO         3571    .ARM.Collect$$_printf_percent$$00000005  c_w.l(_printf_g.o)
    0x08000286   0x08000286   0x00000006   Code   RO         3572    .ARM.Collect$$_printf_percent$$00000006  c_w.l(_printf_a.o)
    0x0800028c   0x0800028c   0x0000000a   Code   RO         3577    .ARM.Collect$$_printf_percent$$00000007  c_w.l(_printf_ll.o)
    0x08000296   0x08000296   0x00000006   Code   RO         3566    .ARM.Collect$$_printf_percent$$00000008  c_w.l(_printf_i.o)
    0x0800029c   0x0800029c   0x00000006   Code   RO         3567    .ARM.Collect$$_printf_percent$$00000009  c_w.l(_printf_d.o)
    0x080002a2   0x080002a2   0x00000006   Code   RO         3568    .ARM.Collect$$_printf_percent$$0000000A  c_w.l(_printf_u.o)
    0x080002a8   0x080002a8   0x00000006   Code   RO         3565    .ARM.Collect$$_printf_percent$$0000000B  c_w.l(_printf_o.o)
    0x080002ae   0x080002ae   0x00000006   Code   RO         3563    .ARM.Collect$$_printf_percent$$0000000C  c_w.l(_printf_x.o)
    0x080002b4   0x080002b4   0x00000006   Code   RO         3574    .ARM.Collect$$_printf_percent$$0000000D  c_w.l(_printf_lli.o)
    0x080002ba   0x080002ba   0x00000006   Code   RO         3575    .ARM.Collect$$_printf_percent$$0000000E  c_w.l(_printf_lld.o)
    0x080002c0   0x080002c0   0x00000006   Code   RO         3576    .ARM.Collect$$_printf_percent$$0000000F  c_w.l(_printf_llu.o)
    0x080002c6   0x080002c6   0x00000006   Code   RO         3581    .ARM.Collect$$_printf_percent$$00000010  c_w.l(_printf_llo.o)
    0x080002cc   0x080002cc   0x00000006   Code   RO         3582    .ARM.Collect$$_printf_percent$$00000011  c_w.l(_printf_llx.o)
    0x080002d2   0x080002d2   0x0000000a   Code   RO         3578    .ARM.Collect$$_printf_percent$$00000012  c_w.l(_printf_l.o)
    0x080002dc   0x080002dc   0x00000006   Code   RO         3560    .ARM.Collect$$_printf_percent$$00000013  c_w.l(_printf_c.o)
    0x080002e2   0x080002e2   0x00000006   Code   RO         3561    .ARM.Collect$$_printf_percent$$00000014  c_w.l(_printf_s.o)
    0x080002e8   0x080002e8   0x00000006   Code   RO         3579    .ARM.Collect$$_printf_percent$$00000015  c_w.l(_printf_lc.o)
    0x080002ee   0x080002ee   0x00000006   Code   RO         3580    .ARM.Collect$$_printf_percent$$00000016  c_w.l(_printf_ls.o)
    0x080002f4   0x080002f4   0x00000004   Code   RO         3836    .ARM.Collect$$_printf_percent$$00000017  c_w.l(_printf_percent_end.o)
    0x080002f8   0x080002f8   0x00000002   Code   RO         3962    .ARM.Collect$$libinit$$00000000  c_w.l(libinit.o)
    0x080002fa   0x080002fa   0x00000004   Code   RO         3607    .ARM.Collect$$libinit$$00000001  c_w.l(libinit2.o)
    0x080002fe   0x080002fe   0x00000000   Code   RO         3610    .ARM.Collect$$libinit$$00000004  c_w.l(libinit2.o)
    0x080002fe   0x080002fe   0x00000000   Code   RO         3612    .ARM.Collect$$libinit$$00000006  c_w.l(libinit2.o)
    0x080002fe   0x080002fe   0x00000008   Code   RO         3613    .ARM.Collect$$libinit$$00000007  c_w.l(libinit2.o)
    0x08000306   0x08000306   0x00000000   Code   RO         3615    .ARM.Collect$$libinit$$0000000C  c_w.l(libinit2.o)
    0x08000306   0x08000306   0x00000000   Code   RO         3617    .ARM.Collect$$libinit$$0000000E  c_w.l(libinit2.o)
    0x08000306   0x08000306   0x00000000   Code   RO         3619    .ARM.Collect$$libinit$$00000010  c_w.l(libinit2.o)
    0x08000306   0x08000306   0x00000006   Code   RO         3620    .ARM.Collect$$libinit$$00000011  c_w.l(libinit2.o)
    0x0800030c   0x0800030c   0x00000000   Code   RO         3622    .ARM.Collect$$libinit$$00000013  c_w.l(libinit2.o)
    0x0800030c   0x0800030c   0x0000000c   Code   RO         3623    .ARM.Collect$$libinit$$00000014  c_w.l(libinit2.o)
    0x08000318   0x08000318   0x00000000   Code   RO         3624    .ARM.Collect$$libinit$$00000015  c_w.l(libinit2.o)
    0x08000318   0x08000318   0x00000000   Code   RO         3626    .ARM.Collect$$libinit$$00000017  c_w.l(libinit2.o)
    0x08000318   0x08000318   0x0000000a   Code   RO         3627    .ARM.Collect$$libinit$$00000018  c_w.l(libinit2.o)
    0x08000322   0x08000322   0x00000000   Code   RO         3628    .ARM.Collect$$libinit$$00000019  c_w.l(libinit2.o)
    0x08000322   0x08000322   0x00000000   Code   RO         3630    .ARM.Collect$$libinit$$0000001B  c_w.l(libinit2.o)
    0x08000322   0x08000322   0x00000000   Code   RO         3632    .ARM.Collect$$libinit$$0000001D  c_w.l(libinit2.o)
    0x08000322   0x08000322   0x00000000   Code   RO         3634    .ARM.Collect$$libinit$$0000001F  c_w.l(libinit2.o)
    0x08000322   0x08000322   0x00000000   Code   RO         3636    .ARM.Collect$$libinit$$00000021  c_w.l(libinit2.o)
    0x08000322   0x08000322   0x00000000   Code   RO         3638    .ARM.Collect$$libinit$$00000023  c_w.l(libinit2.o)
    0x08000322   0x08000322   0x00000000   Code   RO         3640    .ARM.Collect$$libinit$$00000025  c_w.l(libinit2.o)
    0x08000322   0x08000322   0x00000000   Code   RO         3642    .ARM.Collect$$libinit$$00000027  c_w.l(libinit2.o)
    0x08000322   0x08000322   0x00000000   Code   RO         3646    .ARM.Collect$$libinit$$0000002E  c_w.l(libinit2.o)
    0x08000322   0x08000322   0x00000000   Code   RO         3648    .ARM.Collect$$libinit$$00000030  c_w.l(libinit2.o)
    0x08000322   0x08000322   0x00000000   Code   RO         3650    .ARM.Collect$$libinit$$00000032  c_w.l(libinit2.o)
    0x08000322   0x08000322   0x00000004   Code   RO         3651    .ARM.Collect$$libinit$$00000033  c_w.l(libinit2.o)
    0x08000326   0x08000326   0x00000000   Code   RO         3652    .ARM.Collect$$libinit$$00000034  c_w.l(libinit2.o)
    0x08000326   0x08000326   0x00000002   Code   RO         3653    .ARM.Collect$$libinit$$00000035  c_w.l(libinit2.o)
    0x08000328   0x08000328   0x00000002   Code   RO         4071    .ARM.Collect$$libshutdown$$00000000  c_w.l(libshutdown.o)
    0x0800032a   0x0800032a   0x00000006   Code   RO         3963    .ARM.Collect$$libshutdown$$00000001  c_w.l(libshutdown2.o)
    0x08000330   0x08000330   0x00000000   Code   RO         3964    .ARM.Collect$$libshutdown$$00000002  c_w.l(libshutdown2.o)
    0x08000330   0x08000330   0x00000000   Code   RO         3966    .ARM.Collect$$libshutdown$$00000004  c_w.l(libshutdown2.o)
    0x08000330   0x08000330   0x00000000   Code   RO         3969    .ARM.Collect$$libshutdown$$00000007  c_w.l(libshutdown2.o)
    0x08000330   0x08000330   0x00000000   Code   RO         3972    .ARM.Collect$$libshutdown$$0000000A  c_w.l(libshutdown2.o)
    0x08000330   0x08000330   0x00000000   Code   RO         3974    .ARM.Collect$$libshutdown$$0000000C  c_w.l(libshutdown2.o)
    0x08000330   0x08000330   0x00000000   Code   RO         3977    .ARM.Collect$$libshutdown$$0000000F  c_w.l(libshutdown2.o)
    0x08000330   0x08000330   0x00000002   Code   RO         3978    .ARM.Collect$$libshutdown$$00000010  c_w.l(libshutdown2.o)
    0x08000332   0x08000332   0x00000000   Code   RO         3410    .ARM.Collect$$rtentry$$00000000  c_w.l(__rtentry.o)
    0x08000332   0x08000332   0x00000000   Code   RO         3762    .ARM.Collect$$rtentry$$00000002  c_w.l(__rtentry2.o)
    0x08000332   0x08000332   0x00000006   Code   RO         3774    .ARM.Collect$$rtentry$$00000004  c_w.l(__rtentry4.o)
    0x08000338   0x08000338   0x00000000   Code   RO         3764    .ARM.Collect$$rtentry$$00000009  c_w.l(__rtentry2.o)
    0x08000338   0x08000338   0x00000004   Code   RO         3765    .ARM.Collect$$rtentry$$0000000A  c_w.l(__rtentry2.o)
    0x0800033c   0x0800033c   0x00000008   Code   RO         3766    .ARM.Collect$$rtentry$$0000000B  c_w.l(__rtentry2.o)
    0x08000344   0x08000344   0x00000008   Code   RO         3768    .ARM.Collect$$rtentry$$0000000D  c_w.l(__rtentry2.o)
    0x0800034c   0x0800034c   0x00000002   Code   RO         4006    .ARM.Collect$$rtexit$$00000000  c_w.l(rtexit.o)
    0x0800034e   0x0800034e   0x00000000   Code   RO         4037    .ARM.Collect$$rtexit$$00000002  c_w.l(rtexit2.o)
    0x0800034e   0x0800034e   0x00000004   Code   RO         4038    .ARM.Collect$$rtexit$$00000003  c_w.l(rtexit2.o)
    0x08000352   0x08000352   0x00000006   Code   RO         4039    .ARM.Collect$$rtexit$$00000004  c_w.l(rtexit2.o)
    0x08000358   0x08000358   0x00000198   Code   RO         3223    .emb_text           RTX_CM4.lib(hal_cm4.o)
    0x080004f0   0x080004f0   0x00000040   Code   RO         2000    .text               startup_stm32f746xx.o
    0x08000530   0x08000530   0x00000008   Code   RO         3238    .text               c_w.l(libspace.o)
    0x08000538   0x08000538   0x0000002c   Code   RO         3245    .text               c_w.l(sprintf.o)
    0x08000564   0x08000564   0x0000003c   Code   RO         3247    .text               c_w.l(sscanf.o)
    0x080005a0   0x080005a0   0x0000000a   Code   RO         3254    .text               c_w.l(cxa_atexit.o)
    0x080005aa   0x080005aa   0x00000006   Code   RO         3261    .text               c_w.l(heapauxi.o)
    0x080005b0   0x080005b0   0x0000002c   Code   RO         3268    .text               c_w.l(init_aeabi.o)
    0x080005dc   0x080005dc   0x00000010   Code   RO         3411    .text               c_w.l(rt_ctype_table.o)
    0x080005ec   0x080005ec   0x00000004   Code   RO         3422    .text               c_w.l(rt_errno_addr_twolibspace.o)
    0x080005f0   0x080005f0   0x000000a6   Code   RO         3434    .text               c_w.l(h1_alloc_threads.o)
    0x08000696   0x08000696   0x00000076   Code   RO         3436    .text               c_w.l(h1_free_threads.o)
    0x0800070c   0x0800070c   0x00000016   Code   RO         3490    .text               c_w.l(_rserrno.o)
    0x08000722   0x08000722   0x0000004e   Code   RO         3494    .text               c_w.l(_printf_pad.o)
    0x08000770   0x08000770   0x00000024   Code   RO         3496    .text               c_w.l(_printf_truncate.o)
    0x08000794   0x08000794   0x00000052   Code   RO         3498    .text               c_w.l(_printf_str.o)
    0x080007e6   0x080007e6   0x00000002   PAD
    0x080007e8   0x080007e8   0x00000078   Code   RO         3500    .text               c_w.l(_printf_dec.o)
    0x08000860   0x08000860   0x00000028   Code   RO         3502    .text               c_w.l(_printf_charcount.o)
    0x08000888   0x08000888   0x00000030   Code   RO         3504    .text               c_w.l(_printf_char_common.o)
    0x080008b8   0x080008b8   0x0000000a   Code   RO         3506    .text               c_w.l(_sputc.o)
    0x080008c2   0x080008c2   0x00000002   PAD
    0x080008c4   0x080008c4   0x000000bc   Code   RO         3508    .text               c_w.l(_printf_wctomb.o)
    0x08000980   0x08000980   0x0000007c   Code   RO         3511    .text               c_w.l(_printf_longlong_dec.o)
    0x080009fc   0x080009fc   0x00000070   Code   RO         3517    .text               c_w.l(_printf_oct_int_ll.o)
    0x08000a6c   0x08000a6c   0x00000094   Code   RO         3537    .text               c_w.l(_printf_hex_int_ll_ptr.o)
    0x08000b00   0x08000b00   0x00000188   Code   RO         3557    .text               c_w.l(__printf_flags_ss_wp.o)
    0x08000c88   0x08000c88   0x00000156   Code   RO         3583    .text               c_w.l(_scanf_longlong.o)
    0x08000dde   0x08000dde   0x0000014c   Code   RO         3585    .text               c_w.l(_scanf_int.o)
    0x08000f2a   0x08000f2a   0x000000e0   Code   RO         3587    .text               c_w.l(_scanf_str.o)
    0x0800100a   0x0800100a   0x00000002   PAD
    0x0800100c   0x0800100c   0x0000002c   Code   RO         3589    .text               c_w.l(scanf_char.o)
    0x08001038   0x08001038   0x00000040   Code   RO         3591    .text               c_w.l(_sgetc.o)
    0x08001078   0x08001078   0x00000114   Code   RO         3595    .text               c_w.l(_scanf_mbtowc.o)
    0x0800118c   0x0800118c   0x000000e8   Code   RO         3597    .text               c_w.l(_scanf_wctomb.o)
    0x08001274   0x08001274   0x000000d0   Code   RO         3599    .text               c_w.l(_scanf_wstr.o)
    0x08001344   0x08001344   0x0000002e   Code   RO         3604    .text               c_w.l(aeabi_atexit.o)
    0x08001372   0x08001372   0x0000000a   Code   RO         3783    .text               c_w.l(rt_heap_descriptor_twolibspace.o)
    0x0800137c   0x0800137c   0x0000000a   Code   RO         3790    .text               c_w.l(rt_locale_twolibspace.o)
    0x08001386   0x08001386   0x0000000a   Code   RO         3797    .text               c_w.l(rt_ddtor_pointer_addr_twolibspace.o)
    0x08001390   0x08001390   0x00000004   Code   RO         3799    .text               c_w.l(hguard.o)
    0x08001394   0x08001394   0x0000008a   Code   RO         3801    .text               c_w.l(init_alloc.o)
    0x0800141e   0x0800141e   0x00000012   Code   RO         3807    .text               c_w.l(h1_init_threads.o)
    0x08001430   0x08001430   0x0000008a   Code   RO         3817    .text               c_w.l(lludiv10.o)
    0x080014ba   0x080014ba   0x00000012   Code   RO         3819    .text               c_w.l(isspace.o)
    0x080014cc   0x080014cc   0x000000b2   Code   RO         3821    .text               c_w.l(_printf_intcommon.o)
    0x0800157e   0x0800157e   0x0000041c   Code   RO         3823    .text               c_w.l(_printf_fp_dec.o)
    0x0800199a   0x0800199a   0x00000002   PAD
    0x0800199c   0x0800199c   0x000002fc   Code   RO         3827    .text               c_w.l(_printf_fp_hex.o)
    0x08001c98   0x08001c98   0x0000002c   Code   RO         3832    .text               c_w.l(_printf_char.o)
    0x08001cc4   0x08001cc4   0x0000002c   Code   RO         3834    .text               c_w.l(_printf_wchar.o)
    0x08001cf0   0x08001cf0   0x0000001c   Code   RO         3837    .text               c_w.l(_chval.o)
    0x08001d0c   0x08001d0c   0x00000374   Code   RO         3839    .text               c_w.l(_scanf.o)
    0x08002080   0x08002080   0x000004f8   Code   RO         3841    .text               c_w.l(scanf_fp.o)
    0x08002578   0x08002578   0x0000001e   Code   RO         3847    .text               c_w.l(_scanf_wcharmap.o)
    0x08002596   0x08002596   0x00000040   Code   RO         3849    .text               c_w.l(_mbrtoc16.o)
    0x080025d6   0x080025d6   0x00000048   Code   RO         3851    .text               c_w.l(_c16rtomb.o)
    0x0800261e   0x0800261e   0x00000042   Code   RO         3856    .text               c_w.l(cxa_finalize.o)
    0x08002660   0x08002660   0x0000004a   Code   RO         3890    .text               c_w.l(sys_stackheap_outer.o)
    0x080026aa   0x080026aa   0x00000000   Code   RO         3894    .text               c_w.l(maybetermalloc1.o)
    0x080026aa   0x080026aa   0x00000052   Code   RO         3898    .text               c_w.l(h1_extend_threads.o)
    0x080026fc   0x080026fc   0x00000026   Code   RO         3900    .text               c_w.l(llshl.o)
    0x08002722   0x08002722   0x00000002   PAD
    0x08002724   0x08002724   0x00000080   Code   RO         3902    .text               c_w.l(_printf_fp_infnan.o)
    0x080027a4   0x080027a4   0x000000e4   Code   RO         3904    .text               c_w.l(bigflt0.o)
    0x08002888   0x08002888   0x00000012   Code   RO         3937    .text               c_w.l(exit.o)
    0x0800289a   0x0800289a   0x0000000e   Code   RO         3945    .text               c_w.l(defsig_rtmem_outer.o)
    0x080028a8   0x080028a8   0x0000007c   Code   RO         3949    .text               c_w.l(strcmpv7m_pel.o)
    0x08002924   0x08002924   0x0000000c   Code   RO         3999    .text               c_w.l(sys_exit.o)
    0x08002930   0x08002930   0x00000002   Code   RO         4003    .text               c_w.l(use_no_semi.o)
    0x08002932   0x08002932   0x00000000   Code   RO         4005    .text               c_w.l(indicate_semi.o)
    0x08002932   0x08002932   0x00000002   PAD
    0x08002934   0x08002934   0x00000320   Code   RO         4012    .text               c_w.l(scanf_hexfp.o)
    0x08002c54   0x08002c54   0x00000134   Code   RO         4014    .text               c_w.l(scanf_infnan.o)
    0x08002d88   0x08002d88   0x0000000a   Code   RO         4018    .text               c_w.l(defsig_exit.o)
    0x08002d92   0x08002d92   0x00000002   PAD
    0x08002d94   0x08002d94   0x00000050   Code   RO         4026    .text               c_w.l(defsig_rtmem_inner.o)
    0x08002de4   0x08002de4   0x00000032   Code   RO         4051    .text               c_w.l(defsig_general.o)
    0x08002e16   0x08002e16   0x0000000e   Code   RO         4063    .text               c_w.l(sys_wrch.o)
    0x08002e24   0x08002e24   0x00000004   PAD
    0x08002e28   0x08002e28   0x00000030   Code   RO         1128    .text.EXTI0_IRQHandler  pin.o
    0x08002e58   0x08002e58   0x00000184   Code   RO         1140    .text.EXTI15_10_IRQHandler  pin.o
    0x08002fdc   0x08002fdc   0x00000004   PAD
    0x08002fe0   0x08002fe0   0x00000030   Code   RO         1130    .text.EXTI1_IRQHandler  pin.o
    0x08003010   0x08003010   0x00000030   Code   RO         1132    .text.EXTI2_IRQHandler  pin.o
    0x08003040   0x08003040   0x00000030   Code   RO         1134    .text.EXTI3_IRQHandler  pin.o
    0x08003070   0x08003070   0x00000030   Code   RO         1136    .text.EXTI4_IRQHandler  pin.o
    0x080030a0   0x080030a0   0x00000144   Code   RO         1138    .text.EXTI9_5_IRQHandler  pin.o
    0x080031e4   0x080031e4   0x00000004   PAD
    0x080031e8   0x080031e8   0x000000a8   Code   RO         1222    .text.RTC_Alarm_IRQHandler  rtc.o
    0x08003290   0x08003290   0x0000012e   Code   RO         2008    .text.SystemCoreClockUpdate  system_stm32f7xx.o
    0x080033be   0x080033be   0x00000002   PAD
    0x080033c0   0x080033c0   0x00000012   Code   RO         2006    .text.SystemInit    system_stm32f7xx.o
    0x080033d2   0x080033d2   0x00000006   PAD
    0x080033d8   0x080033d8   0x00000030   Code   RO         1412    .text.TIM1_BRK_TIM9_IRQHandler  timer.o
    0x08003408   0x08003408   0x00000030   Code   RO         1416    .text.TIM1_TRG_COM_TIM11_IRQHandler  timer.o
    0x08003438   0x08003438   0x00000030   Code   RO         1414    .text.TIM1_UP_TIM10_IRQHandler  timer.o
    0x08003468   0x08003468   0x0000002e   Code   RO         1404    .text.TIM2_IRQHandler  timer.o
    0x08003496   0x08003496   0x00000002   PAD
    0x08003498   0x08003498   0x00000030   Code   RO         1406    .text.TIM3_IRQHandler  timer.o
    0x080034c8   0x080034c8   0x00000030   Code   RO         1408    .text.TIM4_IRQHandler  timer.o
    0x080034f8   0x080034f8   0x00000030   Code   RO         1410    .text.TIM5_IRQHandler  timer.o
    0x08003528   0x08003528   0x00000030   Code   RO         1418    .text.TIM6_DAC_IRQHandler  timer.o
    0x08003558   0x08003558   0x00000030   Code   RO         1420    .text.TIM7_IRQHandler  timer.o
    0x08003588   0x08003588   0x00000030   Code   RO         1422    .text.TIM8_BRK_TIM12_IRQHandler  timer.o
    0x080035b8   0x080035b8   0x00000030   Code   RO         1426    .text.TIM8_TRG_COM_TIM14_IRQHandler  timer.o
    0x080035e8   0x080035e8   0x00000030   Code   RO         1424    .text.TIM8_UP_TIM13_IRQHandler  timer.o
    0x08003618   0x08003618   0x0000005e   Code   RO         1036    .text.UART4_IRQHandler  usart.o
    0x08003676   0x08003676   0x00000002   PAD
    0x08003678   0x08003678   0x0000005e   Code   RO         1038    .text.UART5_IRQHandler  usart.o
    0x080036d6   0x080036d6   0x00000002   PAD
    0x080036d8   0x080036d8   0x0000005e   Code   RO         1040    .text.UART7_IRQHandler  usart.o
    0x08003736   0x08003736   0x00000002   PAD
    0x08003738   0x08003738   0x0000005e   Code   RO         1042    .text.UART8_IRQHandler  usart.o
    0x08003796   0x08003796   0x00000002   PAD
    0x08003798   0x08003798   0x0000005e   Code   RO         1034    .text.USART3_IRQHandler  usart.o
    0x080037f6   0x080037f6   0x00000002   PAD
    0x080037f8   0x080037f8   0x00000008   Code   RO         1389    .text._GLOBAL__sub_I_Complejo.cpp  complejo.o
    0x08003800   0x08003800   0x00000008   Code   RO         1772    .text._GLOBAL__sub_I_Hmc5883.cpp  hmc5883.o
    0x08003808   0x08003808   0x00000028   Code   RO         1505    .text._GLOBAL__sub_I_Main.cpp  main.o
    0x08003830   0x08003830   0x00000008   Code   RO         1817    .text._GLOBAL__sub_I_Qmc5883.cpp  qmc5883.o
    0x08003838   0x08003838   0x0000003c   Code   RO          156    .text._Z12IniciarDelayv  delay.o
    0x08003874   0x08003874   0x00000004   PAD
    0x08003878   0x08003878   0x000002f8   Code   RO         1497    .text._Z12Interrupcionv  main.o
    0x08003b70   0x08003b70   0x00000614   Code   RO         1495    .text._Z12escribirHorav  main.o
    0x08004184   0x08004184   0x00000004   PAD
    0x08004188   0x08004188   0x00000030   Code   RO         1499    .text._Z13Tarea1TecladoPKv  main.o
    0x080041b8   0x080041b8   0x00000036   Code   RO         1501    .text._Z14Tarea2PantallaPKv  main.o
    0x080041ee   0x080041ee   0x00000002   PAD
    0x080041f0   0x080041f0   0x0000010c   Code   RO         1493    .text._Z22mostrarPantallaInicialv  main.o
    0x080042fc   0x080042fc   0x00000004   PAD
    0x08004300   0x08004300   0x00000012   Code   RO         1192    .text._Z4HCLKv      pin.o
    0x08004312   0x08004312   0x00000006   PAD
    0x08004318   0x08004318   0x00000100   Code   RO         1194    .text._Z5PCLK1v     pin.o
    0x08004418   0x08004418   0x00000100   Code   RO         1196    .text._Z5PCLK2v     pin.o
    0x08004518   0x08004518   0x00000088   Code   RO          164    .text._Z5delayj     delay.o
    0x080045a0   0x080045a0   0x00000088   Code   RO          162    .text._Z8Delay_msj  delay.o
    0x08004628   0x08004628   0x00000030   Code   RO         1450    .text._ZL16__NVIC_EnableIRQ9IRQn_Type  timer.o
    0x08004658   0x08004658   0x00000010   Code   RO         1098    .text._ZN3Bit6GetBitEv  bit.o
    0x08004668   0x08004668   0x00000018   Code   RO         1096    .text._ZN3Bit6SetBitEb  bit.o
    0x08004680   0x08004680   0x0000001a   Code   RO         1094    .text._ZN3BitC2Ev   bit.o
    0x0800469a   0x0800469a   0x00000006   PAD
    0x080046a0   0x080046a0   0x00000008   Code   RO           94    .text._ZN3Bus10DigitalOutEv  bus.o
    0x080046a8   0x080046a8   0x00000020   Code   RO           58    .text._ZN3Bus6GetBitEh  bus.o
    0x080046c8   0x080046c8   0x00000062   Code   RO           56    .text._ZN3Bus6GetBusEv  bus.o
    0x0800472a   0x0800472a   0x00000006   PAD
    0x08004730   0x08004730   0x00000008   Code   RO           90    .text._ZN3Bus6PullUpEv  bus.o
    0x08004738   0x08004738   0x0000002c   Code   RO           60    .text._ZN3Bus6SetBitEhb  bus.o
    0x08004764   0x08004764   0x00000004   PAD
    0x08004768   0x08004768   0x00000056   Code   RO           54    .text._ZN3Bus6SetBusEt  bus.o
    0x080047be   0x080047be   0x00000002   PAD
    0x080047c0   0x080047c0   0x0000000c   Code   RO           50    .text._ZN3Bus7GetBitsEv  bus.o
    0x080047cc   0x080047cc   0x00000004   PAD
    0x080047d0   0x080047d0   0x00000056   Code   RO           52    .text._ZN3Bus7SetBitsEh  bus.o
    0x08004826   0x08004826   0x00000002   PAD
    0x08004828   0x08004828   0x00000008   Code   RO           92    .text._ZN3Bus8PullDownEv  bus.o
    0x08004830   0x08004830   0x00000008   Code   RO           96    .text._ZN3Bus9DigitalInEv  bus.o
    0x08004838   0x08004838   0x0000001c   Code   RO           46    .text._ZN3BusC2Ev   bus.o
    0x08004854   0x08004854   0x00000004   PAD
    0x08004858   0x08004858   0x00000038   Code   RO           48    .text._ZN3BusD2Ev   bus.o
    0x08004890   0x08004890   0x0000001c   Code   RO         1146    .text._ZN3Pin10DigitalOutEi  pin.o
    0x080048ac   0x080048ac   0x00000004   PAD
    0x080048b0   0x080048b0   0x00000038   Code   RO         1148    .text._ZN3Pin10DigitalOutEv  pin.o
    0x080048e8   0x080048e8   0x0000009c   Code   RO         1142    .text._ZN3Pin18FuncionAlternativaEih  pin.o
    0x08004984   0x08004984   0x00000004   PAD
    0x08004988   0x08004988   0x00000196   Code   RO         1144    .text._ZN3Pin4GpioEi  pin.o
    0x08004b1e   0x08004b1e   0x00000002   PAD
    0x08004b20   0x08004b20   0x00000020   Code   RO         1170    .text._ZN3Pin6GetBitEv  pin.o
    0x08004b40   0x08004b40   0x0000001c   Code   RO         1160    .text._ZN3Pin6PullUpEv  pin.o
    0x08004b5c   0x08004b5c   0x00000004   PAD
    0x08004b60   0x08004b60   0x0000003e   Code   RO         1172    .text._ZN3Pin6SetBitEb  pin.o
    0x08004b9e   0x08004b9e   0x00000002   PAD
    0x08004ba0   0x08004ba0   0x0000001c   Code   RO         1164    .text._ZN3Pin8PullDownEv  pin.o
    0x08004bbc   0x08004bbc   0x00000004   PAD
    0x08004bc0   0x08004bc0   0x00000014   Code   RO         1154    .text._ZN3Pin9DigitalInEi  pin.o
    0x08004bd4   0x08004bd4   0x00000004   PAD
    0x08004bd8   0x08004bd8   0x00000018   Code   RO         1156    .text._ZN3Pin9DigitalInEv  pin.o
    0x08004bf0   0x08004bf0   0x00000020   Code   RO           43    .text._ZN3PinC2Ev   adc.o
    0x08004c10   0x08004c10   0x00000028   Code   RO         1178    .text._ZN3PinaSEb   pin.o
    0x08004c38   0x08004c38   0x00000014   Code   RO         1186    .text._ZN3PinrsEi   pin.o
    0x08004c4c   0x08004c4c   0x00000004   PAD
    0x08004c50   0x08004c50   0x00000014   Code   RO          933    .text._ZN3Spi3LsbEv  spi.o
    0x08004c64   0x08004c64   0x00000004   PAD
    0x08004c68   0x08004c68   0x00000016   Code   RO          931    .text._ZN3Spi3MsbEv  spi.o
    0x08004c7e   0x08004c7e   0x00000002   PAD
    0x08004c80   0x08004c80   0x0000002a   Code   RO          929    .text._ZN3Spi4ModoEh  spi.o
    0x08004caa   0x08004caa   0x00000006   PAD
    0x08004cb0   0x08004cb0   0x000006c8   Code   RO          927    .text._ZN3Spi7IniciarEhhhj  spi.o
    0x08005378   0x08005378   0x00000022   Code   RO          925    .text._ZN3Spi7IniciarEj  spi.o
    0x0800539a   0x0800539a   0x00000006   PAD
    0x080053a0   0x080053a0   0x0000001a   Code   RO          923    .text._ZN3Spi7IniciarEv  spi.o
    0x080053ba   0x080053ba   0x00000006   PAD
    0x080053c0   0x080053c0   0x00000060   Code   RO          939    .text._ZN3Spi8TxRxDatoEh  spi.o
    0x08005420   0x08005420   0x0000003e   Code   RO          921    .text._ZN3SpiC2Ev   spi.o
    0x0800545e   0x0800545e   0x00000002   PAD
    0x08005460   0x08005460   0x0000001e   Code   RO          941    .text._ZN3SpiaSEh   spi.o
    0x0800547e   0x0800547e   0x00000002   PAD
    0x08005480   0x08005480   0x00000014   Code   RO          943    .text._ZN3SpicvhEv  spi.o
    0x08005494   0x08005494   0x00000004   PAD
    0x08005498   0x08005498   0x00000058   Code   RO          342    .text._ZN4GLcd10PrintTextoEiiPc  glcd.o
    0x080054f0   0x080054f0   0x0000005c   Code   RO          284    .text._ZN4GLcd11FuenteTextoEPKh  glcd.o
    0x0800554c   0x0800554c   0x00000004   PAD
    0x08005550   0x08005550   0x00000008   Code   RO          286    .text._ZN4GLcd11IniciarGLCDEv  glcd.o
    0x08005558   0x08005558   0x0000007e   Code   RO          336    .text._ZN4GLcd12GetPixelFontEPKhiic  glcd.o
    0x080055d6   0x080055d6   0x00000002   PAD
    0x080055d8   0x080055d8   0x00000028   Code   RO          338    .text._ZN4GLcd12GetPixelFontEiic  glcd.o
    0x08005600   0x08005600   0x00000044   Code   RO          320    .text._ZN4GLcd17RectanguloRellenoEiiii  glcd.o
    0x08005644   0x08005644   0x00000004   PAD
    0x08005648   0x08005648   0x0000000c   Code   RO          288    .text._ZN4GLcd5PixelEii  glcd.o
    0x08005654   0x08005654   0x00000004   PAD
    0x08005658   0x08005658   0x0000000e   Code   RO          290    .text._ZN4GLcd6LineaXEiii  glcd.o
    0x08005666   0x08005666   0x00000002   PAD
    0x08005668   0x08005668   0x0000000e   Code   RO          292    .text._ZN4GLcd6LineaYEiii  glcd.o
    0x08005676   0x08005676   0x00000002   PAD
    0x08005678   0x08005678   0x0000001a   Code   RO          296    .text._ZN4GLcd8SetColorEj  glcd.o
    0x08005692   0x08005692   0x00000006   PAD
    0x08005698   0x08005698   0x00000022   Code   RO          330    .text._ZN4GLcd9AnchoCharEc  glcd.o
    0x080056ba   0x080056ba   0x00000006   PAD
    0x080056c0   0x080056c0   0x00000082   Code   RO          340    .text._ZN4GLcd9PrintCharEiic  glcd.o
    0x08005742   0x08005742   0x00000006   PAD
    0x08005748   0x08005748   0x00000008   Code   RO          294    .text._ZN4GLcd9RefrescarEv  glcd.o
    0x08005750   0x08005750   0x0000003a   Code   RO          282    .text._ZN4GLcdC2Ev  glcd.o
    0x0800578a   0x0800578a   0x00000006   PAD
    0x08005790   0x08005790   0x000000c6   Code   RO          814    .text._ZN4Port10DigitalOutEiiiiiiiiiiiiiiii  port.o
    0x08005856   0x08005856   0x00000002   PAD
    0x08005858   0x08005858   0x0000004e   Code   RO          818    .text._ZN4Port10DigitalOutEv  port.o
    0x080058a6   0x080058a6   0x00000002   PAD
    0x080058a8   0x080058a8   0x00000068   Code   RO          830    .text._ZN4Port6GetBusEv  port.o
    0x08005910   0x08005910   0x00000058   Code   RO          822    .text._ZN4Port6PullUpEv  port.o
    0x08005968   0x08005968   0x00000080   Code   RO          828    .text._ZN4Port6SetBusEt  port.o
    0x080059e8   0x080059e8   0x00000370   Code   RO          812    .text._ZN4Port7IniciarEiiiiiiiiiiiiiiii  port.o
    0x08005d58   0x08005d58   0x00000058   Code   RO          824    .text._ZN4Port8PullDownEv  port.o
    0x08005db0   0x08005db0   0x000000c6   Code   RO          816    .text._ZN4Port9DigitalInEiiiiiiiiiiiiiiii  port.o
    0x08005e76   0x08005e76   0x00000002   PAD
    0x08005e78   0x08005e78   0x0000004e   Code   RO          820    .text._ZN4Port9DigitalInEv  port.o
    0x08005ec6   0x08005ec6   0x00000002   PAD
    0x08005ec8   0x08005ec8   0x0000002a   Code   RO          810    .text._ZN4PortC2Ev  port.o
    0x08005ef2   0x08005ef2   0x00000006   PAD
    0x08005ef8   0x08005ef8   0x00000014   Code   RO         1546    .text._ZN4PortD2Ev  main.o
    0x08005f0c   0x08005f0c   0x00000004   PAD
    0x08005f10   0x08005f10   0x0000006e   Code   RO         1438    .text._ZN5Timer10SetPeriodoEd  timer.o
    0x08005f7e   0x08005f7e   0x00000002   PAD
    0x08005f80   0x08005f80   0x00000132   Code   RO         1448    .text._ZN5Timer11InterrpcionEPFvvE  timer.o
    0x080060b2   0x080060b2   0x00000006   PAD
    0x080060b8   0x080060b8   0x00000120   Code   RO         1428    .text._ZN5Timer4APB1Ev  timer.o
    0x080061d8   0x080061d8   0x00000120   Code   RO         1430    .text._ZN5Timer4APB2Ev  timer.o
    0x080062f8   0x080062f8   0x0000026a   Code   RO         1432    .text._ZN5Timer8SetTimerEh  timer.o
    0x08006562   0x08006562   0x00000006   PAD
    0x08006568   0x08006568   0x00000014   Code   RO         1454    .text._ZN5TimeraSEPFvvE  timer.o
    0x0800657c   0x0800657c   0x00000004   PAD
    0x08006580   0x08006580   0x0000001c   Code   RO         1452    .text._ZN5TimeraSEd  timer.o
    0x0800659c   0x0800659c   0x00000004   PAD
    0x080065a0   0x080065a0   0x00000008   Code   RO          967    .text._ZN6SpiBus3LsbEv  spibus.o
    0x080065a8   0x080065a8   0x00000008   Code   RO          965    .text._ZN6SpiBus3MsbEv  spibus.o
    0x080065b0   0x080065b0   0x0000000c   Code   RO          963    .text._ZN6SpiBus4ModoEh  spibus.o
    0x080065bc   0x080065bc   0x00000004   PAD
    0x080065c0   0x080065c0   0x00000018   Code   RO          959    .text._ZN6SpiBus7IniciarEhhhj  spibus.o
    0x080065d8   0x080065d8   0x0000002a   Code   RO          961    .text._ZN6SpiBus7IniciarEhhhjbb  spibus.o
    0x08006602   0x08006602   0x00000006   PAD
    0x08006608   0x08006608   0x0000000a   Code   RO          957    .text._ZN6SpiBus7IniciarEj  spibus.o
    0x08006612   0x08006612   0x00000006   PAD
    0x08006618   0x08006618   0x00000008   Code   RO          955    .text._ZN6SpiBus7IniciarEv  spibus.o
    0x08006620   0x08006620   0x0000000a   Code   RO          969    .text._ZN6SpiBus8TxRxDatoEh  spibus.o
    0x0800662a   0x0800662a   0x00000006   PAD
    0x08006630   0x08006630   0x00000016   Code   RO          953    .text._ZN6SpiBusC2Ev  spibus.o
    0x08006646   0x08006646   0x00000002   PAD
    0x08006648   0x08006648   0x0000000a   Code   RO          971    .text._ZN6SpiBusaSEh  spibus.o
    0x08006652   0x08006652   0x00000006   PAD
    0x08006658   0x08006658   0x00000006   Code   RO          973    .text._ZN6SpiBuscvhEv  spibus.o
    0x0800665e   0x0800665e   0x00000002   PAD
    0x08006660   0x08006660   0x0000003a   Code   RO         1019    .text._ZN7Teclado10SetBusPortEP3BusS1_  teclado.o
    0x0800669a   0x0800669a   0x00000006   PAD
    0x080066a0   0x080066a0   0x000000d2   Code   RO         1021    .text._ZN7Teclado8GetTeclaEv  teclado.o
    0x08006772   0x08006772   0x00000006   PAD
    0x08006778   0x08006778   0x0000002a   Code   RO         1023    .text._ZN7Teclado9WaitTeclaEv  teclado.o
    0x080067a2   0x080067a2   0x00000006   PAD
    0x080067a8   0x080067a8   0x0000000a   Code   RO         1017    .text._ZN7TecladoC2Ev  teclado.o
    0x080067b2   0x080067b2   0x00000006   PAD
    0x080067b8   0x080067b8   0x00000110   Code   RO          506    .text._ZN9Nokia511011IniciarGLCDEiii  nokia5110.o
    0x080068c8   0x080068c8   0x00000016   Code   RO          504    .text._ZN9Nokia511011IniciarGLCDEv  nokia5110.o
    0x080068de   0x080068de   0x00000002   PAD
    0x080068e0   0x080068e0   0x00000032   Code   RO          510    .text._ZN9Nokia511014BorrarPantallaEv  nokia5110.o
    0x08006912   0x08006912   0x00000006   PAD
    0x08006918   0x08006918   0x00000092   Code   RO          522    .text._ZN9Nokia51105PixelEii  nokia5110.o
    0x080069aa   0x080069aa   0x00000006   PAD
    0x080069b0   0x080069b0   0x0000003a   Code   RO          524    .text._ZN9Nokia51106LineaXEiii  nokia5110.o
    0x080069ea   0x080069ea   0x00000006   PAD
    0x080069f0   0x080069f0   0x0000003a   Code   RO          526    .text._ZN9Nokia51106LineaYEiii  nokia5110.o
    0x08006a2a   0x08006a2a   0x00000006   PAD
    0x08006a30   0x08006a30   0x00000010   Code   RO          502    .text._ZN9Nokia51106SetSpiEP6SpiBus  nokia5110.o
    0x08006a40   0x08006a40   0x000000ac   Code   RO          516    .text._ZN9Nokia51109RefrescarEv  nokia5110.o
    0x08006aec   0x08006aec   0x00000004   PAD
    0x08006af0   0x08006af0   0x0000003c   Code   RO          500    .text._ZN9Nokia5110C2Ev  nokia5110.o
    0x08006b2c   0x08006b2c   0x0000000c   Code   RO         3706    .text._ZSt15get_new_handlerv  libcppabi_w.l(cxa_handlers.cpp.o)
    0x08006b38   0x08006b38   0x00000004   Code   RO         3312    .text._ZdlPv        libcpp_w.l(new.cpp.o)
    0x08006b3c   0x08006b3c   0x00000004   Code   RO         3308    .text._Znaj         libcpp_w.l(new.cpp.o)
    0x08006b40   0x08006b40   0x00000026   Code   RO         3304    .text._Znwj         libcpp_w.l(new.cpp.o)
    0x08006b66   0x08006b66   0x00000002   PAD
    0x08006b68   0x08006b68   0x00000040   Code   RO         1387    .text.__cxx_global_var_init  complejo.o
    0x08006ba8   0x08006ba8   0x00000010   Code   RO         1475    .text.__cxx_global_var_init  main.o
    0x08006bb8   0x08006bb8   0x00000040   Code   RO         1770    .text.__cxx_global_var_init  hmc5883.o
    0x08006bf8   0x08006bf8   0x00000040   Code   RO         1815    .text.__cxx_global_var_init  qmc5883.o
    0x08006c38   0x08006c38   0x0000002c   Code   RO         1477    .text.__cxx_global_var_init.1  main.o
    0x08006c64   0x08006c64   0x00000004   PAD
    0x08006c68   0x08006c68   0x0000002c   Code   RO         1479    .text.__cxx_global_var_init.2  main.o
    0x08006c94   0x08006c94   0x00000004   PAD
    0x08006c98   0x08006c98   0x00000010   Code   RO         1481    .text.__cxx_global_var_init.3  main.o
    0x08006ca8   0x08006ca8   0x00000010   Code   RO         1483    .text.__cxx_global_var_init.4  main.o
    0x08006cb8   0x08006cb8   0x00000010   Code   RO         1485    .text.__cxx_global_var_init.5  main.o
    0x08006cc8   0x08006cc8   0x00000010   Code   RO         1487    .text.__cxx_global_var_init.6  main.o
    0x08006cd8   0x08006cd8   0x00000010   Code   RO         1489    .text.__cxx_global_var_init.7  main.o
    0x08006ce8   0x08006ce8   0x00000010   Code   RO         1491    .text.__cxx_global_var_init.8  main.o
    0x08006cf8   0x08006cf8   0x00000026   Code   RO         1949    .text.__osSignalWait  rtx_conf_cm.o
    0x08006d1e   0x08006d1e   0x00000002   PAD
    0x08006d20   0x08006d20   0x00000054   Code   RO         1941    .text.__user_perthread_libspace  rtx_conf_cm.o
    0x08006d74   0x08006d74   0x00000004   PAD
    0x08006d78   0x08006d78   0x00000046   Code   RO         1945    .text._mutex_acquire  rtx_conf_cm.o
    0x08006dbe   0x08006dbe   0x00000002   PAD
    0x08006dc0   0x08006dc0   0x00000046   Code   RO         1943    .text._mutex_initialize  rtx_conf_cm.o
    0x08006e06   0x08006e06   0x00000002   PAD
    0x08006e08   0x08006e08   0x00000036   Code   RO         1947    .text._mutex_release  rtx_conf_cm.o
    0x08006e3e   0x08006e3e   0x00000002   PAD
    0x08006e40   0x08006e40   0x0000001a   Code   RO         1955    .text._platform_post_lib_init  rtx_conf_cm.o
    0x08006e5a   0x08006e5a   0x00000006   PAD
    0x08006e60   0x08006e60   0x00000188   Code   RO         1503    .text.main          main.o
    0x08006fe8   0x08006fe8   0x00000028   Code   RO         1939    .text.os_error      rtx_conf_cm.o
    0x08007010   0x08007010   0x00000004   Code   RO         1937    .text.os_idle_demon  rtx_conf_cm.o
    0x08007014   0x08007014   0x0000003e   Code   RO         3907    CL$$btod_d2e        c_w.l(btod.o)
    0x08007052   0x08007052   0x00000046   Code   RO         3909    CL$$btod_d2e_denorm_low  c_w.l(btod.o)
    0x08007098   0x08007098   0x00000060   Code   RO         3908    CL$$btod_d2e_norm_op1  c_w.l(btod.o)
    0x080070f8   0x080070f8   0x00000338   Code   RO         3917    CL$$btod_div_common  c_w.l(btod.o)
    0x08007430   0x08007430   0x00000084   Code   RO         3915    CL$$btod_e2d        c_w.l(btod.o)
    0x080074b4   0x080074b4   0x000000dc   Code   RO         3914    CL$$btod_e2e        c_w.l(btod.o)
    0x08007590   0x08007590   0x0000002a   Code   RO         3911    CL$$btod_ediv       c_w.l(btod.o)
    0x080075ba   0x080075ba   0x0000002a   Code   RO         3913    CL$$btod_edivd      c_w.l(btod.o)
    0x080075e4   0x080075e4   0x0000002a   Code   RO         3910    CL$$btod_emul       c_w.l(btod.o)
    0x0800760e   0x0800760e   0x0000002a   Code   RO         3912    CL$$btod_emuld      c_w.l(btod.o)
    0x08007638   0x08007638   0x00000244   Code   RO         3916    CL$$btod_mult_common  c_w.l(btod.o)
    0x0800787c   0x0800787c   0x00000004   Code   RO         3233    SVC_TABLE           RTX_CM4.lib(svc_table.o)
    0x08007880   0x08007880   0x00000030   Code   RO         3732    i.__ARM_fpclassify  m_wm.l(fpclassify.o)
    0x080078b0   0x080078b0   0x000000f8   Code   RO         3991    i.__hardfp___mathlib_tofloat  m_wm.l(narrow.o)
    0x080079a8   0x080079a8   0x000002d8   Code   RO         3345    i.__hardfp_atan     m_wm.l(atan.o)
    0x08007c80   0x08007c80   0x000000d0   Code   RO         4055    i.__hardfp_ldexp    m_wm.l(ldexp.o)
    0x08007d50   0x08007d50   0x0000003a   Code   RO         3404    i.__hardfp_sqrtf    m_wm.l(sqrtf.o)
    0x08007d8a   0x08007d8a   0x000000f8   Code   RO         3750    i.__kernel_poly     m_wm.l(poly.o)
    0x08007e82   0x08007e82   0x00000014   Code   RO         3713    i.__mathlib_dbl_infnan  m_wm.l(dunder.o)
    0x08007e96   0x08007e96   0x00000002   PAD
    0x08007e98   0x08007e98   0x00000020   Code   RO         3716    i.__mathlib_dbl_overflow  m_wm.l(dunder.o)
    0x08007eb8   0x08007eb8   0x00000020   Code   RO         3718    i.__mathlib_dbl_underflow  m_wm.l(dunder.o)
    0x08007ed8   0x08007ed8   0x00000012   Code   RO         3992    i.__mathlib_narrow  m_wm.l(narrow.o)
    0x08007eea   0x08007eea   0x00000014   Code   RO         4057    i.__support_ldexp   m_wm.l(ldexp.o)
    0x08007efe   0x08007efe   0x00000046   Code   RO         3117    i._init_box         RTX_CM4.lib(rt_membox.o)
    0x08007f44   0x08007f44   0x0000000e   Code   RO         3550    i._is_digit         c_w.l(__printf_wp.o)
    0x08007f52   0x08007f52   0x00000002   PAD
    0x08007f54   0x08007f54   0x00000030   Code   RO         3170    i.dbg_init          RTX_CM4.lib(hal_cm.o)
    0x08007f84   0x08007f84   0x00000020   Code   RO         3171    i.dbg_task_notify   RTX_CM4.lib(hal_cm.o)
    0x08007fa4   0x08007fa4   0x00000010   Code   RO         3172    i.dbg_task_switch   RTX_CM4.lib(hal_cm.o)
    0x08007fb4   0x08007fb4   0x00000018   Code   RO         3728    i.fabs              m_wm.l(fabs.o)
    0x08007fcc   0x08007fcc   0x00000004   PAD
    0x08007fd0   0x08007fd0   0x0000008c   Code   RO         4032    i.frexp             m_wm.l(frexp.o)
    0x0800805c   0x0800805c   0x0000002a   Code   RO         2022    i.isrMessageGet     RTX_CM4.lib(rt_cmsis.o)
    0x08008086   0x08008086   0x0000002c   Code   RO         2023    i.isrMessagePut     RTX_CM4.lib(rt_cmsis.o)
    0x080080b2   0x080080b2   0x00000024   Code   RO         2025    i.isrSignalSet      RTX_CM4.lib(rt_cmsis.o)
    0x080080d6   0x080080d6   0x00000002   PAD
    0x080080d8   0x080080d8   0x00000028   Code   RO         2854    i.isr_evt_set       RTX_CM4.lib(rt_event.o)
    0x08008100   0x08008100   0x00000056   Code   RO         2972    i.isr_mbx_receive   RTX_CM4.lib(rt_mailbox.o)
    0x08008156   0x08008156   0x0000000e   Code   RO         2973    i.isr_mbx_send      RTX_CM4.lib(rt_mailbox.o)
    0x08008164   0x08008164   0x00000018   Code   RO         2026    i.osDelay           RTX_CM4.lib(rt_cmsis.o)
    0x0800817c   0x0800817c   0x00000024   Code   RO         2027    i.osKernelInitialize  RTX_CM4.lib(rt_cmsis.o)
    0x080081a0   0x080081a0   0x0000006c   Code   RO         2029    i.osKernelStart     RTX_CM4.lib(rt_cmsis.o)
    0x0800820c   0x0800820c   0x00000018   Code   RO         2038    i.osMessageGet      RTX_CM4.lib(rt_cmsis.o)
    0x08008224   0x08008224   0x00000018   Code   RO         2053    i.osSignalSet       RTX_CM4.lib(rt_cmsis.o)
    0x0800823c   0x0800823c   0x00000018   Code   RO         2054    i.osSignalWait      RTX_CM4.lib(rt_cmsis.o)
    0x08008254   0x08008254   0x0000002c   Code   RO         2055    i.osThreadCreate    RTX_CM4.lib(rt_cmsis.o)
    0x08008280   0x08008280   0x00000018   Code   RO         2056    i.osThreadExit      RTX_CM4.lib(rt_cmsis.o)
    0x08008298   0x08008298   0x0000000c   Code   RO         2062    i.osTimerCall       RTX_CM4.lib(rt_cmsis.o)
    0x080082a4   0x080082a4   0x0000002c   Code   RO         2067    i.osTimerThread     RTX_CM4.lib(rt_cmsis.o)
    0x080082d0   0x080082d0   0x00000028   Code   RO         2764    i.os_tick_init      RTX_CM4.lib(rt_system.o)
    0x080082f8   0x080082f8   0x00000002   Code   RO         2765    i.os_tick_irqack    RTX_CM4.lib(rt_system.o)
    0x080082fa   0x080082fa   0x0000001a   Code   RO         3118    i.rt_alloc_box      RTX_CM4.lib(rt_membox.o)
    0x08008314   0x08008314   0x0000003e   Code   RO         3146    i.rt_alloc_mem      RTX_CM4.lib(rt_memory.o)
    0x08008352   0x08008352   0x00000002   PAD
    0x08008354   0x08008354   0x00000038   Code   RO         2645    i.rt_block          RTX_CM4.lib(rt_task.o)
    0x0800838c   0x0800838c   0x00000048   Code   RO         3095    i.rt_chk_robin      RTX_CM4.lib(rt_robin.o)
    0x080083d4   0x080083d4   0x00000070   Code   RO         2896    i.rt_dec_dly        RTX_CM4.lib(rt_list.o)
    0x08008444   0x08008444   0x00000044   Code   RO         2646    i.rt_dispatch       RTX_CM4.lib(rt_task.o)
    0x08008488   0x08008488   0x00000006   Code   RO         3062    i.rt_dly_wait       RTX_CM4.lib(rt_time.o)
    0x0800848e   0x0800848e   0x00000002   PAD
    0x08008490   0x08008490   0x00000050   Code   RO         2857    i.rt_evt_psh        RTX_CM4.lib(rt_event.o)
    0x080084e0   0x080084e0   0x0000005c   Code   RO         2858    i.rt_evt_set        RTX_CM4.lib(rt_event.o)
    0x0800853c   0x0800853c   0x0000003c   Code   RO         2859    i.rt_evt_wait       RTX_CM4.lib(rt_event.o)
    0x08008578   0x08008578   0x0000002c   Code   RO         3119    i.rt_free_box       RTX_CM4.lib(rt_membox.o)
    0x080085a4   0x080085a4   0x00000028   Code   RO         3147    i.rt_free_mem       RTX_CM4.lib(rt_memory.o)
    0x080085cc   0x080085cc   0x00000028   Code   RO         2897    i.rt_get_first      RTX_CM4.lib(rt_list.o)
    0x080085f4   0x080085f4   0x00000008   Code   RO         2072    i.rt_id2obj         RTX_CM4.lib(rt_cmsis.o)
    0x080085fc   0x080085fc   0x00000048   Code   RO         2647    i.rt_init_context   RTX_CM4.lib(rt_task.o)
    0x08008644   0x08008644   0x0000001a   Code   RO         3148    i.rt_init_mem       RTX_CM4.lib(rt_memory.o)
    0x0800865e   0x0800865e   0x00000002   PAD
    0x08008660   0x08008660   0x00000018   Code   RO         3096    i.rt_init_robin     RTX_CM4.lib(rt_robin.o)
    0x08008678   0x08008678   0x00000080   Code   RO         3173    i.rt_init_stack     RTX_CM4.lib(hal_cm.o)
    0x080086f8   0x080086f8   0x00000008   Code   RO         2974    i.rt_mbx_check      RTX_CM4.lib(rt_mailbox.o)
    0x08008700   0x08008700   0x0000001a   Code   RO         2975    i.rt_mbx_init       RTX_CM4.lib(rt_mailbox.o)
    0x0800871a   0x0800871a   0x00000002   PAD
    0x0800871c   0x0800871c   0x000000f0   Code   RO         2976    i.rt_mbx_psh        RTX_CM4.lib(rt_mailbox.o)
    0x0800880c   0x0800880c   0x000000b4   Code   RO         2978    i.rt_mbx_wait       RTX_CM4.lib(rt_mailbox.o)
    0x080088c0   0x080088c0   0x00000044   Code   RO         2073    i.rt_ms2tick        RTX_CM4.lib(rt_cmsis.o)
    0x08008904   0x08008904   0x00000010   Code   RO         2730    i.rt_mut_init       RTX_CM4.lib(rt_mutex.o)
    0x08008914   0x08008914   0x000000d8   Code   RO         2731    i.rt_mut_release    RTX_CM4.lib(rt_mutex.o)
    0x080089ec   0x080089ec   0x00000078   Code   RO         2732    i.rt_mut_wait       RTX_CM4.lib(rt_mutex.o)
    0x08008a64   0x08008a64   0x0000007c   Code   RO         2768    i.rt_pop_req        RTX_CM4.lib(rt_system.o)
    0x08008ae0   0x08008ae0   0x00000020   Code   RO         2769    i.rt_psh_req        RTX_CM4.lib(rt_system.o)
    0x08008b00   0x08008b00   0x0000005c   Code   RO         2899    i.rt_psq_enq        RTX_CM4.lib(rt_list.o)
    0x08008b5c   0x08008b5c   0x00000048   Code   RO         2900    i.rt_put_dly        RTX_CM4.lib(rt_list.o)
    0x08008ba4   0x08008ba4   0x00000036   Code   RO         2901    i.rt_put_prio       RTX_CM4.lib(rt_list.o)
    0x08008bda   0x08008bda   0x00000002   PAD
    0x08008bdc   0x08008bdc   0x00000014   Code   RO         2902    i.rt_put_rdy_first  RTX_CM4.lib(rt_list.o)
    0x08008bf0   0x08008bf0   0x00000034   Code   RO         2903    i.rt_resort_prio    RTX_CM4.lib(rt_list.o)
    0x08008c24   0x08008c24   0x00000010   Code   RO         3174    i.rt_ret_regs       RTX_CM4.lib(hal_cm.o)
    0x08008c34   0x08008c34   0x0000000c   Code   RO         3175    i.rt_ret_val        RTX_CM4.lib(hal_cm.o)
    0x08008c40   0x08008c40   0x00000010   Code   RO         3176    i.rt_ret_val2       RTX_CM4.lib(hal_cm.o)
    0x08008c50   0x08008c50   0x00000028   Code   RO         2904    i.rt_rmv_dly        RTX_CM4.lib(rt_list.o)
    0x08008c78   0x08008c78   0x00000030   Code   RO         2905    i.rt_rmv_list       RTX_CM4.lib(rt_list.o)
    0x08008ca8   0x08008ca8   0x00000034   Code   RO         3023    i.rt_sem_psh        RTX_CM4.lib(rt_semaphore.o)
    0x08008cdc   0x08008cdc   0x00000024   Code   RO         2771    i.rt_stk_check      RTX_CM4.lib(rt_system.o)
    0x08008d00   0x08008d00   0x00000028   Code   RO         2648    i.rt_switch_req     RTX_CM4.lib(rt_task.o)
    0x08008d28   0x08008d28   0x000000cc   Code   RO         2649    i.rt_sys_init       RTX_CM4.lib(rt_task.o)
    0x08008df4   0x08008df4   0x00000078   Code   RO         2650    i.rt_sys_start      RTX_CM4.lib(rt_task.o)
    0x08008e6c   0x08008e6c   0x00000040   Code   RO         2773    i.rt_systick        RTX_CM4.lib(rt_system.o)
    0x08008eac   0x08008eac   0x00000012   Code   RO         2074    i.rt_tid2ptcb       RTX_CM4.lib(rt_cmsis.o)
    0x08008ebe   0x08008ebe   0x00000002   PAD
    0x08008ec0   0x08008ec0   0x00000034   Code   RO         2075    i.rt_timer_insert   RTX_CM4.lib(rt_cmsis.o)
    0x08008ef4   0x08008ef4   0x00000088   Code   RO         2651    i.rt_tsk_create     RTX_CM4.lib(rt_task.o)
    0x08008f7c   0x08008f7c   0x0000017c   Code   RO         2652    i.rt_tsk_delete     RTX_CM4.lib(rt_task.o)
    0x080090f8   0x080090f8   0x0000007c   Code   RO         2654    i.rt_tsk_prio       RTX_CM4.lib(rt_task.o)
    0x08009174   0x08009174   0x00000010   Code   RO         2655    i.rt_tsk_self       RTX_CM4.lib(rt_task.o)
    0x08009184   0x08009184   0x00000012   Code   RO         2077    i.svcDelay          RTX_CM4.lib(rt_cmsis.o)
    0x08009196   0x08009196   0x00000002   PAD
    0x08009198   0x08009198   0x00000070   Code   RO         2078    i.svcKernelInitialize  RTX_CM4.lib(rt_cmsis.o)
    0x08009208   0x08009208   0x00000048   Code   RO         2080    i.svcKernelStart    RTX_CM4.lib(rt_cmsis.o)
    0x08009250   0x08009250   0x00000024   Code   RO         2083    i.svcMessageCreate  RTX_CM4.lib(rt_cmsis.o)
    0x08009274   0x08009274   0x0000003a   Code   RO         2084    i.svcMessageGet     RTX_CM4.lib(rt_cmsis.o)
    0x080092ae   0x080092ae   0x00000024   Code   RO         2096    i.svcSignalSet      RTX_CM4.lib(rt_cmsis.o)
    0x080092d2   0x080092d2   0x00000002   PAD
    0x080092d4   0x080092d4   0x00000054   Code   RO         2097    i.svcSignalWait     RTX_CM4.lib(rt_cmsis.o)
    0x08009328   0x08009328   0x0000006c   Code   RO         2098    i.svcThreadCreate   RTX_CM4.lib(rt_cmsis.o)
    0x08009394   0x08009394   0x0000001c   Code   RO         2099    i.svcThreadGetId    RTX_CM4.lib(rt_cmsis.o)
    0x080093b0   0x080093b0   0x00000038   Code   RO         2102    i.svcThreadTerminate  RTX_CM4.lib(rt_cmsis.o)
    0x080093e8   0x080093e8   0x00000018   Code   RO         2104    i.svcTimerCall      RTX_CM4.lib(rt_cmsis.o)
    0x08009400   0x08009400   0x0000005c   Code   RO         2113    i.sysTimerTick      RTX_CM4.lib(rt_cmsis.o)
    0x0800945c   0x0800945c   0x0000002c   Code   RO         3854    locale$$code        c_w.l(lc_ctype_c.o)
    0x08009488   0x08009488   0x0000002c   Code   RO         3935    locale$$code        c_w.l(lc_numeric_c.o)
    0x080094b4   0x080094b4   0x00000018   Code   RO         3658    x$fpl$basic         fz_wm.l(basic.o)
    0x080094cc   0x080094cc   0x00000062   Code   RO         3271    x$fpl$d2f           fz_wm.l(d2f.o)
    0x0800952e   0x0800952e   0x00000002   PAD
    0x08009530   0x08009530   0x00000150   Code   RO         3273    x$fpl$dadd          fz_wm.l(daddsub_clz.o)
    0x08009680   0x08009680   0x00000010   Code   RO         3865    x$fpl$dcheck1       fz_wm.l(dcheck1.o)
    0x08009690   0x08009690   0x00000018   Code   RO         3867    x$fpl$dcmpinf       fz_wm.l(dcmpi.o)
    0x080096a8   0x080096a8   0x000002b4   Code   RO         3282    x$fpl$ddiv          fz_wm.l(ddiv.o)
    0x0800995c   0x0800995c   0x00000078   Code   RO         3660    x$fpl$deqf          fz_wm.l(deqf.o)
    0x080099d4   0x080099d4   0x0000005a   Code   RO         3289    x$fpl$dfixu         fz_wm.l(dfixu.o)
    0x08009a2e   0x08009a2e   0x00000026   Code   RO         3293    x$fpl$dfltu         fz_wm.l(dflt_clz.o)
    0x08009a54   0x08009a54   0x00000078   Code   RO         3662    x$fpl$dgeqf         fz_wm.l(dgeqf.o)
    0x08009acc   0x08009acc   0x00000078   Code   RO         3664    x$fpl$dleqf         fz_wm.l(dleqf.o)
    0x08009b44   0x08009b44   0x00000154   Code   RO         3299    x$fpl$dmul          fz_wm.l(dmul.o)
    0x08009c98   0x08009c98   0x0000009c   Code   RO         3666    x$fpl$dnaninf       fz_wm.l(dnaninf.o)
    0x08009d34   0x08009d34   0x0000000c   Code   RO         3668    x$fpl$dretinf       fz_wm.l(dretinf.o)
    0x08009d40   0x08009d40   0x0000006c   Code   RO         3670    x$fpl$drleqf        fz_wm.l(drleqf.o)
    0x08009dac   0x08009dac   0x00000016   Code   RO         3274    x$fpl$drsb          fz_wm.l(daddsub_clz.o)
    0x08009dc2   0x08009dc2   0x00000002   PAD
    0x08009dc4   0x08009dc4   0x000001dc   Code   RO         3275    x$fpl$dsub          fz_wm.l(daddsub_clz.o)
    0x08009fa0   0x08009fa0   0x00000054   Code   RO         3279    x$fpl$fcmp          fz_wm.l(dcmp.o)
    0x08009ff4   0x08009ff4   0x0000001a   Code   RO         3869    x$fpl$fpinit        fz_wm.l(fpinit.o)
    0x0800a00e   0x0800a00e   0x0000000a   Code   RO         3676    x$fpl$fretinf       fz_wm.l(fretinf.o)
    0x0800a018   0x0800a018   0x00000006   Code   RO         3678    x$fpl$ieeestatus    fz_wm.l(istatus.o)
    0x0800a01e   0x0800a01e   0x00000004   Code   RO         3680    x$fpl$printf1       fz_wm.l(printf1.o)
    0x0800a022   0x0800a022   0x00000004   Code   RO         3682    x$fpl$printf2       fz_wm.l(printf2.o)
    0x0800a026   0x0800a026   0x00000064   Code   RO         3983    x$fpl$retnan        fz_wm.l(retnan.o)
    0x0800a08a   0x0800a08a   0x0000005c   Code   RO         3688    x$fpl$scalbn        fz_wm.l(scalbn.o)
    0x0800a0e6   0x0800a0e6   0x00000004   Code   RO         3690    x$fpl$scanf1        fz_wm.l(scanf1.o)
    0x0800a0ea   0x0800a0ea   0x00000008   Code   RO         3985    x$fpl$scanf2        fz_wm.l(scanf2.o)
    0x0800a0f2   0x0800a0f2   0x00000030   Code   RO         4028    x$fpl$trapveneer    fz_wm.l(trapv.o)
    0x0800a122   0x0800a122   0x00000000   Code   RO         3692    x$fpl$usenofp       fz_wm.l(usenofp.o)
    0x0800a122   0x0800a122   0x00000006   PAD
    0x0800a128   0x0800a128   0x00000098   Data   RO         3348    .constdata          m_wm.l(atan.o)
    0x0800a1c0   0x0800a1c0   0x00000008   Data   RO         3509    .constdata          c_w.l(_printf_wctomb.o)
    0x0800a1c8   0x0800a1c8   0x00000028   Data   RO         3538    .constdata          c_w.l(_printf_hex_int_ll_ptr.o)
    0x0800a1f0   0x0800a1f0   0x00000011   Data   RO         3558    .constdata          c_w.l(__printf_flags_ss_wp.o)
    0x0800a201   0x0800a201   0x00000026   Data   RO         3828    .constdata          c_w.l(_printf_fp_hex.o)
    0x0800a227   0x0800a227   0x00000001   PAD
    0x0800a228   0x0800a228   0x00000094   Data   RO         3905    .constdata          c_w.l(bigflt0.o)
    0x0800a2bc   0x0800a2bc   0x00000010   Data   RO         1536    .rodata..L__const.main.os_thread_def_Tarea1Teclado  main.o
    0x0800a2cc   0x0800a2cc   0x00000010   Data   RO         1537    .rodata..L__const.main.os_thread_def_Tarea2Pantalla  main.o
    0x0800a2dc   0x0800a2dc   0x00000010   Data   RO         2011    .rodata.AHBPrescTable  system_stm32f7xx.o
    0x0800a2ec   0x0800a2ec   0x00000004   Data   RO         1965    .rodata.CMSIS_RTOS_API_Version  rtx_conf_cm.o
    0x0800a2f0   0x0800a2f0   0x00000004   Data   RO         1966    .rodata.CMSIS_RTOS_RTX_Version  rtx_conf_cm.o
    0x0800a2f4   0x0800a2f4   0x00000242   Data   RO          345    .rodata._ZL6Lcd5x7  glcd.o
    0x0800a536   0x0800a536   0x00000002   PAD
    0x0800a538   0x0800a538   0x00000080   Data   RO          346    .rodata._ZL9BitsValue  glcd.o
    0x0800a5b8   0x0800a5b8   0x00000080   Data   RO          532    .rodata._ZL9BitsValue  nokia5110.o
    0x0800a638   0x0800a638   0x00000010   Data   RO         1120    .rodata._ZTV3Bit    bit.o
    0x0800a648   0x0800a648   0x00000028   Data   RO           98    .rodata._ZTV3Bus    bus.o
    0x0800a670   0x0800a670   0x00000010   Data   RO         1214    .rodata._ZTV3Pin    pin.o
    0x0800a680   0x0800a680   0x00000030   Data   RO          945    .rodata._ZTV3Spi    spi.o
    0x0800a6b0   0x0800a6b0   0x0000001c   Data   RO          344    .rodata._ZTV4GLcd   glcd.o
    0x0800a6cc   0x0800a6cc   0x00000028   Data   RO          842    .rodata._ZTV4Port   port.o
    0x0800a6f4   0x0800a6f4   0x00000030   Data   RO          975    .rodata._ZTV6SpiBus  spibus.o
    0x0800a724   0x0800a724   0x0000001c   Data   RO          530    .rodata._ZTV9Nokia5110  nokia5110.o
    0x0800a740   0x0800a740   0x00000004   Data   RO         1970    .rodata.mp_stk_size  rtx_conf_cm.o
    0x0800a744   0x0800a744   0x00000002   Data   RO         1969    .rodata.mp_tcb_size  rtx_conf_cm.o
    0x0800a746   0x0800a746   0x00000002   Data   RO         1978    .rodata.mp_tmr_size  rtx_conf_cm.o
    0x0800a748   0x0800a748   0x00000004   Data   RO         1967    .rodata.os_clockrate  rtx_conf_cm.o
    0x0800a74c   0x0800a74c   0x00000001   Data   RO         1972    .rodata.os_fifo_size  rtx_conf_cm.o
    0x0800a74d   0x0800a74d   0x00000001   Data   RO         1964    .rodata.os_flags    rtx_conf_cm.o
    0x0800a74e   0x0800a74e   0x00000002   Data   RO         1957    .rodata.os_maxtaskrun  rtx_conf_cm.o
    0x0800a750   0x0800a750   0x00000008   Data   RO         1975    .rodata.os_messageQ_def_osTimerMessageQ  rtx_conf_cm.o
    0x0800a758   0x0800a758   0x00000004   Data   RO         1959    .rodata.os_rrobin   rtx_conf_cm.o
    0x0800a75c   0x0800a75c   0x00000004   Data   RO         1971    .rodata.os_stack_sz  rtx_conf_cm.o
    0x0800a760   0x0800a760   0x00000004   Data   RO         1958    .rodata.os_stackinfo  rtx_conf_cm.o
    0x0800a764   0x0800a764   0x00000010   Data   RO         1982    .rodata.os_thread_def_main  rtx_conf_cm.o
    0x0800a774   0x0800a774   0x00000010   Data   RO         1973    .rodata.os_thread_def_osTimerThread  rtx_conf_cm.o
    0x0800a784   0x0800a784   0x00000004   Data   RO         1968    .rodata.os_timernum  rtx_conf_cm.o
    0x0800a788   0x0800a788   0x00000004   Data   RO         1963    .rodata.os_trv      rtx_conf_cm.o
    0x0800a78c   0x0800a78c   0x000000af   Data   RO         1533    .rodata.str1.1      main.o
    0x0800a83b   0x0800a83b   0x00000001   PAD
    0x0800a83c   0x0800a83c   0x00000020   Data   RO         4084    Region$$Table       anon$$obj.o
    0x0800a85c   0x0800a85c   0x00000008   Data   RO         3979    c$$dinf             fz_wm.l(fpconst.o)
    0x0800a864   0x0800a864   0x00000008   Data   RO         3982    c$$dmax             fz_wm.l(fpconst.o)
    0x0800a86c   0x0800a86c   0x00000110   Data   RO         3853    locale$$data        c_w.l(lc_ctype_c.o)
    0x0800a97c   0x0800a97c   0x0000001c   Data   RO         3934    locale$$data        c_w.l(lc_numeric_c.o)
    0x0800a998   0x0800a998   0x00000004   Data   RO         1396    .init_array         complejo.o
    0x0800a99c   0x0800a998   0x00000004   Data   RO         1538    .init_array         main.o
    0x0800a9a0   0x0800a998   0x00000004   Data   RO         1775    .init_array         hmc5883.o
    0x0800a9a4   0x0800a998   0x00000004   Data   RO         1820    .init_array         qmc5883.o
    0x0800a9a8   0x0800a998   0x00000000   Data   RO         3266    .init_array         c_w.l(init_aeabi.o)


    Execution Region RW_IRAM1 (Exec base: 0x20000000, Load base: 0x0800a9a8, Size: 0x00008240, Max: 0x00018000, ABSOLUTE)

    Exec Addr    Load Addr    Size         Type   Attr      Idx    E Section Name        Object

    0x20000000   0x0800a9a8   0x00000004   Data   RW         1539    .ARM.use_no_argv    main.o
    0x20000004   0x0800a9ac   0x00000008   Data   RW         2116    .data               RTX_CM4.lib(rt_cmsis.o)
    0x2000000c   0x0800a9b4   0x00000008   Data   RW         2657    .data               RTX_CM4.lib(rt_task.o)
    0x20000014   0x0800a9bc   0x00000008   Data   RW         2776    .data               RTX_CM4.lib(rt_system.o)
    0x2000001c   0x0800a9c4   0x00000004   Data   RW         3066    .data               RTX_CM4.lib(rt_time.o)
    0x20000020   0x0800a9c8   0x00000008   Data   RW         3097    .data               RTX_CM4.lib(rt_robin.o)
    0x20000028   0x0800a9d0   0x00000001   Data   RW         3177    .data               RTX_CM4.lib(hal_cm.o)
    0x20000029   0x0800a9d1   0x00000003   PAD
    0x2000002c   0x0800a9d4   0x00000004   Data   RW          166    .data.DWT_LAR       delay.o
    0x20000030   0x0800a9d8   0x00000011   Data   RW         1519    .data.Dec           main.o
    0x20000041   0x0800a9e9   0x00000003   PAD
    0x20000044   0x0800a9ec   0x00000004   Data   RW         2010    .data.SystemCoreClock  system_stm32f7xx.o
    0x20000048   0x0800a9f0   0x00000032   Data   RW         1517    .data.Text2         main.o
    0x2000007a   0x0800aa22   0x00000032   Data   RW         1518    .data.Text3         main.o
    0x200000ac   0x0800aa54   0x00000004   Data   RW         1520    .data.horas         main.o
    0x200000b0   0x0800aa58   0x00000004   Data   RW         1521    .data.minutos       main.o
    0x200000b4   0x0800aa5c   0x00000004   PAD
    0x200000b8        -       0x00000034   Zero   RW         2656    .bss                RTX_CM4.lib(rt_task.o)
    0x200000ec        -       0x00000030   Zero   RW         2906    .bss                RTX_CM4.lib(rt_list.o)
    0x2000011c        -       0x00000060   Zero   RW         3239    .bss                c_w.l(libspace.o)
    0x2000017c        -       0x00000014   Zero   RW         1509    .bss.C              main.o
    0x20000190        -       0x00000018   Zero   RW         1531    .bss.CE             main.o
    0x200001a8        -       0x00000018   Zero   RW         1529    .bss.DC             main.o
    0x200001c0        -       0x00000014   Zero   RW         1508    .bss.F              main.o
    0x200001d4        -       0x00000004   Zero   RW         1274    .bss.FunAlarA       rtc.o
    0x200001d8        -       0x00000004   Zero   RW         1275    .bss.FunAlarB       rtc.o
    0x200001dc        -       0x00000004   Zero   RW         1198    .bss.FunExti0       pin.o
    0x200001e0        -       0x00000004   Zero   RW         1199    .bss.FunExti1       pin.o
    0x200001e4        -       0x00000004   Zero   RW         1208    .bss.FunExti10      pin.o
    0x200001e8        -       0x00000004   Zero   RW         1209    .bss.FunExti11      pin.o
    0x200001ec        -       0x00000004   Zero   RW         1210    .bss.FunExti12      pin.o
    0x200001f0        -       0x00000004   Zero   RW         1211    .bss.FunExti13      pin.o
    0x200001f4        -       0x00000004   Zero   RW         1212    .bss.FunExti14      pin.o
    0x200001f8        -       0x00000004   Zero   RW         1213    .bss.FunExti15      pin.o
    0x200001fc        -       0x00000004   Zero   RW         1200    .bss.FunExti2       pin.o
    0x20000200        -       0x00000004   Zero   RW         1201    .bss.FunExti3       pin.o
    0x20000204        -       0x00000004   Zero   RW         1202    .bss.FunExti4       pin.o
    0x20000208        -       0x00000004   Zero   RW         1203    .bss.FunExti5       pin.o
    0x2000020c        -       0x00000004   Zero   RW         1204    .bss.FunExti6       pin.o
    0x20000210        -       0x00000004   Zero   RW         1205    .bss.FunExti7       pin.o
    0x20000214        -       0x00000004   Zero   RW         1206    .bss.FunExti8       pin.o
    0x20000218        -       0x00000004   Zero   RW         1207    .bss.FunExti9       pin.o
    0x2000021c        -       0x00000004   Zero   RW         1463    .bss.FunTim10       timer.o
    0x20000220        -       0x00000004   Zero   RW         1464    .bss.FunTim11       timer.o
    0x20000224        -       0x00000004   Zero   RW         1465    .bss.FunTim12       timer.o
    0x20000228        -       0x00000004   Zero   RW         1466    .bss.FunTim13       timer.o
    0x2000022c        -       0x00000004   Zero   RW         1467    .bss.FunTim14       timer.o
    0x20000230        -       0x00000004   Zero   RW         1456    .bss.FunTim2        timer.o
    0x20000234        -       0x00000004   Zero   RW         1457    .bss.FunTim3        timer.o
    0x20000238        -       0x00000004   Zero   RW         1458    .bss.FunTim4        timer.o
    0x2000023c        -       0x00000004   Zero   RW         1459    .bss.FunTim5        timer.o
    0x20000240        -       0x00000004   Zero   RW         1460    .bss.FunTim6        timer.o
    0x20000244        -       0x00000004   Zero   RW         1461    .bss.FunTim7        timer.o
    0x20000248        -       0x00000004   Zero   RW         1462    .bss.FunTim9        timer.o
    0x2000024c        -       0x00000004   Zero   RW         1080    .bss.FunUsart3      usart.o
    0x20000250        -       0x00000004   Zero   RW         1081    .bss.FunUsart4      usart.o
    0x20000254        -       0x00000004   Zero   RW         1082    .bss.FunUsart5      usart.o
    0x20000258        -       0x00000004   Zero   RW         1084    .bss.FunUsart7      usart.o
    0x2000025c        -       0x00000004   Zero   RW         1085    .bss.FunUsart8      usart.o
    0x20000260        -       0x0000029c   Zero   RW         1527    .bss.Nokia          main.o
    0x200004fc        -       0x00000018   Zero   RW         1532    .bss.PinMotor       main.o
    0x20000514        -       0x00000001   Zero   RW         1510    .bss.R              main.o
    0x20000515        -       0x00000001   Zero   RW         1511    .bss.R2             main.o
    0x20000516   0x0800aa5c   0x00000002   PAD
    0x20000518        -       0x00000018   Zero   RW         1530    .bss.RST            main.o
    0x20000530        -       0x00000050   Zero   RW         1528    .bss.S              main.o
    0x20000580        -       0x0000000c   Zero   RW         1526    .bss.T              main.o
    0x2000058c        -       0x00000004   Zero   RW         1534    .bss.Tarea1ID       main.o
    0x20000590        -       0x00000004   Zero   RW         1535    .bss.Tarea2ID       main.o
    0x20000594        -       0x00000008   Zero   RW         1507    .bss.Te             main.o
    0x2000059c   0x0800aa5c   0x00000004   PAD
    0x200005a0        -       0x00000008   Zero   RW         1391    .bss._ZL4V_PI       complejo.o
    0x200005a8        -       0x00000008   Zero   RW         1774    .bss._ZL4_PI_       hmc5883.o
    0x200005b0        -       0x00000008   Zero   RW         1819    .bss._ZL4_PI_       qmc5883.o
    0x200005b8        -       0x00000004   Zero   RW         3884    .bss.__cxa_new_handler  libcppabi_w.l(cxa_default_handlers.cpp.o)
    0x200005bc        -       0x00000004   Zero   RW         1523    .bss.alarm_horas    main.o
    0x200005c0        -       0x00000004   Zero   RW         1524    .bss.alarm_minutos  main.o
    0x200005c4        -       0x00000004   Zero   RW         1525    .bss.alarm_segundos  main.o
    0x200005c8        -       0x00000001   Zero   RW         1515    .bss.alarmaActiva   main.o
    0x200005c9        -       0x00000001   Zero   RW         1514    .bss.allowInput     main.o
    0x200005ca   0x0800aa5c   0x00000002   PAD
    0x200005cc        -       0x00000004   Zero   RW         1513    .bss.i              main.o
    0x200005d0        -       0x00000004   Zero   RW         1977    .bss.m_tmr          rtx_conf_cm.o
    0x200005d4   0x0800aa5c   0x00000004   PAD
    0x200005d8        -       0x00006010   Zero   RW         1984    .bss.mp_stk         rtx_conf_cm.o
    0x200065e8        -       0x00000178   Zero   RW         1983    .bss.mp_tcb         rtx_conf_cm.o
    0x20006760        -       0x00000004   Zero   RW         1512    .bss.n              main.o
    0x20006764        -       0x00000004   Zero   RW         1980    .bss.nr_mutex       rtx_conf_cm.o
    0x20006768        -       0x00000004   Zero   RW         1989    .bss.osMessageQId_osTimerMessageQ  rtx_conf_cm.o
    0x2000676c        -       0x00000004   Zero   RW         1988    .bss.osThreadId_osTimerThread  rtx_conf_cm.o
    0x20006770        -       0x0000001c   Zero   RW         1987    .bss.os_active_TCB  rtx_conf_cm.o
    0x2000678c        -       0x00000084   Zero   RW         1986    .bss.os_fifo        rtx_conf_cm.o
    0x20006810        -       0x00000020   Zero   RW         1974    .bss.os_messageQ_q_osTimerMessageQ  rtx_conf_cm.o
    0x20006830        -       0x000010e8   Zero   RW         1985    .bss.os_stack_mem   rtx_conf_cm.o
    0x20007918        -       0x00000004   Zero   RW         1522    .bss.segundos       main.o
    0x2000791c        -       0x00000080   Zero   RW         1981    .bss.std_libmutex   rtx_conf_cm.o
    0x2000799c        -       0x000002a0   Zero   RW         1979    .bss.std_libspace   rtx_conf_cm.o
    0x20007c3c   0x0800aa5c   0x00000004   PAD
    0x20007c40        -       0x00000200   Zero   RW         1998    HEAP                startup_stm32f746xx.o
    0x20007e40        -       0x00000400   Zero   RW         1997    STACK               startup_stm32f746xx.o


==============================================================================

Image component sizes


      Code (inc. data)   RO Data    RW Data    ZI Data      Debug   Object Name

        32          0          0          0          0      25069   adc.o
        66          0         16          0          0       2766   bit.o
       474          0         40          0          0       5187   bus.o
        72         16          4          0          8      26322   complejo.o
       332         16          0          4          0      19190   delay.o
       718          0        734          0          0      27679   glcd.o
        72         16          4          0          8      21603   hmc5883.o
      3338          8        211        129        940      24153   main.o
       854          0        156          0          0      21459   nokia5110.o
      2382         72         16          0         64      29236   pin.o
      1882          0         40          0          0      23016   port.o
        72         16          4          0          8      21097   qmc5883.o
       168          0          0          0          8      28155   rtc.o
       386          4         84          0      30304       5624   rtx_conf_cm.o
      2088        320         48          0          0      21829   spi.o
       160          0         48          0          0       2525   spibus.o
        64         26        456          0       1536        972   startup_stm32f746xx.o
       320          0         16          4          0       3469   system_stm32f7xx.o
       320          0          0          0          0      18639   teclado.o
      2280        114          0          0         48      26551   timer.o
       470          0          0          0         20      26444   usart.o

    ----------------------------------------------------------------------
     16880        608       1912        140      32964     380985   Object Totals
         0          0         32          0          0          0   (incl. Generated)
       330          0          3          3         20          0   (incl. Padding)

    ----------------------------------------------------------------------

      Code (inc. data)   RO Data    RW Data    ZI Data      Debug   Library Member Name

       268         24          0          1          0       4440   hal_cm.o
       408         34          0          0          0        812   hal_cm4.o
      1356        160          0          8          0      41006   rt_cmsis.o
       272         18          0          0          0       2798   rt_event.o
       530         34          0          0         48       8589   rt_list.o
       554         10          0          0          0       4177   rt_mailbox.o
       140          0          0          0          0       2033   rt_membox.o
       128          0          0          0          0       2411   rt_memory.o
       352         14          0          0          0       2217   rt_mutex.o
        96         22          0          8          0       1230   rt_robin.o
        52          4          0          0          0        613   rt_semaphore.o
       298         52          0          8          0       6427   rt_system.o
      1216        174          0          8         52      10017   rt_task.o
         6          0          0          4          0        684   rt_time.o
         4          4          0          0          0        196   svc_table.o
         8          0          0          0          0         68   __main.o
       392          4         17          0          0         92   __printf_flags_ss_wp.o
        14          0          0          0          0         68   __printf_wp.o
         0          0          0          0          0          0   __rtentry.o
        20          0          0          0          0          0   __rtentry2.o
         6          0          0          0          0          0   __rtentry4.o
        94          8          0          0          0          0   __scatter.o
        26          0          0          0          0          0   __scatter_copy.o
        28          0          0          0          0          0   __scatter_zi.o
        72          0          0          0          0         96   _c16rtomb.o
        28          0          0          0          0         68   _chval.o
        64          0          0          0          0         84   _mbrtoc16.o
         6          0          0          0          0          0   _printf_a.o
         6          0          0          0          0          0   _printf_c.o
        44          0          0          0          0        108   _printf_char.o
        48          6          0          0          0         96   _printf_char_common.o
        40          0          0          0          0         68   _printf_charcount.o
         6          0          0          0          0          0   _printf_d.o
       120         16          0          0          0         92   _printf_dec.o
         6          0          0          0          0          0   _printf_e.o
         6          0          0          0          0          0   _printf_f.o
      1052          0          0          0          0        148   _printf_fp_dec.o
       764          8         38          0          0        100   _printf_fp_hex.o
       128         16          0          0          0         84   _printf_fp_infnan.o
         6          0          0          0          0          0   _printf_g.o
       148          4         40          0          0        160   _printf_hex_int_ll_ptr.o
         6          0          0          0          0          0   _printf_i.o
       178          0          0          0          0         88   _printf_intcommon.o
        10          0          0          0          0          0   _printf_l.o
         6          0          0          0          0          0   _printf_lc.o
        10          0          0          0          0          0   _printf_ll.o
         6          0          0          0          0          0   _printf_lld.o
         6          0          0          0          0          0   _printf_lli.o
         6          0          0          0          0          0   _printf_llo.o
         6          0          0          0          0          0   _printf_llu.o
         6          0          0          0          0          0   _printf_llx.o
       124         16          0          0          0         92   _printf_longlong_dec.o
         6          0          0          0          0          0   _printf_ls.o
         6          0          0          0          0          0   _printf_n.o
         6          0          0          0          0          0   _printf_o.o
       112          8          0          0          0        124   _printf_oct_int_ll.o
         6          0          0          0          0          0   _printf_p.o
        78          0          0          0          0        108   _printf_pad.o
         0          0          0          0          0          0   _printf_percent.o
         4          0          0          0          0          0   _printf_percent_end.o
         6          0          0          0          0          0   _printf_s.o
        82          0          0          0          0         80   _printf_str.o
        36          0          0          0          0         84   _printf_truncate.o
         6          0          0          0          0          0   _printf_u.o
        44          0          0          0          0        108   _printf_wchar.o
       188          6          8          0          0         92   _printf_wctomb.o
         6          0          0          0          0          0   _printf_x.o
        22          0          0          0          0        100   _rserrno.o
       884          6          0          0          0        100   _scanf.o
       332          0          0          0          0         96   _scanf_int.o
       342          0          0          0          0        100   _scanf_longlong.o
       276          0          0          0          0        100   _scanf_mbtowc.o
       224          0          0          0          0         96   _scanf_str.o
        30          0          0          0          0         76   _scanf_wcharmap.o
       232          0          0          0          0        100   _scanf_wctomb.o
       208          0          0          0          0         96   _scanf_wstr.o
        64          0          0          0          0         84   _sgetc.o
        10          0          0          0          0         68   _sputc.o
        46          0          0          0          0         84   aeabi_atexit.o
       228          4        148          0          0         96   bigflt0.o
      2152        136          0          0          0        956   btod.o
        10          0          0          0          0         68   cxa_atexit.o
        66          0          0          0          0         84   cxa_finalize.o
        10          0          0          0          0         68   defsig_exit.o
        50          0          0          0          0         88   defsig_general.o
        80         58          0          0          0         76   defsig_rtmem_inner.o
        14          0          0          0          0         80   defsig_rtmem_outer.o
        18          0          0          0          0         80   exit.o
       166          0          0          0          0        144   h1_alloc_threads.o
        82          0          0          0          0        104   h1_extend_threads.o
       118          0          0          0          0        108   h1_free_threads.o
        18          0          0          0          0         84   h1_init_threads.o
         6          0          0          0          0        152   heapauxi.o
         4          0          0          0          0        136   hguard.o
         0          0          0          0          0          0   indicate_semi.o
        44          8          0          0          0         80   init_aeabi.o
       138          0          0          0          0        168   init_alloc.o
        18          0          0          0          0         76   isspace.o
        44         10        272          0          0         76   lc_ctype_c.o
        44         10         28          0          0         76   lc_numeric_c.o
         2          0          0          0          0          0   libinit.o
        46          0          0          0          0          0   libinit2.o
         2          0          0          0          0          0   libshutdown.o
         8          0          0          0          0          0   libshutdown2.o
         8          4          0          0         96         68   libspace.o
        38          0          0          0          0         68   llshl.o
       138          0          0          0          0         80   lludiv10.o
         0          0          0          0          0          0   maybetermalloc1.o
        16          4          0          0          0         76   rt_ctype_table.o
        10          0          0          0          0         76   rt_ddtor_pointer_addr_twolibspace.o
         4          0          0          0          0         68   rt_errno_addr_twolibspace.o
        10          0          0          0          0         76   rt_heap_descriptor_twolibspace.o
        10          0          0          0          0         76   rt_locale_twolibspace.o
         2          0          0          0          0          0   rtexit.o
        10          0          0          0          0          0   rtexit2.o
        44          8          0          0          0         84   scanf_char.o
      1272         16          0          0          0        168   scanf_fp.o
       800         14          0          0          0        100   scanf_hexfp.o
       308         16          0          0          0        100   scanf_infnan.o
        44          6          0          0          0         84   sprintf.o
        60          8          0          0          0         84   sscanf.o
       124          0          0          0          0         88   strcmpv7m_pel.o
        12          4          0          0          0         68   sys_exit.o
        74          0          0          0          0         80   sys_stackheap_outer.o
        14          0          0          0          0         76   sys_wrch.o
         2          0          0          0          0         68   use_no_semi.o
        24          0          0          0          0        164   basic.o
        98          4          0          0          0        140   d2f.o
       834         16          0          0          0        516   daddsub_clz.o
        16          4          0          0          0        116   dcheck1.o
        84          0          0          0          0        244   dcmp.o
        24          0          0          0          0        116   dcmpi.o
       692        140          0          0          0        264   ddiv.o
       120          4          0          0          0        140   deqf.o
        90          4          0          0          0        140   dfixu.o
        38          0          0          0          0        116   dflt_clz.o
       120          4          0          0          0        140   dgeqf.o
       120          4          0          0          0        140   dleqf.o
       340         12          0          0          0        152   dmul.o
       156          4          0          0          0        140   dnaninf.o
        12          0          0          0          0        116   dretinf.o
       108          0          0          0          0        128   drleqf.o
         0          0         16          0          0          0   fpconst.o
        26          0          0          0          0        116   fpinit.o
        10          0          0          0          0        116   fretinf.o
         6          0          0          0          0        116   istatus.o
         4          0          0          0          0        116   printf1.o
         4          0          0          0          0        116   printf2.o
       100          0          0          0          0        116   retnan.o
        92          0          0          0          0        116   scalbn.o
         4          0          0          0          0        116   scanf1.o
         8          0          0          0          0        132   scanf2.o
        48          0          0          0          0        116   trapv.o
         0          0          0          0          0          0   usenofp.o
        46          0          0          0          0        364   new.cpp.o
         0          0          0          0          4          0   cxa_default_handlers.cpp.o
        12          0          0          0          0        132   cxa_handlers.cpp.o
       728        106        152          0          0        228   atan.o
        84         16          0          0          0        372   dunder.o
        24          0          0          0          0        124   fabs.o
        48          0          0          0          0        124   fpclassify.o
       140         22          0          0          0        132   frexp.o
       228          8          0          0          0        308   ldexp.o
       266         16          0          0          0        308   narrow.o
       248          0          0          0          0        152   poly.o
        58          0          0          0          0        136   sqrtf.o

    ----------------------------------------------------------------------
     23920       1318        720         40        200     101574   Library Totals
        60          0          1          3          0          0   (incl. Padding)

    ----------------------------------------------------------------------

      Code (inc. data)   RO Data    RW Data    ZI Data      Debug   Library Name

      5680        550          0         37        100      87650   RTX_CM4.lib
     13120        404        551          0         96       7596   c_w.l
      3178        196         16          0          0       3948   fz_wm.l
        46          0          0          0          0        364   libcpp_w.l
        12          0          0          0          4        132   libcppabi_w.l
      1824        168        152          0          0       1884   m_wm.l

    ----------------------------------------------------------------------
     23920       1318        720         40        200     101574   Library Totals

    ----------------------------------------------------------------------

==============================================================================


      Code (inc. data)   RO Data    RW Data    ZI Data      Debug   

     40800       1926       2632        180      33164     466147   Grand Totals
     40800       1926       2632        180      33164     466147   ELF Image Totals
     40800       1926       2632        180          0          0   ROM Totals

==============================================================================

    Total RO  Size (Code + RO Data)                43432 (  42.41kB)
    Total RW  Size (RW Data + ZI Data)             33344 (  32.56kB)
    Total ROM Size (Code + RO Data + RW Data)      43612 (  42.59kB)

==============================================================================

